episode,total_reward,average_q,safe_rate_100,attempted,executed,steps,epsilon,training_loss
1,-132.7921886470,0.2392784357,0.0000000000,51,51,71,0.9992971000,nan
2,-436.5690938311,0.2392784357,0.0000000000,66,66,93,0.9983764000,nan
3,-112.5790643487,0.2392784357,0.0000000000,104,104,124,0.9971488000,nan
4,-74.4486894426,0.2392784357,0.0000000000,67,67,86,0.9962974000,nan
5,-141.5601234917,0.2392784357,0.0000000000,104,104,139,0.9949213000,nan
6,-168.3720597169,0.2392784357,0.0000000000,82,82,113,0.9938026000,nan
7,-170.3534479429,0.2392784357,0.0000000000,69,69,88,0.9929314000,nan
8,-264.7088248962,0.2392784357,0.0000000000,43,43,63,0.9923077000,nan
9,-262.5808424438,0.2392784357,0.0000000000,88,88,114,0.9911791000,nan
10,-256.1552765218,-0.0141062587,0.0000000000,94,94,126,0.9899317000,2.120335
11,-57.5721328697,-0.3430136442,0.0909090909,51,51,65,0.9892882000,2.219106
12,-174.4131839571,-0.0773221031,0.0833333333,67,67,86,0.9884368000,1.914462
13,-304.3679104689,0.0984421968,0.0769230769,68,68,92,0.9875260000,2.113536
14,-285.8178739311,0.3991754651,0.0714285714,74,74,102,0.9865162000,1.577444
15,-245.4514514552,0.4771430790,0.0666666667,86,86,122,0.9853084000,1.506126
16,-108.6380806921,0.6590551138,0.0625000000,65,65,84,0.9844768000,1.834367
17,-214.1488435305,0.5872335434,0.0588235294,86,86,104,0.9834472000,1.396790
18,-182.9897539343,0.7199113369,0.0555555556,62,62,85,0.9826057000,1.323052
19,-78.7307727035,0.5638804436,0.1052631579,81,81,104,0.9815761000,1.397083
20,-76.4957788882,0.8829499483,0.1000000000,57,57,74,0.9808435000,1.512228
21,-187.8189628083,0.8763673306,0.0952380952,51,51,71,0.9801406000,1.510924
22,-378.9762845649,1.1735295057,0.0909090909,80,80,104,0.9791110000,1.423495
23,-350.9313931281,0.9021624327,0.0869565217,69,69,87,0.9782497000,1.305524
24,-26.1249206260,1.2793486118,0.0833333333,75,75,97,0.9772894000,1.054310
25,-79.3473931666,1.1241852045,0.0800000000,76,76,99,0.9763093000,1.407919
26,-174.0495303702,1.4288303852,0.0769230769,50,50,61,0.9757054000,1.117375
27,-95.2553075526,1.5481160879,0.0740740741,58,58,83,0.9748837000,1.390071
28,-173.9500400193,1.3553982973,0.0714285714,92,92,120,0.9736957000,1.169645
29,-102.6186730354,1.5459765196,0.0689655172,47,47,67,0.9730324000,0.972897
30,-240.4520928044,1.5722998381,0.0666666667,67,67,87,0.9721711000,1.196482
31,-164.4777383179,1.6203426123,0.0645161290,118,118,146,0.9707257000,1.193377
32,-89.8614179944,1.8092935085,0.0625000000,52,52,74,0.9699931000,1.233512
33,-200.8850441958,2.0535008907,0.0606060606,84,84,113,0.9688744000,1.086943
34,-20.8615675691,2.0613224506,0.0588235294,98,98,134,0.9675478000,1.227838
35,-251.5495126681,2.2220714092,0.0571428571,86,86,110,0.9664588000,1.165912
36,-335.8312123822,2.3502826691,0.0555555556,84,84,106,0.9654094000,1.134788
37,-106.6003429007,2.6671195030,0.0540540541,64,64,74,0.9646768000,1.179391
38,-112.4720953040,2.8625535965,0.0526315789,59,59,71,0.9639739000,1.299894
39,-88.7644489178,2.6750962734,0.0512820513,65,65,89,0.9630928000,1.139534
40,-161.5842808128,2.5714449883,0.0500000000,88,88,113,0.9619741000,1.121565
41,-195.9844236321,2.5302238464,0.0487804878,88,88,120,0.9607861000,1.115067
42,-187.7570128911,3.4587597847,0.0476190476,51,51,71,0.9600832000,1.260285
43,-166.0493440904,3.4414725304,0.0465116279,98,98,127,0.9588259000,1.306968
44,-137.5709773908,3.4370291233,0.0454545455,98,98,126,0.9575785000,1.069580
45,-80.0716648148,3.3662405014,0.0444444444,48,48,62,0.9569647000,1.175972
46,-168.1927124971,3.2698757648,0.0434782609,93,93,110,0.9558757000,1.162469
47,-114.5499942329,4.2301607132,0.0425531915,86,86,107,0.9548164000,1.319227
48,-217.0839616389,4.1662569046,0.0416666667,73,73,94,0.9538858000,1.136204
49,-34.1518596321,4.2081465721,0.0408163265,91,91,119,0.9527077000,1.359850
50,-233.1927369628,4.2356014252,0.0400000000,56,56,70,0.9520147000,1.247217
51,28.8655471766,3.8449249268,0.0392156863,94,94,130,0.9507277000,1.252429
52,-271.3247604277,5.0246038437,0.0384615385,83,83,111,0.9496288000,1.514646
53,-162.5629769393,4.9684839249,0.0377358491,97,97,132,0.9483220000,1.252136
54,-84.3898961022,4.7371149063,0.0370370370,52,52,65,0.9476785000,1.245617
55,-196.1858263838,4.8752517700,0.0363636364,65,65,88,0.9468073000,1.228242
56,-341.3336073578,4.9322242737,0.0357142857,85,85,114,0.9456787000,1.161186
57,-164.4879109603,5.9303417206,0.0350877193,47,47,64,0.9450451000,1.687367
58,-116.9003846453,5.6059737206,0.0344827586,95,95,133,0.9437284000,1.253310
59,-79.3038498986,5.7450346947,0.0338983051,40,40,58,0.9431542000,1.391669
60,-126.0671917859,5.9475975037,0.0333333333,77,77,99,0.9421741000,1.305260
61,-299.6004706968,5.9616322517,0.0327868852,53,53,71,0.9414712000,1.438606
62,-133.6198769482,5.7579808235,0.0322580645,56,56,76,0.9407188000,1.329350
63,-186.1988809664,6.7956285477,0.0317460317,82,82,113,0.9396001000,1.323877
64,-130.1729212564,6.7997112274,0.0312500000,101,101,128,0.9383329000,1.441404
65,-423.2346117252,7.0694499016,0.0307692308,76,76,108,0.9372637000,1.366945
66,-91.1833997130,6.6494321823,0.0303030303,59,59,81,0.9364618000,1.127322
67,-105.6348796325,8.8097381592,0.0298507463,69,69,92,0.9355510000,1.242958
68,-95.7807553270,8.1311826706,0.0294117647,87,87,109,0.9344719000,1.609852
69,-106.2097402121,8.1886224747,0.0289855072,65,65,93,0.9335512000,1.446459
70,-122.5729754039,8.1590795517,0.0285714286,74,74,101,0.9325513000,1.382510
71,-93.3597842064,8.0233707428,0.0281690141,107,107,138,0.9311851000,1.441290
72,-127.5190925599,9.8323717117,0.0277777778,77,77,103,0.9301654000,1.613293
73,-127.5611964776,9.6633653641,0.0273972603,45,45,72,0.9294526000,1.455809
74,-81.8098681751,9.6032209396,0.0270270270,61,61,78,0.9286804000,1.429500
75,-47.1048394501,9.6764163971,0.0266666667,61,61,80,0.9278884000,1.476662
76,-118.2651774361,9.3565330505,0.0263157895,77,77,90,0.9269974000,1.550372
77,-107.4863033514,9.3502826691,0.0259740260,64,64,83,0.9261757000,1.701725
78,-136.6701726524,10.4928054810,0.0256410256,68,68,92,0.9252649000,1.688008
79,-37.1515925473,10.5381240845,0.0253164557,57,57,74,0.9245323000,1.706836
80,-96.7547026782,10.6589183807,0.0250000000,68,68,87,0.9236710000,1.462011
81,-79.5994267793,10.8078327179,0.0246913580,55,55,68,0.9229978000,1.640296
82,-116.1389015535,10.5866699219,0.0243902439,111,111,136,0.9216514000,1.422630
83,-126.8965152380,12.0307312012,0.0240963855,81,81,96,0.9207010000,1.646084
84,-227.5508870726,11.8323001862,0.0238095238,59,59,73,0.9199783000,1.706392
85,-112.4204744789,11.6130294800,0.0235294118,69,69,89,0.9190972000,1.448884
86,-131.6973680159,11.8214340210,0.0232558140,70,70,93,0.9181765000,1.679928
87,-289.4347118660,11.7887592316,0.0229885057,81,81,98,0.9172063000,1.430375
88,-223.7215201847,11.4989576340,0.0227272727,48,48,65,0.9165628000,1.395078
89,-94.2229540662,12.1810569763,0.0224719101,55,55,75,0.9158203000,1.606973
90,-149.3573614814,12.7194356918,0.0222222222,52,52,72,0.9151075000,1.489153
91,-202.7080473096,12.5439300537,0.0219780220,75,75,103,0.9140878000,1.410939
92,-213.8090812776,12.7668647766,0.0217391304,75,75,84,0.9132562000,1.626074
93,-228.8259922795,12.5184726715,0.0215053763,99,99,129,0.9119791000,1.504622
94,-74.4430503386,14.7323369980,0.0212765957,83,83,117,0.9108208000,1.445100
95,-98.0486780976,13.7556953430,0.0210526316,94,94,114,0.9096922000,1.537599
96,-266.1011688832,13.3738441467,0.0208333333,103,103,135,0.9083557000,1.551501
97,-53.5871939279,13.8234157562,0.0309278351,93,93,119,0.9071776000,1.438574
98,-74.4937169624,13.6075763702,0.0306122449,57,57,77,0.9064153000,1.508911
99,-75.2812275214,14.5299491882,0.0303030303,61,61,73,0.9056926000,1.825171
100,-152.6571436966,14.8169527054,0.0300000000,90,90,114,0.9045640000,1.534334
101,-70.1313068727,15.1912975311,0.0300000000,50,50,67,0.9039007000,1.581905
102,-67.1189609421,15.1355781555,0.0300000000,92,92,111,0.9028018000,1.797954
103,-157.1863899991,14.9119157791,0.0300000000,85,85,104,0.9017722000,1.535515
104,-43.6205205335,14.5629892349,0.0300000000,52,52,69,0.9010891000,1.657230
105,-194.5191207054,15.3712024689,0.0300000000,91,91,115,0.8999506000,1.561399
106,-176.3198806237,15.7972326279,0.0300000000,98,98,118,0.8987824000,1.472515
107,-103.4371454595,15.4910888672,0.0300000000,51,51,61,0.8981785000,1.533862
108,-57.7276061790,15.3866004944,0.0300000000,87,87,100,0.8971885000,1.625300
109,-308.2056243990,15.7537298203,0.0300000000,92,92,115,0.8960500000,1.445679
110,-324.3566968576,16.6102828979,0.0300000000,79,79,96,0.8950996000,1.843895
111,24.9168609433,16.9378929138,0.0200000000,56,56,72,0.8943868000,1.461619
112,-72.4869306360,16.9698448181,0.0200000000,83,83,112,0.8932780000,1.531529
113,13.3582965351,16.6468296051,0.0200000000,77,77,99,0.8922979000,1.557509
114,-66.0125702357,17.8349666595,0.0200000000,130,130,156,0.8907535000,1.766659
115,-404.9837126411,17.8927116394,0.0200000000,96,96,115,0.8896150000,1.536547
116,-52.1130703339,18.2477741241,0.0300000000,93,93,127,0.8883577000,1.633969
117,-81.1960950875,17.7750377655,0.0300000000,82,82,102,0.8873479000,1.653379
118,-37.3110298973,17.7232131958,0.0300000000,55,55,71,0.8866450000,1.771166
119,-137.3146155134,18.5302104950,0.0200000000,66,66,85,0.8858035000,1.614253
120,-126.7656811686,18.6919784546,0.0200000000,78,78,106,0.8847541000,1.401425
121,-46.2571339683,18.4855880737,0.0200000000,56,56,65,0.8841106000,1.445665
122,-27.0244944797,18.1637191772,0.0200000000,108,108,140,0.8827246000,1.784458
123,-90.1630578876,18.5338363647,0.0200000000,52,52,69,0.8820415000,1.558937
124,-92.7190830545,18.7412300110,0.0200000000,51,51,67,0.8813782000,1.737782
125,-86.1822180453,19.5616130829,0.0200000000,81,81,95,0.8804377000,1.734063
126,-99.0187504171,19.4600334167,0.0200000000,95,95,129,0.8791606000,1.630488
127,-69.6918657746,19.7302131653,0.0200000000,121,121,142,0.8777548000,1.599967
128,-76.9557260370,19.3991203308,0.0200000000,74,74,101,0.8767549000,1.553383
129,-81.7318703989,20.3663387299,0.0200000000,101,101,129,0.8754778000,1.790738
130,-96.6593890814,20.1571121216,0.0300000000,71,71,89,0.8745967000,1.744820
131,-95.8576862219,20.3460922241,0.0300000000,66,66,87,0.8737354000,1.453757
132,-73.0961678940,20.1486663818,0.0300000000,75,75,91,0.8728345000,1.656667
133,-164.3192047524,19.9567070007,0.0300000000,63,63,85,0.8719930000,1.541116
134,-101.5008980725,20.2448959351,0.0300000000,69,69,90,0.8711020000,1.603781
135,-152.8401685162,20.2490081787,0.0300000000,82,82,106,0.8700526000,1.791160
136,-113.9113263696,20.2496681213,0.0300000000,57,57,72,0.8693398000,1.600377
137,-226.5851119963,20.5323295593,0.0300000000,82,82,106,0.8682904000,1.199955
138,-164.7201154326,20.2889728546,0.0300000000,94,94,130,0.8670034000,1.681583
139,-75.9053781355,21.1205368042,0.0300000000,59,59,73,0.8662807000,1.615417
140,-56.9767737806,20.9957580566,0.0300000000,92,92,121,0.8650828000,1.542354
141,-86.8546905898,20.8825492859,0.0300000000,62,62,82,0.8642710000,1.500009
142,-165.5110185583,20.8003425598,0.0300000000,108,108,140,0.8628850000,1.421913
143,-113.1271199450,21.1067829132,0.0300000000,68,68,89,0.8620039000,1.668391
144,-99.9721644900,21.3111038208,0.0300000000,58,58,72,0.8612911000,1.823670
145,-73.0698096620,22.0013484955,0.0300000000,94,94,116,0.8601427000,1.417464
146,-75.8350848941,21.8679866791,0.0300000000,67,67,98,0.8591725000,1.449709
147,-313.5900097247,22.1209697723,0.0300000000,64,64,79,0.8583904000,1.605624
148,-64.7974441935,21.9079627991,0.0300000000,87,87,120,0.8572024000,2.028254
149,-96.1666218306,21.7224445343,0.0300000000,49,49,70,0.8565094000,1.528067
150,-62.3631177392,22.4197502136,0.0300000000,59,59,68,0.8558362000,1.169085
151,-95.4787937170,22.2589378357,0.0300000000,71,71,89,0.8549551000,1.404538
152,-24.2558733043,22.3542976379,0.0300000000,66,66,87,0.8540938000,1.536002
153,-12.3975104497,22.4920654297,0.0300000000,106,106,139,0.8527177000,1.558118
154,-175.1320790480,22.3292083740,0.0300000000,67,67,87,0.8518564000,1.534283
155,50.7186232506,23.2256050110,0.0300000000,68,68,83,0.8510347000,1.629656
156,-264.9780688545,22.9228916168,0.0300000000,75,75,93,0.8501140000,1.780934
157,-55.4034290042,23.0108242035,0.0300000000,58,58,70,0.8494210000,1.368846
158,-42.4026068009,22.4261817932,0.0300000000,47,47,65,0.8487775000,1.524035
159,-78.3152937810,23.0126132965,0.0300000000,57,57,72,0.8480647000,1.214622
160,-63.1823033895,22.2352466583,0.0300000000,50,50,64,0.8474311000,1.381111
161,-76.9965261430,22.7637271881,0.0300000000,57,57,77,0.8466688000,1.485037
162,-98.1079901611,22.6702785492,0.0300000000,78,78,101,0.8456689000,1.707239
163,-111.2994688138,23.0333824158,0.0300000000,65,65,82,0.8448571000,1.611874
164,-99.0480556357,22.7046089172,0.0300000000,52,52,65,0.8442136000,1.507015
165,-117.0327356094,22.9430999756,0.0300000000,59,59,81,0.8434117000,1.931908
166,-85.4240849927,22.8412094116,0.0300000000,84,84,115,0.8422732000,1.333633
167,-84.3145677146,23.3930759430,0.0400000000,81,81,106,0.8412238000,1.840733
168,-171.7218419735,23.7390480042,0.0400000000,55,55,71,0.8405209000,1.533223
169,-80.4080817389,23.2790031433,0.0400000000,94,94,124,0.8392933000,1.667692
170,-80.0329504202,23.2271881104,0.0400000000,80,80,97,0.8383330000,1.626951
171,-127.4926742217,22.7997589111,0.0400000000,85,85,106,0.8372836000,1.520922
172,-91.7302201229,22.9932746887,0.0400000000,55,55,68,0.8366104000,1.379708
173,-94.0856033177,23.1725559235,0.0400000000,53,53,65,0.8359669000,1.793131
174,-87.9286349940,22.9439430237,0.0400000000,59,59,81,0.8351650000,1.329110
175,-103.0286365045,22.7255992889,0.0400000000,85,85,105,0.8341255000,2.096388
176,-60.1710073700,23.4464340210,0.0400000000,92,92,112,0.8330167000,1.330064
177,-101.9375034163,23.1757698059,0.0400000000,72,72,95,0.8320762000,1.361179
178,-114.3362214123,23.1737499237,0.0400000000,48,48,70,0.8313832000,1.915216
179,-38.7356255265,23.6196308136,0.0400000000,99,99,124,0.8301556000,1.448774
180,-220.5095215656,23.6207790375,0.0400000000,85,85,104,0.8291260000,1.347604
181,-100.5026208862,22.9118099213,0.0400000000,59,59,78,0.8283538000,1.630677
182,-240.5730757338,23.6579074860,0.0400000000,85,85,108,0.8272846000,1.944989
183,-59.3807212192,23.4865760803,0.0400000000,86,86,115,0.8261461000,1.889959
184,-83.0062303854,23.2050056458,0.0400000000,68,68,80,0.8253541000,1.609631
185,-67.4391836490,23.2184219360,0.0400000000,69,69,88,0.8244829000,1.627768
186,-68.5994749595,23.2569274902,0.0400000000,85,85,113,0.8233642000,1.229601
187,-341.2965496037,23.1627235413,0.0400000000,79,79,99,0.8223841000,1.588216
188,-57.4075152964,23.9363784790,0.0400000000,79,79,104,0.8213545000,1.921886
189,-118.8597650372,23.3245773315,0.0400000000,112,112,132,0.8200477000,1.794255
190,-86.3277859364,23.2513465881,0.0400000000,60,60,73,0.8193250000,1.838684
191,-139.6258667010,23.1074104309,0.0400000000,66,66,85,0.8184835000,1.642867
192,-136.2822440366,23.3101959229,0.0400000000,98,98,117,0.8173252000,1.587177
193,-77.8824099641,23.4971847534,0.0400000000,63,63,77,0.8165629000,1.877965
194,-109.5802557690,23.4983024597,0.0400000000,110,110,134,0.8152363000,1.514314
195,-82.7423647873,23.3479003906,0.0400000000,84,84,112,0.8141275000,1.677510
196,-68.8843124771,23.5189552307,0.0400000000,53,53,70,0.8134345000,1.638373
197,-87.7992532741,23.5659866333,0.0300000000,68,68,88,0.8125633000,1.703030
198,-55.5566793191,22.4326667786,0.0300000000,92,92,108,0.8114941000,1.688982
199,-90.5934738579,23.2644309998,0.0300000000,57,57,71,0.8107912000,1.817013
200,-128.5396817075,22.8463115692,0.0300000000,104,104,131,0.8094943000,1.963644
201,-74.9845857887,22.7479438782,0.0300000000,88,88,120,0.8083063000,1.608513
202,-88.6132872403,22.6606388092,0.0300000000,66,66,89,0.8074252000,1.615185
203,-89.7321819374,22.3994560242,0.0300000000,63,63,79,0.8066431000,1.945853
204,-94.1274876508,22.6766433716,0.0300000000,69,69,87,0.8057818000,1.464193
205,-97.3258033539,22.8983078003,0.0300000000,100,100,121,0.8045839000,1.530377
206,-40.2249186729,22.4350452423,0.0300000000,55,55,65,0.8039404000,1.459274
207,-96.7904578853,22.5805759430,0.0300000000,75,75,97,0.8029801000,1.827271
208,-114.2368712400,22.9839439392,0.0300000000,65,65,78,0.8022079000,1.905567
209,-62.9584290408,22.5270957947,0.0300000000,48,48,66,0.8015545000,1.530909
210,-108.0970421990,22.4656600952,0.0300000000,91,91,113,0.8004358000,1.350212
211,-54.2810385378,22.2337150574,0.0300000000,77,77,95,0.7994953000,1.466489
212,-59.1890148510,22.4873847961,0.0300000000,59,59,68,0.7988221000,1.937802
213,-93.7787144889,22.2427539825,0.0300000000,73,73,102,0.7978123000,1.360372
214,-123.4403534650,22.0546245575,0.0300000000,68,68,89,0.7969312000,1.419657
215,-60.2986517433,22.2376441956,0.0300000000,56,56,70,0.7962382000,2.418931
216,-55.2428741625,21.6283111572,0.0200000000,66,66,85,0.7953967000,1.573498
217,-88.8509869753,22.3565368652,0.0200000000,82,82,104,0.7943671000,1.711153
218,-85.4574844758,22.4354248047,0.0200000000,70,70,92,0.7934563000,1.418986
219,-102.7894314805,21.7828483582,0.0200000000,69,69,87,0.7925950000,1.606614
220,-76.4257502302,21.8909435272,0.0200000000,71,71,90,0.7917040000,1.648639
221,-130.5125042073,22.2216567993,0.0200000000,66,66,84,0.7908724000,1.918015
222,-38.4965917992,22.5473537445,0.0200000000,50,50,68,0.7901992000,1.825389
223,-92.9793840431,22.2715606689,0.0200000000,51,51,61,0.7895953000,1.463219
224,-85.4699082276,21.9931411743,0.0200000000,92,92,111,0.7884964000,1.358225
225,-87.4319867201,22.3051452637,0.0200000000,92,92,114,0.7873678000,1.574465
226,-98.9899311878,21.6380844116,0.0200000000,48,48,64,0.7867342000,1.453475
227,-74.0640071193,21.5991458893,0.0200000000,54,54,74,0.7860016000,1.560851
228,-76.5463134914,21.3599433899,0.0200000000,103,103,128,0.7847344000,1.942909
229,-90.2788449581,20.9727439880,0.0200000000,79,79,99,0.7837543000,1.477824
230,-173.4574085236,21.7481040955,0.0100000000,83,83,107,0.7826950000,1.569286
231,-82.1976744435,21.1096096039,0.0100000000,51,51,66,0.7820416000,1.548526
232,-49.4979651499,21.2103672028,0.0100000000,66,66,79,0.7812595000,1.632938
233,-41.1460102650,21.2981643677,0.0100000000,66,66,84,0.7804279000,1.885037
234,-71.6484490356,21.1456222534,0.0100000000,64,64,82,0.7796161000,1.572154
235,-118.9871802498,21.1169338226,0.0100000000,65,65,87,0.7787548000,1.676862
236,-123.4550818380,21.0630187988,0.0100000000,69,69,84,0.7779232000,1.493541
237,-90.3774108155,20.5620079041,0.0100000000,66,66,79,0.7771411000,1.538128
238,-79.1885735845,20.9014396667,0.0100000000,76,76,99,0.7761610000,1.840692
239,-192.6842251189,20.3974571228,0.0100000000,111,111,136,0.7748146000,1.693084
240,-75.4674759717,20.0576229095,0.0100000000,90,90,108,0.7737454000,1.715704
241,6.8917473734,20.4051036835,0.0100000000,59,59,71,0.7730425000,1.643630
242,-115.8815853778,19.3376140594,0.0100000000,80,80,97,0.7720822000,1.745693
243,-90.3076983063,19.8919601440,0.0100000000,77,77,98,0.7711120000,1.586654
244,-97.3875255947,19.9885025024,0.0100000000,89,89,106,0.7700626000,1.742659
245,-48.0189630407,19.7674064636,0.0200000000,56,56,70,0.7693696000,2.027872
246,-108.1002558913,19.4632892609,0.0200000000,61,61,80,0.7685776000,1.780995
247,-79.1922639051,19.5648345947,0.0200000000,52,52,61,0.7679737000,1.770342
248,-47.4060467439,19.5880584717,0.0200000000,76,76,101,0.7669738000,1.832935
249,-92.9450796268,19.2793769836,0.0200000000,69,69,88,0.7661026000,1.691975
250,-101.2417581696,18.8004817963,0.0200000000,80,80,102,0.7650928000,1.646006
251,-56.0453123136,20.0331039429,0.0200000000,63,63,80,0.7643008000,2.199724
252,-140.0623571253,18.6555557251,0.0200000000,70,70,86,0.7634494000,1.938795
253,-88.2355928848,19.4098815918,0.0200000000,47,47,56,0.7628950000,1.424933
254,-80.4049570185,17.9063968658,0.0200000000,96,96,120,0.7617070000,2.191430
255,-8.6857138995,17.6623001099,0.0200000000,113,113,135,0.7603705000,1.628138
256,-16.7145938205,17.9994735718,0.0300000000,97,97,125,0.7591330000,1.810280
257,-122.3568540423,18.3047714233,0.0300000000,83,83,111,0.7580341000,1.982012
258,-128.9029976958,17.0403594971,0.0300000000,68,68,83,0.7572124000,1.611440
259,-30.3117696105,17.0909156799,0.0300000000,77,77,101,0.7562125000,1.914634
260,-107.1366737817,17.5294589996,0.0300000000,73,73,93,0.7552918000,1.842728
261,-45.1704870192,16.6620674133,0.0400000000,56,56,72,0.7545790000,1.218604
262,-47.4082725757,16.7232017517,0.0400000000,77,77,97,0.7536187000,1.739137
263,-32.6553854760,16.8012199402,0.0400000000,59,59,71,0.7529158000,1.948145
264,-195.1830684775,16.1947422028,0.0400000000,91,91,109,0.7518367000,1.685366
265,-62.5609185545,15.7639026642,0.0400000000,110,110,131,0.7505398000,1.996075
266,-58.3611295663,16.4410953522,0.0400000000,110,110,129,0.7492627000,2.084319
267,-201.8800090134,15.9472541809,0.0300000000,84,84,103,0.7482430000,1.955176
268,-16.9711190784,15.9424457550,0.0400000000,56,56,70,0.7475500000,1.549837
269,-100.9989722799,15.6056690216,0.0400000000,64,64,84,0.7467184000,1.876105
270,-186.4587441143,15.0060482025,0.0400000000,110,110,145,0.7452829000,1.695637
271,-76.3863708728,15.8154735565,0.0400000000,70,70,96,0.7443325000,1.910067
272,-64.0615509422,15.5478382111,0.0400000000,80,80,94,0.7434019000,1.909203
273,-75.0040787804,14.6649417877,0.0400000000,90,90,114,0.7422733000,1.925705
274,-126.8857883057,15.3640823364,0.0400000000,82,82,100,0.7412833000,2.129779
275,-67.9614653349,15.2218294144,0.0400000000,63,63,78,0.7405111000,1.629749
276,-62.3010681544,15.0922889709,0.0400000000,72,72,85,0.7396696000,1.814668
277,-84.0203496483,15.0382966995,0.0400000000,82,82,102,0.7386598000,1.587045
278,-108.5344459116,14.8462152481,0.0400000000,62,62,74,0.7379272000,2.117667
279,-35.3893364332,13.7063179016,0.0400000000,100,100,122,0.7367194000,1.931841
280,-60.9765532840,14.1634807587,0.0400000000,54,54,66,0.7360660000,1.745285
281,-78.8044097678,14.3933982849,0.0400000000,73,73,92,0.7351552000,1.854308
282,-80.8003770173,13.9889526367,0.0400000000,79,79,98,0.7341850000,1.829802
283,-79.4806373152,14.2519512177,0.0400000000,92,92,109,0.7331059000,2.006370
284,-43.6645813128,13.0309886932,0.0400000000,102,102,128,0.7318387000,1.859217
285,-80.8360692413,14.1011428833,0.0400000000,68,68,84,0.7310071000,1.822400
286,-111.4676794363,13.5003786087,0.0400000000,73,73,93,0.7300864000,2.224558
287,-58.5626439295,13.7315683365,0.0400000000,115,115,139,0.7287103000,1.798636
288,-64.2736955235,13.7793579102,0.0400000000,53,53,72,0.7279975000,1.425495
289,-72.9310759171,12.5756587982,0.0400000000,66,66,82,0.7271857000,1.561913
290,-58.1612590945,12.0145874023,0.0400000000,80,80,99,0.7262056000,2.114531
291,-73.4285935398,12.4648857117,0.0400000000,103,103,122,0.7249978000,1.829760
292,-74.0966484416,11.9802665710,0.0400000000,70,70,84,0.7241662000,1.571418
293,-76.6645024496,12.4460544586,0.0400000000,83,83,101,0.7231663000,1.897919
294,-92.5230728700,11.1312246323,0.0400000000,74,74,101,0.7221664000,1.707758
295,-142.4098843400,11.8474121094,0.0400000000,75,75,98,0.7211962000,1.615216
296,-60.5839274052,11.0220775604,0.0400000000,85,85,113,0.7200775000,2.167725
297,-71.4040523943,11.9835109711,0.0400000000,69,69,82,0.7192657000,1.847643
298,-109.2406384375,11.5098953247,0.0400000000,69,69,85,0.7184242000,1.830173
299,-64.1355236266,10.8030700684,0.0400000000,77,77,87,0.7175629000,1.904852
300,-56.6577634222,11.0721979141,0.0400000000,88,88,113,0.7164442000,1.869629
301,-171.0663443773,10.7262554169,0.0400000000,85,85,100,0.7154542000,1.664337
302,-112.9870962695,10.7935695648,0.0400000000,54,54,66,0.7148008000,2.081488
303,-13.6492520242,10.1165313721,0.0400000000,102,102,125,0.7135633000,2.099709
304,-45.8233421579,10.9172143936,0.0400000000,47,47,66,0.7129099000,2.100694
305,-57.8431515653,9.9120054245,0.0400000000,106,106,122,0.7117021000,2.326991
306,-87.3938880416,10.6895189285,0.0400000000,82,82,97,0.7107418000,2.321657
307,-5.0416313764,10.1932506561,0.0400000000,115,115,136,0.7093954000,2.053267
308,-106.2741615709,10.1773109436,0.0400000000,73,73,90,0.7085044000,2.246442
309,-44.6518543658,9.3316879272,0.0500000000,65,65,79,0.7077223000,2.178892
310,-146.2540585473,9.6380710602,0.0500000000,62,62,73,0.7069996000,2.014849
311,-62.5713462676,9.7055149078,0.0500000000,89,89,120,0.7058116000,2.219280
312,-16.6473794842,9.7388219833,0.0500000000,57,57,67,0.7051483000,1.895181
313,-72.2910284278,9.5565376282,0.0500000000,119,119,138,0.7037821000,2.014676
314,-53.8257823148,8.8492326736,0.0500000000,54,54,75,0.7030396000,1.774247
315,-53.4696665039,9.0773658752,0.0600000000,82,82,105,0.7020001000,2.369001
316,-49.4923176755,9.1912555695,0.0600000000,108,108,134,0.7006735000,2.077648
317,-59.3259861481,9.0748310089,0.0600000000,63,63,79,0.6998914000,1.643977
318,-130.8370160332,9.6607589722,0.0600000000,74,74,94,0.6989608000,1.792806
319,-88.7537555828,9.7401008606,0.0600000000,65,65,79,0.6981787000,2.115097
320,-95.4694702184,8.3599901199,0.0600000000,72,72,87,0.6973174000,2.214764
321,-118.4243935900,8.1405982971,0.0600000000,86,86,100,0.6963274000,1.821083
322,-86.4329606514,7.9736680984,0.0600000000,73,73,91,0.6954265000,2.149022
323,-61.4255393238,8.5811166763,0.0600000000,75,75,97,0.6944662000,2.064251
324,-6.1294700992,8.7190952301,0.0600000000,111,111,136,0.6931198000,2.000525
325,-105.0586821525,7.9967694283,0.0600000000,51,51,73,0.6923971000,1.858976
326,-61.2454654020,8.0738039017,0.0600000000,55,55,73,0.6916744000,2.083863
327,-80.2020091355,8.7946844101,0.0600000000,67,67,80,0.6908824000,2.067063
328,-13.0464617177,8.7201366425,0.0600000000,89,89,109,0.6898033000,2.133909
329,-19.7932216008,8.5230932236,0.0600000000,67,67,84,0.6889717000,1.900431
330,-39.2885335851,7.4035148621,0.0700000000,91,91,113,0.6878530000,1.811281
331,-70.0673510548,7.4637274742,0.0700000000,62,62,79,0.6870709000,1.612279
332,-23.4411998280,7.2476210594,0.0700000000,97,97,127,0.6858136000,2.061373
333,-49.8571072715,6.8559293747,0.0700000000,82,82,100,0.6848236000,2.448787
334,-9.8222832924,7.6259059906,0.0800000000,83,83,105,0.6837841000,2.120857
335,-57.1475134969,7.6880264282,0.0800000000,88,88,111,0.6826852000,1.868202
336,-50.6258609068,6.9264497757,0.0800000000,65,65,75,0.6819427000,1.942321
337,-46.2776352405,7.1253957748,0.0800000000,76,76,91,0.6810418000,1.983668
338,-68.9761349345,7.2668275833,0.0800000000,57,57,71,0.6803389000,2.177882
339,-60.6852613088,6.8285369873,0.0800000000,110,110,139,0.6789628000,1.939929
340,-75.1365548833,7.0672473907,0.0800000000,84,84,99,0.6779827000,2.198638
341,-65.9967736773,7.3213706017,0.0800000000,100,100,120,0.6767947000,1.961078
342,-107.6462761650,6.5721817017,0.0800000000,79,79,103,0.6757750000,2.374653
343,-26.8407410472,6.9457063675,0.0800000000,63,63,74,0.6750424000,1.851807
344,-121.8265237060,6.9908123016,0.0800000000,99,99,113,0.6739237000,1.835206
345,-63.0879587382,5.9651556015,0.0700000000,71,71,84,0.6730921000,2.068032
346,-59.8742450013,6.6602678299,0.0700000000,88,88,109,0.6720130000,2.356334
347,-39.3468274263,7.0629367828,0.0700000000,69,69,84,0.6711814000,2.428952
348,-66.5681483618,6.3732070923,0.0700000000,60,60,74,0.6704488000,2.440426
349,-62.1711718975,6.4605250359,0.0700000000,49,49,63,0.6698251000,2.015766
350,-36.5976883758,6.7184286118,0.0700000000,84,84,108,0.6687559000,2.320975
351,-117.7347285236,6.8272790909,0.0700000000,59,59,72,0.6680431000,2.276506
352,-4.2655765428,6.2677092552,0.0800000000,80,80,105,0.6670036000,2.214620
353,-95.2981325450,6.9908199310,0.0800000000,66,66,89,0.6661225000,1.993103
354,-25.0131277386,6.9497604370,0.0800000000,100,100,115,0.6649840000,2.191291
355,13.2541946530,6.5635824203,0.0800000000,81,81,97,0.6640237000,1.943993
356,-61.1127372345,6.2329549789,0.0700000000,55,55,64,0.6633901000,2.580250
357,-54.0842679711,6.9075517654,0.0700000000,96,96,124,0.6621625000,2.086806
358,-5.3178065600,6.3926463127,0.0800000000,71,71,89,0.6612814000,1.856523
359,-79.9822767669,6.0812587738,0.0800000000,72,72,86,0.6604300000,2.185174
360,-28.2733063240,6.4644737244,0.0800000000,86,86,103,0.6594103000,2.004092
361,-9.1641859459,6.6618390083,0.0700000000,69,69,84,0.6585787000,2.342319
362,-56.3618496358,6.2053127289,0.0700000000,78,78,100,0.6575887000,2.195731
363,-53.9723559020,5.5043430328,0.0700000000,88,88,113,0.6564700000,1.743275
364,-51.8660940967,5.1030068398,0.0700000000,68,68,78,0.6556978000,1.681448
365,-48.7871526811,5.2610654831,0.0700000000,102,102,132,0.6543910000,2.412744
366,-61.9269639238,4.8786172867,0.0700000000,109,109,124,0.6531634000,2.202618
367,-44.2541844358,5.0215539932,0.0700000000,114,114,133,0.6518467000,2.222927
368,-112.7485145338,5.0508728027,0.0600000000,94,94,111,0.6507478000,2.015333
369,-18.7174164960,5.9175748825,0.0600000000,59,59,74,0.6500152000,2.508833
370,-39.7647223446,5.1045389175,0.0600000000,94,94,113,0.6488965000,2.485069
371,-39.8878230033,5.3125438690,0.0700000000,95,95,106,0.6478471000,1.848503
372,-56.1848851100,4.3978319168,0.0800000000,85,85,112,0.6467383000,2.331068
373,-6.9667727230,4.3879976273,0.0800000000,87,87,102,0.6457285000,2.007565
374,-132.3726645563,5.4071207047,0.0800000000,74,74,87,0.6448672000,1.761904
375,-29.3941594591,5.0223927498,0.0800000000,107,107,129,0.6435901000,2.109115
376,-107.5591003654,4.8979940414,0.0800000000,72,72,88,0.6427189000,2.242170
377,-52.5025425546,5.0173978806,0.0800000000,67,67,81,0.6419170000,2.057042
378,-190.8810089135,4.8714752197,0.0800000000,82,82,101,0.6409171000,2.231789
379,-107.3755815086,4.2561759949,0.0800000000,91,91,118,0.6397489000,2.007592
380,-74.2930373820,4.9210247993,0.0800000000,75,75,97,0.6387886000,2.034870
381,-36.5257153186,4.9385995865,0.0800000000,82,82,109,0.6377095000,2.200733
382,-72.8840168830,4.6332168579,0.0800000000,62,62,72,0.6369967000,1.857883
383,-33.8512047497,5.8030176163,0.0800000000,103,103,132,0.6356899000,2.039110
384,-87.9724521283,4.6323208809,0.0800000000,106,106,128,0.6344227000,2.187184
385,-83.5687826084,5.9540009499,0.0800000000,65,65,80,0.6336307000,2.452026
386,-19.3920247062,4.9778938293,0.0800000000,86,86,113,0.6325120000,2.045042
387,-59.8957075532,5.3687257767,0.0800000000,90,90,119,0.6313339000,2.061913
388,-46.1191186064,5.6253557205,0.0800000000,79,79,94,0.6304033000,1.938592
389,-98.7905004237,4.5791702271,0.0800000000,117,117,141,0.6290074000,1.893088
390,-86.8009293034,6.0827035904,0.0800000000,105,105,127,0.6277501000,2.271907
391,-71.5767898224,4.6368379593,0.0800000000,82,82,105,0.6267106000,2.489404
392,-49.5704982980,5.7571668625,0.0800000000,69,69,78,0.6259384000,2.148888
393,31.2452544396,5.2460355759,0.0800000000,127,127,152,0.6244336000,1.902861
394,-98.6209701478,5.0934443474,0.0800000000,77,77,98,0.6234634000,2.108707
395,-38.5674572066,4.7082586288,0.0800000000,84,84,106,0.6224140000,2.065863
396,-62.6187077207,5.1558499336,0.0800000000,57,57,71,0.6217111000,2.391584
397,-15.8429212321,5.4237852097,0.0800000000,808,808,1000,0.6118111000,2.141872
398,-17.9874204046,4.8972907066,0.0800000000,87,87,101,0.6108112000,2.347038
399,-49.7660654799,4.3875741959,0.0800000000,56,56,79,0.6100291000,2.297859
400,-48.8494285882,6.1017613411,0.0800000000,96,96,111,0.6089302000,2.386700
401,-70.8969562080,5.1129236221,0.0800000000,48,48,59,0.6083461000,2.658266
402,-69.2159192390,6.2169599533,0.0800000000,84,84,114,0.6072175000,2.199284
403,-37.3164931429,5.8881139755,0.0800000000,75,75,82,0.6064057000,2.527638
404,23.0544532091,6.7294354439,0.0800000000,100,100,114,0.6052771000,2.422647
405,-17.2917653196,6.2053575516,0.0800000000,60,60,78,0.6045049000,2.704886
406,-45.1839059134,6.0834574699,0.0800000000,71,71,85,0.6036634000,2.169572
407,-20.3927282825,6.9120903015,0.0800000000,85,85,102,0.6026536000,2.138558
408,-113.9491826341,5.9904580116,0.0800000000,128,128,158,0.6010894000,2.521910
409,-22.1793035608,6.3098258972,0.0700000000,137,137,170,0.5994064000,2.474915
410,-107.5942509830,6.9194631577,0.0700000000,81,81,106,0.5983570000,2.091849
411,-85.4240508171,6.1716532707,0.0700000000,85,85,106,0.5973076000,2.597854
412,-25.8428394544,6.7379198074,0.0700000000,109,109,120,0.5961196000,2.350578
413,-73.8528882725,6.8006691933,0.0700000000,94,94,117,0.5949613000,2.164478
414,-29.2757487942,7.9514846802,0.0700000000,101,101,116,0.5938129000,1.999313
415,-97.2472260095,7.4832086563,0.0600000000,72,72,80,0.5930209000,1.644205
416,-71.1096656262,7.6048746109,0.0600000000,69,69,85,0.5921794000,2.326913
417,-63.4183480194,7.6817903519,0.0600000000,72,72,88,0.5913082000,2.477731
418,-26.2480515913,8.4029674530,0.0600000000,71,71,87,0.5904469000,2.214476
419,-33.6832591296,7.7820243835,0.0600000000,112,112,137,0.5890906000,2.150022
420,-21.1050850381,7.6803035736,0.0600000000,102,102,134,0.5877640000,2.424036
421,-74.4716605032,6.9955105782,0.0600000000,82,82,108,0.5866948000,2.089931
422,-21.1749480959,7.7435884476,0.0600000000,54,54,68,0.5860216000,1.892065
423,22.8715502612,7.8742837906,0.0600000000,100,100,111,0.5849227000,2.008498
424,-41.8450662108,7.9935183525,0.0600000000,55,55,71,0.5842198000,1.752210
425,-91.4172227514,8.3535776138,0.0600000000,694,694,809,0.5762107000,2.094000
426,-102.3247854412,7.9044156075,0.0600000000,65,65,75,0.5754682000,2.195495
427,2.2915461380,9.1447353363,0.0600000000,109,109,137,0.5741119000,2.210074
428,17.0300937092,9.5898704529,0.0600000000,128,128,161,0.5725180000,2.244067
429,-46.3984861201,9.7075595856,0.0600000000,71,71,91,0.5716171000,2.266600
430,-19.6326550019,9.5029420853,0.0600000000,71,71,89,0.5707360000,2.049492
431,-57.2096091015,9.5954761505,0.0600000000,70,70,76,0.5699836000,2.355873
432,13.5539272695,10.4432792664,0.0600000000,140,140,165,0.5683501000,2.148068
433,-54.1411804831,10.4278030396,0.0600000000,66,66,75,0.5676076000,2.616559
434,20.4920044427,9.6184301376,0.0500000000,108,108,138,0.5662414000,2.014212
435,-200.4923738332,9.8248720169,0.0500000000,151,151,176,0.5644990000,2.032708
436,-5.5650209448,10.2106094360,0.0500000000,134,134,160,0.5629150000,2.489259
437,-58.4373932721,10.6771392822,0.0500000000,94,94,121,0.5617171000,2.230405
438,-35.4822353136,10.1794929504,0.0500000000,77,77,95,0.5607766000,1.824069
439,-96.9961819665,10.3982572556,0.0500000000,90,90,109,0.5596975000,1.928563
440,10.5240300780,11.0365762711,0.0500000000,137,137,157,0.5581432000,1.852123
441,-62.3191828289,11.1437053680,0.0500000000,101,101,121,0.5569453000,2.072175
442,-0.9763356261,11.3128662109,0.0500000000,190,190,227,0.5546980000,1.988084
443,-74.7995475300,11.7167758942,0.0500000000,99,99,125,0.5534605000,1.981220
444,-83.1509427892,11.7387628555,0.0500000000,90,90,104,0.5524309000,2.189272
445,-13.2119694704,12.3145542145,0.0500000000,84,84,99,0.5514508000,2.012522
446,-24.2890950050,12.4622993469,0.0500000000,118,118,139,0.5500747000,2.053376
447,1.8437716043,12.5021409988,0.0500000000,91,91,109,0.5489956000,1.963336
448,-79.2709041422,11.4450416565,0.0500000000,96,96,116,0.5478472000,1.996379
449,-4.9744250018,11.7100238800,0.0500000000,76,76,91,0.5469463000,2.264469
450,-28.5845180172,12.5979175568,0.0500000000,859,859,1000,0.5370463000,2.156582
451,11.2543744061,13.4505615234,0.0600000000,88,88,102,0.5360365000,1.936949
452,26.0454232764,12.9397172928,0.0500000000,107,107,126,0.5347891000,2.270718
453,-41.6359635060,13.9381866455,0.0500000000,69,69,79,0.5340070000,1.776997
454,12.3312714206,13.7946376801,0.0500000000,281,281,339,0.5306509000,2.200667
455,-105.5848712997,13.9283914566,0.0500000000,94,94,104,0.5296213000,2.053877
456,-36.7434506873,15.1990451813,0.0500000000,102,102,131,0.5283244000,2.195576
457,11.0405723532,15.2622022629,0.0500000000,105,105,129,0.5270473000,2.373856
458,-22.5900112009,14.6757011414,0.0400000000,92,92,126,0.5257999000,2.325152
459,-20.9468637156,15.0388460159,0.0500000000,96,96,112,0.5246911000,1.994342
460,-45.8131211993,15.4114370346,0.0500000000,93,93,107,0.5236318000,2.165225
461,-23.0886270045,14.2218008041,0.0500000000,96,96,114,0.5225032000,2.237493
462,-26.1584204767,16.2179317474,0.0500000000,66,66,78,0.5217310000,2.724532
463,-50.9661891055,14.6878919601,0.0500000000,82,82,102,0.5207212000,2.362777
464,3.8716245222,16.0001258850,0.0500000000,78,78,102,0.5197114000,2.276784
465,-37.7352458547,15.0732908249,0.0500000000,69,69,77,0.5189491000,2.034264
466,-4.8185277384,15.3337440491,0.0500000000,86,86,98,0.5179789000,2.096598
467,-63.3781387611,15.8659334183,0.0500000000,93,93,114,0.5168503000,2.060322
468,-50.2495360729,15.1647205353,0.0500000000,80,80,91,0.5159494000,2.116940
469,14.5751795152,16.0500450134,0.0600000000,94,94,109,0.5148703000,2.304878
470,-20.1612821452,16.3701553345,0.0600000000,77,77,89,0.5139892000,2.409199
471,-30.0805287883,16.6215553284,0.0500000000,94,94,110,0.5129002000,1.995865
472,13.8931877665,15.9225883484,0.0500000000,77,77,92,0.5119894000,2.055146
473,42.6489454605,15.5119419098,0.0500000000,128,128,171,0.5102965000,2.199956
474,7.1221612845,16.6225852966,0.0500000000,134,134,158,0.5087323000,2.068596
475,3.6020697924,16.4844169617,0.0500000000,104,104,142,0.5073265000,1.974928
476,-3.7596663490,15.3468265533,0.0500000000,83,83,96,0.5063761000,1.978720
477,30.1139976395,15.9509773254,0.0500000000,69,69,81,0.5055742000,1.990688
478,19.8096487015,16.2688522339,0.0600000000,95,95,117,0.5044159000,1.919618
479,-117.1866445204,16.4056873322,0.0600000000,124,124,138,0.5030497000,2.265060
480,15.6178508216,16.7114562988,0.0600000000,101,101,124,0.5018221000,1.941855
481,-25.2784330207,16.7964057922,0.0600000000,64,64,76,0.5010697000,1.898428
482,17.5981989644,17.6296005249,0.0600000000,120,120,150,0.4995847000,2.233117
483,-12.0271260297,17.8764839172,0.0600000000,94,94,110,0.4984957000,2.028969
484,15.6692104340,17.7064437866,0.0600000000,107,107,126,0.4972483000,2.051550
485,-65.9806985879,17.2454338074,0.0600000000,66,66,81,0.4964464000,1.984363
486,-3.2825447720,17.0158767700,0.0600000000,91,91,115,0.4953079000,2.125995
487,-23.2715823822,17.8362483978,0.0600000000,142,142,165,0.4936744000,2.245756
488,-49.4518147098,17.5256652832,0.0600000000,100,100,118,0.4925062000,2.092334
489,-64.8603611885,17.2260646820,0.0600000000,128,128,154,0.4909816000,2.039883
490,-31.0643527223,17.0552177429,0.0600000000,102,102,114,0.4898530000,1.911560
491,-30.3723375676,17.9940757751,0.0600000000,93,93,105,0.4888135000,2.225257
492,7.0666893953,17.7246456146,0.0700000000,98,98,126,0.4875661000,2.066245
493,-43.0830106261,18.1376552582,0.0700000000,93,93,107,0.4865068000,2.078609
494,-9.6154128014,17.8773193359,0.0800000000,102,102,122,0.4852990000,2.219338
495,-21.9856416057,19.6776103973,0.0800000000,118,118,137,0.4839427000,2.030998
496,-13.7035890099,19.9305191040,0.0800000000,91,91,111,0.4828438000,1.974329
497,-37.6497043002,19.8142299652,0.0800000000,102,102,117,0.4816855000,2.269247
498,-37.8291090572,19.7378768921,0.0800000000,99,99,123,0.4804678000,2.110061
499,-65.9186110975,20.7690143585,0.0800000000,119,119,141,0.4790719000,2.077336
500,-8.6207739237,20.2315864563,0.0800000000,107,107,127,0.4778146000,2.227235
501,-48.0576232196,20.5060234070,0.0800000000,63,63,77,0.4770523000,2.487910
502,38.9484914796,20.8577461243,0.0800000000,118,118,144,0.4756267000,2.283982
503,-114.5977369337,22.5149993896,0.0800000000,771,771,891,0.4668058000,2.087320
504,8.2283545084,24.0109443665,0.0800000000,874,874,1000,0.4569058000,2.113234
505,26.3954566989,23.6989822388,0.0800000000,118,118,144,0.4554802000,1.906813
506,-50.3350515046,24.6795940399,0.0800000000,77,77,88,0.4546090000,2.321437
507,-16.4219618584,23.5931663513,0.0800000000,97,97,106,0.4535596000,1.910728
508,10.1305719194,25.7266635895,0.0800000000,898,898,1000,0.4436596000,2.093337
509,38.2613358562,26.8664321899,0.0800000000,111,111,137,0.4423033000,2.256134
510,5.6733151030,26.1754951477,0.0800000000,107,107,120,0.4411153000,2.023076
511,6.0005983786,27.1864719391,0.0800000000,70,70,87,0.4402540000,2.393104
512,-4.3830735198,27.0443725586,0.0800000000,127,127,149,0.4387789000,2.309848
513,44.5107708196,26.6061782837,0.0900000000,114,114,127,0.4375216000,2.415775
514,10.8979151163,29.2344360352,0.0900000000,893,893,1000,0.4276216000,2.156320
515,-162.4198719008,30.7920913696,0.0900000000,636,636,739,0.4203055000,2.239384
516,27.7106953002,30.7202758789,0.1000000000,135,135,159,0.4187314000,2.291326
517,45.3440895925,31.0213928223,0.1000000000,107,107,119,0.4175533000,1.817282
518,-46.6277182976,30.6799964905,0.1000000000,82,82,93,0.4166326000,2.107507
519,20.7992105870,31.4314193726,0.1000000000,131,131,161,0.4150387000,2.255856
520,-32.6707786299,32.8230285645,0.1000000000,861,861,1000,0.4051387000,2.185491
521,2.1995437784,32.3839759827,0.1000000000,84,84,95,0.4041982000,2.171878
522,-16.2173481795,33.0999145508,0.1000000000,871,871,1000,0.3942982000,2.224746
523,-60.5014280088,33.4439468384,0.1000000000,71,71,87,0.3934369000,2.170188
524,27.3960169161,33.3595886230,0.1100000000,118,118,134,0.3921103000,2.384510
525,-39.3791940263,34.4338684082,0.1100000000,143,143,180,0.3903283000,2.069836
526,-59.1542629410,35.4093971252,0.1100000000,853,853,1000,0.3804283000,2.182550
527,20.4922454713,35.4136199951,0.1100000000,145,145,163,0.3788146000,2.301114
528,31.6009291791,36.2330589294,0.1100000000,861,861,1000,0.3689146000,2.178501
529,-81.6060706129,35.9104042053,0.1100000000,209,209,236,0.3665782000,2.134724
530,-0.1442339690,36.1728515625,0.1000000000,104,104,117,0.3654199000,2.115758
531,-49.7932001041,35.8994445801,0.1000000000,867,867,1000,0.3555199000,2.226328
532,-150.0317368705,36.6660156250,0.1000000000,214,214,262,0.3529261000,2.199675
533,-25.3316168915,36.3617401123,0.1000000000,898,898,1000,0.3430261000,2.163188
534,-5.6064792268,37.7635154724,0.1000000000,841,841,1000,0.3331261000,2.231871
535,37.7120011747,37.0637626648,0.1000000000,85,85,97,0.3321658000,2.234358
536,-19.4987849030,37.6493072510,0.1000000000,897,897,1000,0.3222658000,2.229193
537,3.1707258295,37.4563560486,0.1000000000,121,121,132,0.3209590000,1.913514
538,23.7845280364,37.0549812317,0.1000000000,109,109,134,0.3196324000,2.288059
539,52.8586847091,37.4602584839,0.1000000000,104,104,114,0.3185038000,1.970167
540,-10.3113752905,36.9896850586,0.1000000000,891,891,1000,0.3086038000,2.273201
541,46.5454430426,37.2579269409,0.1000000000,116,116,132,0.3072970000,2.167633
542,-99.8861877653,37.5631103516,0.1000000000,145,145,163,0.3056833000,2.014391
543,20.7484152737,36.2004547119,0.1000000000,144,144,169,0.3040102000,2.242050
544,-130.7213121732,36.5436859131,0.1000000000,617,617,657,0.2975059000,2.279354
545,-98.9550390392,36.5567665100,0.1000000000,292,292,322,0.2943181000,2.257443
546,-43.9084375458,36.0267639160,0.1000000000,494,494,536,0.2890117000,2.144823
547,22.9560926164,36.7637290955,0.1000000000,822,822,1000,0.2791117000,2.268904
548,-6.9233377494,36.5672302246,0.1000000000,883,883,1000,0.2692117000,2.244905
549,-10.9227629058,35.9654998779,0.1000000000,869,869,1000,0.2593117000,2.169140
550,45.4319674360,33.7182693481,0.1000000000,868,868,1000,0.2494117000,2.263227
551,-100.4198706433,35.2568893433,0.0900000000,342,342,385,0.2456002000,2.256447
552,-181.5695936526,34.9009399414,0.0900000000,626,626,688,0.2387890000,2.245526
553,-53.4108051751,34.7517814636,0.0900000000,867,867,1000,0.2288890000,2.213559
554,-34.8421685025,34.2900619507,0.0900000000,856,856,1000,0.2189890000,2.225482
555,13.1554348403,35.1885528564,0.0900000000,854,854,1000,0.2090890000,2.117561
556,-1.3068497121,34.0569458008,0.0900000000,836,836,1000,0.1991890000,2.135824
557,-40.9936280182,34.8332595825,0.0900000000,799,799,1000,0.1892890000,2.177932
558,26.2339739166,35.8998641968,0.0900000000,851,851,1000,0.1793890000,2.174556
559,10.2016691010,36.1068267822,0.0800000000,834,834,1000,0.1694890000,2.159282
560,-6.6516399807,36.4519691467,0.0800000000,833,833,1000,0.1595890000,2.060927
561,5.3375730504,38.0403137207,0.0800000000,842,842,1000,0.1496890000,2.053427
562,-31.4308504381,38.8811645508,0.0800000000,859,859,1000,0.1397890000,2.101515
563,-72.0923613316,39.8682098389,0.0800000000,829,829,1000,0.1298890000,2.029103
564,-50.1183423486,39.0503768921,0.0800000000,823,823,1000,0.1199890000,1.954713
565,-44.8726742205,38.4661827087,0.0800000000,865,865,1000,0.1100890000,2.220863
566,-8.5101905022,39.9946060181,0.0800000000,790,790,1000,0.1001890000,2.019323
567,-2.4834057569,39.8947410583,0.0800000000,843,843,1000,0.0902890000,1.910393
568,-6.6113005186,40.4726181030,0.0800000000,911,911,1000,0.0803890000,1.895835
569,-29.6812815351,40.7094764709,0.0700000000,867,867,1000,0.0704890000,1.907286
570,-53.2870791017,41.6741104126,0.0700000000,868,868,1000,0.0605890000,1.954839
571,-3.4602190710,42.8716773987,0.0700000000,868,868,1000,0.0506890000,1.937218
572,-20.0807500660,41.5821228027,0.0600000000,866,866,1000,0.0407890000,1.899397
573,-56.7111113330,42.9834823608,0.0600000000,868,868,1000,0.0308890000,1.849679
574,-10.3745609681,42.2198944092,0.0600000000,840,840,1000,0.0209890000,1.859757
575,93.3927504284,45.7047348022,0.0600000000,797,797,1000,0.0110890000,1.854064
576,46.0594024729,44.6546249390,0.0600000000,833,833,1000,0.0100000000,1.866808
577,279.2115536673,45.3437080383,0.0700000000,364,364,467,0.0100000000,1.794767
578,40.5154125326,45.0666542053,0.0600000000,823,823,1000,0.0100000000,1.919856
579,-22.6875258525,46.1886901855,0.0600000000,819,819,1000,0.0100000000,1.703514
580,10.3958151249,45.4552078247,0.0600000000,829,829,1000,0.0100000000,1.702715
581,215.7417879405,46.0217552185,0.0700000000,489,489,590,0.0100000000,1.656326
582,31.9625670932,46.7649154663,0.0700000000,801,801,1000,0.0100000000,1.550960
583,229.5014802104,47.3335227966,0.0800000000,320,320,452,0.0100000000,1.560385
584,166.0302512260,49.6305618286,0.0900000000,749,749,920,0.0100000000,1.570260
585,27.1095328497,46.9339103699,0.0900000000,821,821,1000,0.0100000000,1.480945
586,-49.9627293069,49.3588409424,0.0900000000,839,839,1000,0.0100000000,1.453697
587,-42.7576546198,48.6230163574,0.0900000000,848,848,1000,0.0100000000,1.436978
588,5.9022100011,48.2047195435,0.0900000000,792,792,1000,0.0100000000,1.475060
589,-32.1220728869,47.5881042480,0.0900000000,689,689,1000,0.0100000000,1.402095
590,-36.2896965536,47.3752822876,0.0900000000,780,780,1000,0.0100000000,1.354233
591,-3.3743100273,48.4959182739,0.0900000000,786,786,1000,0.0100000000,1.354786
592,-16.0833390125,50.6723327637,0.0800000000,755,755,1000,0.0100000000,1.342594
593,25.4512395245,51.2414703369,0.0800000000,793,793,1000,0.0100000000,1.283155
594,-24.4784992387,51.6071891785,0.0700000000,728,728,1000,0.0100000000,1.285044
595,16.7469120902,51.4960365295,0.0700000000,872,872,1000,0.0100000000,1.255648
596,-18.5664855247,51.4068298340,0.0700000000,841,841,1000,0.0100000000,1.194250
597,16.7123695098,54.8730316162,0.0700000000,806,806,1000,0.0100000000,1.240567
598,-49.5583221309,53.3461761475,0.0700000000,839,839,1000,0.0100000000,1.223573
599,29.3422223535,52.6193504333,0.0700000000,790,790,1000,0.0100000000,1.166419
600,-0.1786415539,51.9872512817,0.0700000000,827,827,1000,0.0100000000,1.125839
601,-8.7624526214,49.6460533142,0.0700000000,828,828,1000,0.0100000000,1.070030
602,2.8899791774,49.4140510559,0.0700000000,800,800,1000,0.0100000000,1.115206
603,-53.3905247677,46.4287681580,0.0700000000,797,797,1000,0.0100000000,1.072516
604,-24.9826036158,47.5121994019,0.0700000000,828,828,1000,0.0100000000,1.047292
605,-15.8854584527,46.4863586426,0.0700000000,855,855,1000,0.0100000000,1.029109
606,-3.5522165744,45.9324264526,0.0700000000,817,817,1000,0.0100000000,1.027574
607,-15.8253305637,45.9058380127,0.0700000000,786,786,1000,0.0100000000,0.972385
608,13.0082155822,45.2434082031,0.0700000000,793,793,1000,0.0100000000,0.959675
609,-10.0002045207,46.7085418701,0.0700000000,806,806,1000,0.0100000000,0.973539
610,-44.9721920623,47.2525825500,0.0700000000,819,819,1000,0.0100000000,0.946316
611,69.1802682429,46.1022415161,0.0700000000,800,800,1000,0.0100000000,0.887567
612,43.4955263127,45.8941345215,0.0700000000,803,803,1000,0.0100000000,0.881577
613,-3.2026742333,45.9951171875,0.0600000000,837,837,1000,0.0100000000,0.880103
614,-49.0730158778,45.5663681030,0.0600000000,825,825,1000,0.0100000000,0.843194
615,147.0767159450,46.5675964355,0.0700000000,799,799,987,0.0100000000,0.806115
616,261.0505588768,47.5941619873,0.0700000000,282,282,361,0.0100000000,0.730023
617,259.1771504192,48.4853019714,0.0800000000,248,248,349,0.0100000000,0.823380
618,242.9328419100,48.7250900269,0.0900000000,154,154,219,0.0100000000,0.707065
619,238.3838654752,49.7142486572,0.1000000000,326,326,463,0.0100000000,0.687388
620,-35.2484383901,50.2994308472,0.1000000000,843,843,1000,0.0100000000,0.743365
621,10.5901357425,48.9087486267,0.1000000000,844,844,1000,0.0100000000,0.713110
622,245.6643239160,49.9078216553,0.1100000000,315,315,451,0.0100000000,0.641609
623,210.9189913196,52.2503013611,0.1200000000,685,685,851,0.0100000000,0.669727
624,256.2721900174,52.8289031982,0.1200000000,359,359,459,0.0100000000,0.724296
625,269.2317192062,52.6459503174,0.1300000000,392,392,490,0.0100000000,0.644377
626,288.6081404021,51.5590476990,0.1400000000,491,491,698,0.0100000000,0.694258
627,291.7239086323,51.6877059937,0.1500000000,174,174,228,0.0100000000,0.678116
628,52.1200429362,51.2579383850,0.1500000000,823,823,1000,0.0100000000,0.623395
629,224.0874609122,52.3072090149,0.1600000000,341,341,419,0.0100000000,0.591657
630,275.5394928486,52.1410064697,0.1700000000,147,147,219,0.0100000000,0.636184
631,11.7814030024,52.0271224976,0.1700000000,804,804,1000,0.0100000000,0.629307
632,196.2305139691,51.9931411743,0.1800000000,703,703,955,0.0100000000,0.614482
633,220.3115730594,50.0563888550,0.1900000000,427,427,565,0.0100000000,0.596930
634,222.9845380474,49.1220436096,0.2000000000,301,301,429,0.0100000000,0.561561
635,252.8205960586,49.2741661072,0.2100000000,220,220,299,0.0100000000,0.621492
636,248.9635236674,51.9675750732,0.2200000000,351,351,561,0.0100000000,0.540351
637,251.2791713798,50.5855789185,0.2300000000,370,370,490,0.0100000000,0.528677
638,255.8114356627,49.4435882568,0.2400000000,284,284,391,0.0100000000,0.525225
639,239.2188068672,50.1266860962,0.2500000000,150,150,223,0.0100000000,0.497624
640,226.9097745701,49.8538894653,0.2600000000,489,489,741,0.0100000000,0.509268
641,191.1026120885,50.0959129333,0.2700000000,533,533,746,0.0100000000,0.511242
642,272.1152727170,51.8851737976,0.2800000000,127,127,206,0.0100000000,0.519933
643,189.3809859420,52.0084838867,0.2900000000,624,624,767,0.0100000000,0.496559
644,182.7813089718,49.9200134277,0.2900000000,618,618,1000,0.0100000000,0.458069
645,67.5127888804,48.4326477051,0.2900000000,798,798,1000,0.0100000000,0.446498
646,289.8675868954,48.5460243225,0.3000000000,252,252,395,0.0100000000,0.404672
647,258.4164290428,50.0057029724,0.3100000000,210,210,420,0.0100000000,0.425631
648,242.9356283548,49.8963699341,0.3200000000,336,336,448,0.0100000000,0.445050
649,216.3911296689,51.3412246704,0.3300000000,345,345,428,0.0100000000,0.408972
650,314.6876114652,50.5353622437,0.3400000000,200,200,250,0.0100000000,0.424440
651,256.3820341670,50.1413307190,0.3500000000,236,236,384,0.0100000000,0.392141
652,249.9213329336,49.7410430908,0.3500000000,337,337,558,0.0100000000,0.449590
653,131.7856159668,48.4182319641,0.3500000000,765,765,1000,0.0100000000,0.404520
654,-59.6824134176,51.9661979675,0.3500000000,884,884,1000,0.0100000000,0.395341
655,276.7846228844,52.4918823242,0.3600000000,321,321,409,0.0100000000,0.399780
656,26.9062346568,52.1623535156,0.3600000000,772,772,1000,0.0100000000,0.414017
657,178.3868087058,57.5360984802,0.3700000000,609,609,850,0.0100000000,0.391655
658,-30.1408853957,58.6017990112,0.3700000000,749,749,1000,0.0100000000,0.371682
659,280.4815205315,59.0852241516,0.3800000000,357,357,495,0.0100000000,0.330422
660,145.4629282585,59.9880638123,0.3900000000,700,700,929,0.0100000000,0.370412
661,14.8860790513,59.6129722595,0.3900000000,784,784,1000,0.0100000000,0.363763
662,-47.6335682895,62.3859176636,0.3900000000,739,739,1000,0.0100000000,0.339301
663,188.8925146145,64.6615676880,0.3900000000,615,615,1000,0.0100000000,0.316752
664,111.9464911281,66.0090560913,0.3900000000,667,667,1000,0.0100000000,0.338865
665,254.9928789873,63.9466476440,0.4000000000,352,352,439,0.0100000000,0.348107
666,132.9261260923,66.2066955566,0.4000000000,681,681,1000,0.0100000000,0.336823
667,295.6923222908,67.6924362183,0.4100000000,380,380,608,0.0100000000,0.335736
668,248.4438292719,68.2586059570,0.4200000000,324,324,616,0.0100000000,0.322013
669,133.8183295953,68.6469421387,0.4200000000,610,610,1000,0.0100000000,0.318516
670,222.1325102925,70.4905471802,0.4300000000,433,433,720,0.0100000000,0.334718
671,279.9260468490,70.4896469116,0.4400000000,250,250,430,0.0100000000,0.291869
672,239.1397328859,71.3598861694,0.4500000000,417,417,556,0.0100000000,0.313304
673,253.2339927219,71.7703552246,0.4600000000,452,452,772,0.0100000000,0.306655
674,98.4238699710,72.7765045166,0.4600000000,689,689,1000,0.0100000000,0.283330
675,116.0183405457,72.5140609741,0.4600000000,718,718,1000,0.0100000000,0.298865
676,256.6997353278,73.4580383301,0.4700000000,525,525,732,0.0100000000,0.285059
677,245.1328948419,74.1130294800,0.4700000000,595,595,933,0.0100000000,0.291244
678,244.6199183509,74.2631225586,0.4800000000,242,242,352,0.0100000000,0.308327
679,268.5767816045,75.5837020874,0.4900000000,370,370,537,0.0100000000,0.311488
680,278.7310398087,75.7717819214,0.5000000000,318,318,582,0.0100000000,0.297741
681,169.6069619925,75.7193298340,0.4900000000,543,543,1000,0.0100000000,0.307440
682,252.9173304728,78.0466308594,0.5000000000,348,348,579,0.0100000000,0.308810
683,264.9393913041,77.1825027466,0.5000000000,370,370,527,0.0100000000,0.320620
684,210.5205797430,75.6846542358,0.5000000000,367,367,526,0.0100000000,0.305796
685,-525.3825845431,74.9863433838,0.5000000000,90,90,98,0.0100000000,0.313191
686,249.7882536126,68.6203231812,0.5100000000,566,566,997,0.0100000000,0.346325
687,-115.4714778369,66.1599273682,0.5100000000,378,378,563,0.0100000000,0.340552
688,241.2471883104,66.4083480835,0.5200000000,243,243,406,0.0100000000,0.332790
689,244.7407454814,67.3158111572,0.5300000000,333,333,578,0.0100000000,0.342254
690,263.7474276490,66.6635589600,0.5400000000,265,265,460,0.0100000000,0.293044
691,120.3489177247,67.9464263916,0.5400000000,611,611,1000,0.0100000000,0.338854
692,251.7999984982,66.5724487305,0.5500000000,264,264,456,0.0100000000,0.323626
693,271.2223045976,66.5892562866,0.5600000000,315,315,399,0.0100000000,0.338996
694,250.0954693120,68.3453826904,0.5700000000,340,340,443,0.0100000000,0.327743
695,249.5080997303,65.8093643188,0.5800000000,303,303,441,0.0100000000,0.344796
696,230.5532024125,66.7575607300,0.5900000000,485,485,809,0.0100000000,0.366118
697,237.7010363611,67.3145523071,0.6000000000,251,251,444,0.0100000000,0.344531
698,237.2622177458,66.5826644897,0.6100000000,271,271,404,0.0100000000,0.363775
699,241.7882698859,66.1883544922,0.6200000000,223,223,306,0.0100000000,0.335062
700,69.9780954819,63.6090393066,0.6200000000,841,841,1000,0.0100000000,0.378916
701,98.4963055029,65.6258087158,0.6200000000,757,757,1000,0.0100000000,0.401114
702,193.3746535179,65.8505096436,0.6300000000,628,628,782,0.0100000000,0.350956
703,276.7413512043,64.2387847900,0.6400000000,216,216,317,0.0100000000,0.331195
704,262.5125794193,65.6011886597,0.6500000000,172,172,272,0.0100000000,0.360370
705,262.8883564268,65.5459671021,0.6600000000,232,232,360,0.0100000000,0.346361
706,264.7067974286,67.2096786499,0.6700000000,361,361,666,0.0100000000,0.378309
707,224.0806586804,67.3725051880,0.6800000000,334,334,471,0.0100000000,0.395763
708,26.0249079645,67.6843490601,0.6800000000,845,845,1000,0.0100000000,0.364597
709,276.9969341411,69.0556030273,0.6900000000,271,271,448,0.0100000000,0.350848
710,250.6826272816,68.6425781250,0.7000000000,429,429,643,0.0100000000,0.341454
711,211.7434675123,69.1334533691,0.7100000000,279,279,412,0.0100000000,0.368164
712,244.9915928734,68.5987243652,0.7200000000,311,311,529,0.0100000000,0.333746
713,68.4634266767,69.0961151123,0.7200000000,751,751,1000,0.0100000000,0.308837
714,237.2894035543,68.4578552246,0.7300000000,252,252,503,0.0100000000,0.326201
715,262.0656403689,68.8139953613,0.7300000000,145,145,218,0.0100000000,0.384118
716,272.4342987046,68.9682312012,0.7300000000,239,239,433,0.0100000000,0.324413
717,215.2558204654,68.5026092529,0.7300000000,424,424,600,0.0100000000,0.314506
718,279.9921025521,70.7926635742,0.7300000000,296,296,507,0.0100000000,0.337828
719,236.4433407315,71.0214843750,0.7300000000,276,276,465,0.0100000000,0.344704
720,262.6568669270,70.3379058838,0.7400000000,239,239,357,0.0100000000,0.332580
721,265.8604459530,70.7378540039,0.7500000000,308,308,471,0.0100000000,0.339727
722,270.8596046930,70.3405303955,0.7500000000,121,121,232,0.0100000000,0.367570
723,155.1289473946,69.4689636230,0.7400000000,495,495,1000,0.0100000000,0.354664
724,174.6414772343,69.5274276733,0.7300000000,442,442,1000,0.0100000000,0.332997
725,270.5900566753,69.1068725586,0.7300000000,329,329,639,0.0100000000,0.354424
726,259.5086235478,69.3034286499,0.7300000000,100,100,180,0.0100000000,0.308646
727,291.7630791662,68.6518402100,0.7300000000,212,212,292,0.0100000000,0.347418
728,241.3705880248,69.8418197632,0.7400000000,342,342,593,0.0100000000,0.361483
729,151.3259728485,68.6265869141,0.7300000000,617,617,1000,0.0100000000,0.357037
730,249.7699693071,71.6416549683,0.7300000000,418,418,968,0.0100000000,0.341380
731,262.4593872447,71.6355667114,0.7400000000,224,224,457,0.0100000000,0.334234
732,264.9529619744,69.4020690918,0.7400000000,164,164,297,0.0100000000,0.382648
733,291.7264499264,68.4236907959,0.7400000000,408,408,803,0.0100000000,0.351936
734,285.9819767804,69.7324905396,0.7400000000,165,165,275,0.0100000000,0.404427
735,286.8015806360,69.6285552979,0.7400000000,187,187,324,0.0100000000,0.349573
736,271.3036169837,73.2925415039,0.7400000000,258,258,450,0.0100000000,0.344386
737,257.7533830945,72.7195663452,0.7400000000,288,288,394,0.0100000000,0.385817
738,285.1424040394,71.5518493652,0.7400000000,188,188,362,0.0100000000,0.409160
739,54.2278898158,71.8731842041,0.7300000000,177,177,223,0.0100000000,0.354416
740,259.5841386598,74.5047302246,0.7300000000,250,250,452,0.0100000000,0.389307
741,56.9221384825,73.9915542603,0.7200000000,150,150,182,0.0100000000,0.426513
742,304.1805688462,74.2874832153,0.7200000000,224,224,371,0.0100000000,0.366603
743,272.0145458420,76.4799957275,0.7200000000,228,228,351,0.0100000000,0.353508
744,284.3418751485,75.4142761230,0.7300000000,146,146,275,0.0100000000,0.379896
745,36.7969752896,76.7558898926,0.7300000000,97,97,147,0.0100000000,0.458610
746,268.4064789085,74.5658264160,0.7300000000,202,202,292,0.0100000000,0.419558
747,267.5757085134,74.3255310059,0.7300000000,217,217,322,0.0100000000,0.319450
748,258.6408063416,76.3438262939,0.7300000000,559,559,739,0.0100000000,0.431336
749,120.0153043811,78.6263275146,0.7200000000,961,961,1000,0.0100000000,0.395125
750,289.6247914549,79.6244583130,0.7100000000,305,305,487,0.0100000000,0.361823
751,191.8431301523,77.6425933838,0.7000000000,543,543,1000,0.0100000000,0.377396
752,257.0691187920,77.5301284790,0.7100000000,192,192,368,0.0100000000,0.341847
753,304.2674991164,78.4975662231,0.7200000000,271,271,481,0.0100000000,0.352286
754,134.2732009597,81.9976882935,0.7200000000,755,755,1000,0.0100000000,0.410839
755,295.8119956731,83.3334655762,0.7200000000,197,197,332,0.0100000000,0.375907
756,299.5886434523,81.7352981567,0.7300000000,164,164,274,0.0100000000,0.383154
757,285.8185076433,81.8263244629,0.7300000000,273,273,333,0.0100000000,0.376212
758,267.5930500840,80.7663726807,0.7400000000,383,383,555,0.0100000000,0.389588
759,276.1348980967,82.7982482910,0.7400000000,266,266,367,0.0100000000,0.402467
760,290.4548283846,79.4807205200,0.7400000000,117,117,199,0.0100000000,0.432836
761,279.2758578301,80.3042831421,0.7400000000,333,333,364,0.0100000000,0.388077
762,289.2589974099,80.7566375732,0.7400000000,439,439,493,0.0100000000,0.410146
763,249.3719086979,79.8649368286,0.7500000000,265,265,476,0.0100000000,0.426374
764,260.4152282647,81.5216064453,0.7600000000,226,226,400,0.0100000000,0.440993
765,257.9139929098,80.7495117188,0.7600000000,205,205,293,0.0100000000,0.419717
766,257.7672330217,81.9637374878,0.7700000000,252,252,413,0.0100000000,0.410287
767,291.4424561551,83.1970977783,0.7700000000,255,255,422,0.0100000000,0.424103
768,181.3353476327,83.0688018799,0.7600000000,498,498,1000,0.0100000000,0.430741
769,29.8133762094,84.8381195068,0.7700000000,84,84,117,0.0100000000,0.499755
770,269.7279628773,84.4389648438,0.7700000000,445,445,913,0.0100000000,0.456341
771,31.2581946223,84.6699523926,0.7600000000,90,90,103,0.0100000000,0.345780
772,245.9844024668,85.5766754150,0.7600000000,203,203,395,0.0100000000,0.433171
773,265.5146319618,84.4736938477,0.7600000000,298,298,515,0.0100000000,0.436458
774,241.7904383792,85.1831436157,0.7600000000,220,220,226,0.0100000000,0.432231
775,289.5673589027,84.3677291870,0.7700000000,184,184,266,0.0100000000,0.479042
776,64.4622796699,84.3244247437,0.7600000000,99,99,125,0.0100000000,0.423974
777,-100.0847202664,84.7348327637,0.7500000000,338,338,425,0.0100000000,0.403988
778,281.3837116837,83.1508026123,0.7500000000,178,178,246,0.0100000000,0.412259
779,252.3293137546,84.1644592285,0.7500000000,172,172,260,0.0100000000,0.451276
780,270.0219261853,83.6343688965,0.7500000000,166,166,285,0.0100000000,0.462366
781,237.5711447487,84.4303436279,0.7600000000,341,341,772,0.0100000000,0.449872
782,25.5097625636,83.2090148926,0.7500000000,93,93,125,0.0100000000,0.406957
783,289.5357836244,83.5425643921,0.7500000000,151,151,217,0.0100000000,0.432075
784,275.9778637439,84.4301071167,0.7500000000,207,207,365,0.0100000000,0.423078
785,79.0967430081,82.1915359497,0.7500000000,748,748,1000,0.0100000000,0.439670
786,275.0026882945,83.5722351074,0.7500000000,226,226,499,0.0100000000,0.443625
787,292.4495663315,84.7702331543,0.7600000000,368,368,813,0.0100000000,0.478075
788,-130.1740815797,82.4509124756,0.7500000000,720,720,1000,0.0100000000,0.428137
789,268.8815387755,82.7438812256,0.7500000000,161,161,229,0.0100000000,0.372592
790,290.7509000778,82.8057098389,0.7500000000,171,171,286,0.0100000000,0.416400
791,266.6309228963,81.8761749268,0.7600000000,376,376,705,0.0100000000,0.423324
792,302.7954969612,83.0098190308,0.7600000000,241,241,350,0.0100000000,0.435485
793,302.9434155280,81.7818069458,0.7500000000,142,142,203,0.0100000000,0.494605
794,236.8678801220,80.5749359131,0.7400000000,219,219,255,0.0100000000,0.488975
795,239.1172468988,82.7621307373,0.7400000000,655,655,843,0.0100000000,0.405301
796,48.4935807939,81.5983428955,0.7300000000,108,108,132,0.0100000000,0.571625
797,254.5135075673,80.6392822266,0.7300000000,227,227,264,0.0100000000,0.463720
798,-56.4659454376,80.2757034302,0.7200000000,673,673,1000,0.0100000000,0.462566
799,51.8516615139,81.2112579346,0.7100000000,142,142,167,0.0100000000,0.469429
800,23.8107840103,80.5142059326,0.7100000000,92,92,100,0.0100000000,0.487393
