episode,total_reward,average_q,safe_rate_100,attempted,executed,steps,epsilon,training_loss
1,-147.0614162596,0.2392784357,0.0000000000,50,40,70,0.9993070000,nan
2,-359.3781262676,0.2392784357,0.0000000000,67,61,93,0.9983863000,nan
3,-158.8912212896,0.2392784357,0.0000000000,102,86,122,0.9971785000,nan
4,-141.9774998992,0.2392784357,0.0000000000,67,58,85,0.9963370000,nan
5,-173.7478207023,0.2392784357,0.0000000000,84,72,117,0.9951787000,nan
6,-329.7679992601,0.2392784357,0.0000000000,78,67,104,0.9941491000,nan
7,-327.3271115926,0.2392784357,0.0000000000,57,47,79,0.9933670000,nan
8,-179.7740338844,0.2392784357,0.0000000000,58,47,70,0.9926740000,nan
9,-351.4077837618,0.2392784357,0.0000000000,79,63,108,0.9916048000,nan
10,-298.7833631074,0.2392784357,0.0000000000,90,80,118,0.9904366000,nan
11,-78.4674416538,-0.3654841185,0.0000000000,51,43,68,0.9897634000,2.386483
12,-159.1240213578,-0.7254874706,0.0000000000,58,45,78,0.9889912000,2.190137
13,-116.7944378967,-0.7048527002,0.0000000000,74,67,96,0.9880408000,2.108651
14,-90.1399685802,-0.4298898578,0.0000000000,63,49,84,0.9872092000,1.892458
15,-168.2185149140,-0.0419519320,0.0000000000,80,66,115,0.9860707000,1.636603
16,-243.6155713386,-0.0782937929,0.0000000000,54,41,74,0.9853381000,1.637466
17,-280.6551980255,-0.1596620381,0.0000000000,77,61,99,0.9843580000,1.787955
18,-175.9046949961,-0.0192224048,0.0000000000,76,66,92,0.9834472000,1.366507
19,-160.7055833117,-0.0976128578,0.0000000000,69,62,93,0.9825265000,1.552153
20,-33.6771265769,-0.1384602636,0.0500000000,51,44,68,0.9818533000,1.523708
21,-159.2654652996,-0.1799604297,0.0476190476,48,33,64,0.9812197000,1.428822
22,-153.4541392435,0.1844513416,0.0454545455,68,55,87,0.9803584000,1.356763
23,-175.7620925753,-0.3002555072,0.0434782609,54,49,68,0.9796852000,1.635212
24,-132.4251084081,0.0040227063,0.0416666667,54,46,75,0.9789427000,1.258110
25,-120.5300342277,0.2043148428,0.0400000000,63,58,78,0.9781705000,1.202664
26,-93.9398070461,0.1097403765,0.0384615385,49,38,65,0.9775270000,1.224705
27,-295.6657789718,0.1798075438,0.0370370370,62,50,76,0.9767746000,1.157043
28,-355.2863891547,0.1279230565,0.0357142857,81,71,105,0.9757351000,1.289707
29,-108.3402833752,0.5983790755,0.0344827586,48,41,63,0.9751114000,2.039138
30,-192.0538105334,0.2944797575,0.0333333333,49,43,74,0.9743788000,1.637235
31,-336.5016615872,0.8429930210,0.0322580645,104,96,137,0.9730225000,1.282972
32,-135.9326060648,0.5688461065,0.0312500000,69,64,89,0.9721414000,1.419130
33,-144.8355614241,0.7088938951,0.0303030303,99,88,126,0.9708940000,1.328042
34,-188.4600967093,0.3478850126,0.0294117647,88,76,114,0.9697654000,1.622996
35,-33.1395915045,0.2468148768,0.0285714286,74,62,104,0.9687358000,1.409984
36,-79.3716414053,0.4226035476,0.0277777778,108,101,143,0.9673201000,1.437567
37,-118.3158541087,0.6278566122,0.0270270270,56,43,72,0.9666073000,1.540107
38,-180.2664647331,0.4231508076,0.0263157895,47,34,58,0.9660331000,1.679823
39,-111.1389767101,1.1705515385,0.0256410256,60,55,76,0.9652807000,1.555382
40,-171.9435428870,0.8334689736,0.0250000000,93,74,112,0.9641719000,1.663554
41,-122.4222444871,0.9592140913,0.0243902439,88,76,119,0.9629938000,1.392620
42,-135.0809801086,0.9759179354,0.0238095238,64,56,81,0.9621919000,1.438564
43,-122.9936212865,0.7102819085,0.0232558140,74,63,102,0.9611821000,1.748344
44,-188.7306593029,0.6726781130,0.0227272727,79,72,108,0.9601129000,1.445632
45,-19.3834199308,0.9691581726,0.0444444444,56,49,72,0.9594001000,1.604415
46,-150.8932491157,1.0002117157,0.0434782609,74,62,94,0.9584695000,1.471473
47,-139.1307954886,0.5506426692,0.0425531915,72,65,94,0.9575389000,1.416374
48,-477.2382230688,0.9433544874,0.0416666667,83,67,104,0.9565093000,1.389513
49,-244.7418475508,0.8322114944,0.0408163265,105,87,126,0.9552619000,1.377756
50,-116.2331509534,1.2273395061,0.0400000000,50,44,66,0.9546085000,1.647607
51,-149.4993036819,1.3062281609,0.0392156863,64,57,88,0.9537373000,1.351277
52,-370.7794027407,1.6257280111,0.0384615385,99,84,122,0.9525295000,1.480450
53,-194.4659492041,1.4217312336,0.0377358491,79,66,107,0.9514702000,1.238991
54,-128.0521195487,1.2961825132,0.0370370370,41,33,56,0.9509158000,1.682211
55,-113.2652991834,1.0193904638,0.0363636364,56,50,79,0.9501337000,1.474609
56,-137.8334265282,1.4683774710,0.0357142857,77,74,98,0.9491635000,1.430941
57,-68.9080585513,1.4775294065,0.0350877193,51,42,66,0.9485101000,1.502843
58,-136.6063757743,1.6736152172,0.0344827586,80,67,109,0.9474310000,1.694837
59,-156.1902192226,1.3408961296,0.0338983051,46,38,62,0.9468172000,1.552294
60,-164.8936235648,1.4024277925,0.0333333333,69,60,96,0.9458668000,1.267330
61,-118.9562821920,1.3952710629,0.0327868852,54,42,69,0.9451837000,1.568290
62,-141.9745406985,1.6363689899,0.0322580645,46,38,67,0.9445204000,1.489827
63,-292.1044340075,1.3612623215,0.0317460317,81,70,112,0.9434116000,1.364502
64,-141.4804897150,1.5659993887,0.0312500000,90,82,121,0.9422137000,1.401506
65,-149.2162399981,1.5356067419,0.0307692308,65,55,90,0.9413227000,1.500160
66,-142.7945047810,2.7281875610,0.0303030303,56,45,77,0.9405604000,1.406897
67,-164.0083959018,2.2568864822,0.0298507463,79,68,105,0.9395209000,1.487290
68,-211.8842771416,2.4814796448,0.0294117647,86,77,109,0.9384418000,1.447779
69,-156.6218129138,2.3290262222,0.0289855072,67,57,90,0.9375508000,1.395930
70,-252.1132143574,2.7714853287,0.0285714286,65,58,94,0.9366202000,1.319399
71,-126.0463698391,2.0733201504,0.0281690141,72,65,98,0.9356500000,1.279171
72,-82.5885675304,2.4714770317,0.0277777778,101,85,127,0.9343927000,1.431185
73,-123.5270526895,2.6907525063,0.0273972603,48,40,70,0.9336997000,1.417930
74,-244.5454102687,2.8232226372,0.0270270270,59,48,75,0.9329572000,1.472802
75,-113.5969856292,2.7715659142,0.0266666667,41,34,63,0.9323335000,1.522064
76,-125.0786452631,2.7319545746,0.0263157895,64,52,83,0.9315118000,1.256072
77,-134.8896038179,2.2309489250,0.0259740260,64,51,79,0.9307297000,1.350415
78,-114.2042125638,3.4097056389,0.0256410256,60,54,83,0.9299080000,1.532914
79,-111.9603962731,3.0649476051,0.0253164557,45,38,69,0.9292249000,1.401979
80,-38.1417594070,3.0381550789,0.0375000000,62,53,75,0.9284824000,1.410024
81,-99.8591367097,3.4177470207,0.0370370370,46,35,64,0.9278488000,1.368483
82,-150.5854946269,3.4382076263,0.0365853659,83,62,103,0.9268291000,1.484184
83,-130.4607025538,3.3017668724,0.0361445783,60,53,78,0.9260569000,1.294035
84,-109.0215614629,4.1125202179,0.0357142857,55,47,70,0.9253639000,1.841997
85,-155.1408947199,3.8508620262,0.0352941176,70,58,95,0.9244234000,1.523407
86,-122.6165273788,3.8442363739,0.0348837209,72,63,89,0.9235423000,1.680310
87,-88.1558951573,4.1116862297,0.0344827586,84,67,98,0.9225721000,1.268978
88,-121.4948308341,4.0557074547,0.0340909091,49,44,62,0.9219583000,1.432478
89,-162.8774576070,3.7715234756,0.0337078652,47,42,60,0.9213643000,1.635413
90,-234.9256522355,5.1656160355,0.0333333333,74,63,89,0.9204832000,1.454705
91,-156.3038393741,4.6056156158,0.0329670330,89,74,111,0.9193843000,1.369547
92,-118.8962778845,4.7471394539,0.0326086957,57,50,75,0.9186418000,1.651048
93,-192.7561092909,4.9771738052,0.0322580645,80,68,101,0.9176419000,1.418183
94,-137.1052320865,4.9473619461,0.0319148936,98,89,125,0.9164044000,1.570037
95,-157.6599954660,5.3639788628,0.0315789474,70,63,96,0.9154540000,1.596823
96,-122.8350800125,4.9869298935,0.0312500000,84,76,121,0.9142561000,1.740050
97,-329.4517779219,5.3821554184,0.0309278351,89,78,102,0.9132463000,1.292990
98,-104.6166716435,5.4461116791,0.0306122449,52,45,68,0.9125731000,1.278991
99,-98.9174183447,5.1268563271,0.0303030303,52,47,67,0.9119098000,1.437163
100,-131.1458456891,5.6083250046,0.0300000000,85,74,115,0.9107713000,1.539776
101,-89.8932353710,6.1138963699,0.0300000000,52,46,65,0.9101278000,1.674902
102,-192.4711769534,6.1451101303,0.0300000000,74,66,92,0.9092170000,1.449114
103,-181.9562459034,6.0296297073,0.0300000000,81,69,101,0.9082171000,1.412471
104,-90.9376972129,5.7550606728,0.0300000000,49,45,63,0.9075934000,1.707469
105,-222.7383365641,6.7844715118,0.0300000000,189,158,247,0.9051481000,1.741155
106,-139.6086620749,7.2102508545,0.0300000000,87,76,110,0.9040591000,1.434954
107,-42.8357506640,6.6593065262,0.0300000000,62,54,77,0.9032968000,1.432893
108,-47.9467950443,6.3578910828,0.0400000000,70,61,85,0.9024553000,1.686290
109,-195.8175931137,6.4520459175,0.0400000000,102,80,131,0.9011584000,1.610831
110,-192.9325378119,7.4265089035,0.0400000000,70,58,85,0.9003169000,1.678899
111,-82.5621033567,7.3905687332,0.0400000000,41,36,60,0.8997229000,1.546077
112,-252.6064227241,7.7254600525,0.0400000000,99,79,117,0.8985646000,1.581710
113,-126.4093277720,7.2509708405,0.0400000000,70,61,82,0.8977528000,1.506131
114,-5.1190916185,6.9778490067,0.0400000000,102,87,118,0.8965846000,1.416142
115,-133.7125616774,8.0083656311,0.0400000000,76,63,99,0.8956045000,1.641036
116,-115.5565325217,8.2295227051,0.0400000000,95,83,121,0.8944066000,1.775353
117,-120.3892252678,7.8692603111,0.0400000000,58,51,81,0.8936047000,1.640497
118,-144.0956765608,7.6190638542,0.0400000000,51,43,63,0.8929810000,1.404265
119,-156.3405413542,8.0131168365,0.0400000000,69,63,87,0.8921197000,1.615148
120,-115.7258864519,8.4421930313,0.0300000000,98,85,116,0.8909713000,1.352230
121,-90.9067422153,8.6544332504,0.0300000000,53,46,63,0.8903476000,1.565654
122,-26.2938003310,8.5441350937,0.0300000000,114,95,146,0.8889022000,1.483326
123,-98.8288591540,8.7480058670,0.0300000000,45,41,64,0.8882686000,1.677827
124,-141.3777697727,8.6149425507,0.0300000000,51,42,65,0.8876251000,1.446950
125,-99.6124517692,8.4358882904,0.0300000000,77,64,98,0.8866549000,1.572127
126,-131.8940026287,9.3798961639,0.0300000000,86,73,115,0.8855164000,1.565691
127,-144.2198668660,9.4621257782,0.0300000000,66,52,89,0.8846353000,1.735563
128,-136.6313729270,9.9348239899,0.0300000000,83,69,93,0.8837146000,1.688920
129,-141.3376365908,9.7990531921,0.0300000000,76,66,102,0.8827048000,1.649844
130,-82.7267189762,9.8939952850,0.0400000000,61,52,86,0.8818534000,1.726284
131,-106.0277538343,10.1663236618,0.0400000000,83,76,101,0.8808535000,1.637935
132,-134.9849515787,9.9320669174,0.0400000000,72,63,93,0.8799328000,1.275780
133,-102.0133929718,10.1380214691,0.0400000000,50,44,65,0.8792893000,1.306813
134,-24.8940716346,9.9171247482,0.0500000000,86,70,103,0.8782696000,1.339044
135,-131.5781298529,10.0657377243,0.0500000000,75,65,94,0.8773390000,1.576257
136,-18.4804314356,10.2939281464,0.0600000000,53,41,70,0.8766460000,1.268129
137,-205.9291859424,10.5178108215,0.0600000000,87,72,112,0.8755372000,1.615869
138,-127.0788592863,10.2631072998,0.0600000000,82,72,102,0.8745274000,1.591118
139,-127.5324165167,10.6971473694,0.0600000000,50,44,62,0.8739136000,1.496724
140,-67.3205380316,10.1433773041,0.0600000000,94,79,115,0.8727751000,1.424735
141,-80.7044936870,10.4547729492,0.0600000000,64,52,88,0.8719039000,1.553341
142,-191.7487334972,10.6641073227,0.0600000000,106,88,133,0.8705872000,1.456855
143,-125.7704925581,10.6986503601,0.0600000000,66,57,88,0.8697160000,1.467778
144,-141.1069754000,10.3120870590,0.0600000000,53,47,69,0.8690329000,1.367368
145,-129.0951160314,10.4281988144,0.0500000000,79,67,105,0.8679934000,1.552796
146,-117.7079168890,10.6908550262,0.0500000000,55,43,76,0.8672410000,1.371270
147,-116.5270802889,10.5026245117,0.0500000000,59,49,76,0.8664886000,1.269878
148,-95.9565380402,10.6973743439,0.0500000000,99,88,129,0.8652115000,1.509813
149,-89.7535320948,11.0531749725,0.0500000000,50,42,63,0.8645878000,1.443166
150,-3.3382174246,10.6302652359,0.0600000000,52,46,70,0.8638948000,1.450981
151,-117.2943488163,11.0060997009,0.0600000000,57,44,79,0.8631127000,1.746479
152,-111.2095277218,10.8594694138,0.0600000000,58,45,80,0.8623207000,1.359541
153,-129.7307186953,11.3628759384,0.0600000000,76,62,100,0.8613307000,1.652116
154,-128.9088652979,11.4177370071,0.0600000000,76,62,96,0.8603803000,1.336846
155,-69.5744694531,10.3264560699,0.0600000000,49,44,65,0.8597368000,1.427486
156,-142.9227411431,10.5527677536,0.0600000000,68,61,99,0.8587567000,1.678102
157,-148.7048726565,11.1261405945,0.0600000000,51,42,58,0.8581825000,1.218731
158,-75.2724263553,11.1101121902,0.0600000000,43,38,63,0.8575588000,1.529061
159,-66.7355219066,11.3552856445,0.0600000000,51,39,65,0.8569153000,1.792679
160,-89.2990300234,10.3708763123,0.0600000000,47,42,67,0.8562520000,1.485745
161,-125.9893946927,10.8892326355,0.0600000000,72,66,85,0.8554105000,1.555554
162,-136.1793313952,10.8596725464,0.0600000000,78,72,100,0.8544205000,1.680652
163,-133.1062610515,10.8056001663,0.0600000000,51,46,74,0.8536879000,1.755086
164,-67.0999986464,10.7607154846,0.0600000000,58,48,71,0.8529850000,1.993776
165,-124.2878837345,10.9657793045,0.0600000000,68,62,87,0.8521237000,1.079844
166,-32.0493303999,10.7457466125,0.0700000000,88,75,118,0.8509555000,1.433543
167,-117.3834429236,10.7894515991,0.0700000000,92,79,107,0.8498962000,1.702143
168,-132.0233912520,11.2640638351,0.0700000000,55,46,71,0.8491933000,1.625924
169,-97.8270434711,11.4694461823,0.0700000000,78,63,102,0.8481835000,1.387736
170,-121.9613815375,10.4059000015,0.0700000000,61,48,78,0.8474113000,1.212189
171,-107.7166325125,10.8001880646,0.0700000000,73,63,102,0.8464015000,1.842333
172,-115.5150671780,11.1654911041,0.0700000000,56,48,71,0.8456986000,1.449686
173,-12.5787601184,10.7595539093,0.0700000000,63,53,80,0.8449066000,1.412804
174,-102.6791803271,10.7686815262,0.0700000000,61,57,76,0.8441542000,1.344860
175,-394.3297629839,11.3664855957,0.0700000000,78,72,105,0.8431147000,1.245979
176,-133.4772524051,11.0997982025,0.0700000000,62,56,86,0.8422633000,1.370241
177,-93.6392832962,11.4929351807,0.0700000000,73,66,92,0.8413525000,1.489331
178,-139.5142185426,11.2233600616,0.0700000000,52,42,66,0.8406991000,1.580868
179,-136.6004590307,11.5541305542,0.0700000000,71,53,97,0.8397388000,1.325594
180,-132.8277664729,11.5029926300,0.0600000000,79,64,99,0.8387587000,1.417850
181,-173.7805149161,11.8547849655,0.0600000000,70,62,90,0.8378677000,1.349030
182,-279.4490585290,11.3244838715,0.0600000000,77,66,100,0.8368777000,1.375255
183,-143.0811618701,11.8591003418,0.0600000000,74,66,93,0.8359570000,1.483475
184,-117.1976217718,11.3803071976,0.0600000000,48,39,70,0.8352640000,1.412628
185,-131.8427847115,10.8228282928,0.0600000000,87,73,106,0.8342146000,1.252107
186,-90.6878622339,10.9949598312,0.0600000000,103,92,127,0.8329573000,1.307405
187,-123.8808457750,10.8402442932,0.0600000000,74,63,101,0.8319574000,1.416536
188,-147.7450068477,10.3550939560,0.0600000000,53,43,78,0.8311852000,1.304858
189,-99.5533656592,10.4156875610,0.0600000000,80,78,102,0.8301754000,1.390492
190,-178.0838779515,10.7197799683,0.0600000000,58,51,68,0.8295022000,1.368212
191,-274.0410040376,10.8091793060,0.0600000000,69,63,88,0.8286310000,1.272274
192,-180.6975505800,10.3292522430,0.0600000000,94,82,115,0.8274925000,1.306594
193,-108.4587791436,10.2784843445,0.0600000000,55,45,79,0.8267104000,1.408997
194,-142.8430375871,10.7727632523,0.0600000000,113,94,142,0.8253046000,1.598896
195,-126.3817423734,10.6050357819,0.0600000000,72,61,91,0.8244037000,1.455205
196,-75.2350095577,10.0848255157,0.0600000000,48,41,65,0.8237602000,1.426783
197,-110.5246473480,9.7867050171,0.0600000000,64,57,87,0.8228989000,1.426670
198,-92.4309787550,10.6847553253,0.0600000000,66,55,81,0.8220970000,1.393502
199,-15.3342480867,9.9225807190,0.0700000000,50,39,69,0.8214139000,1.446979
200,-175.2928678537,10.5043315887,0.0700000000,92,75,106,0.8203645000,1.349295
201,-104.2416805222,10.4266033173,0.0700000000,94,83,115,0.8192260000,1.478711
202,-189.6353998678,10.0066986084,0.0700000000,65,48,86,0.8183746000,1.489841
203,-110.1808023500,10.0082492828,0.0700000000,54,44,67,0.8177113000,1.248763
204,-112.1048914687,10.1925945282,0.0700000000,63,57,78,0.8169391000,1.682364
205,-122.8969564524,9.2819490433,0.0700000000,112,93,135,0.8156026000,1.539801
206,15.8836070663,9.9193668365,0.0700000000,56,47,69,0.8149195000,1.439841
207,-94.7338630312,9.9166450500,0.0700000000,77,67,100,0.8139295000,1.564357
208,-103.7159753679,10.0928220749,0.0600000000,51,42,70,0.8132365000,1.350598
209,-81.8371039569,9.9414577484,0.0600000000,50,40,65,0.8125930000,1.298051
210,-114.2235373076,9.1188812256,0.0600000000,101,87,124,0.8113654000,1.562407
211,-96.7979261408,9.7987079620,0.0600000000,76,66,95,0.8104249000,1.470561
212,-84.0919277954,9.1594400406,0.0600000000,58,51,65,0.8097814000,1.517450
213,-132.9519730418,9.9377450943,0.0600000000,69,61,90,0.8088904000,1.723398
214,-145.1969579507,9.8293552399,0.0600000000,54,46,84,0.8080588000,1.551081
215,-43.2835244971,9.8169202805,0.0600000000,53,46,68,0.8073856000,1.823296
216,-123.4707358784,8.7210083008,0.0600000000,59,50,76,0.8066332000,1.700435
217,-89.4148423076,8.9245729446,0.0600000000,89,75,114,0.8055046000,1.898866
218,-133.9811990000,8.5971469879,0.0600000000,79,70,95,0.8045641000,1.929999
219,-147.7867694633,8.1454010010,0.0600000000,65,56,84,0.8037325000,1.955397
220,-119.6681293006,9.0222501755,0.0600000000,69,53,85,0.8028910000,1.696192
221,-157.4259644668,9.1209125519,0.0600000000,67,53,88,0.8020198000,1.235788
222,-90.3394025591,8.3555698395,0.0600000000,46,38,59,0.8014357000,2.064327
223,-81.4065370240,8.5003700256,0.0600000000,49,42,61,0.8008318000,2.054167
224,-128.2587648880,9.3674678802,0.0600000000,65,52,87,0.7999705000,1.752974
225,-107.0401408394,8.5376281738,0.0600000000,75,68,97,0.7990102000,1.832046
226,-77.5314575701,8.2802257538,0.0600000000,46,38,68,0.7983370000,1.689542
227,-116.3552056730,8.3751983643,0.0600000000,50,41,68,0.7976638000,1.636362
228,-115.1278998469,8.0299835205,0.0600000000,66,57,98,0.7966936000,1.877510
229,-119.8304273331,8.4159765244,0.0600000000,77,67,102,0.7956838000,1.663348
230,-165.2951049376,8.3026018143,0.0500000000,108,91,130,0.7943968000,2.068948
231,38.0039418374,8.2268962860,0.0500000000,48,42,67,0.7937335000,1.663620
232,-91.5908516851,8.5616817474,0.0500000000,63,50,83,0.7929118000,1.896833
233,-119.4402027188,9.1260261536,0.0500000000,64,56,82,0.7921000000,1.783605
234,2.8662172895,8.6169490814,0.0400000000,59,51,81,0.7912981000,1.785562
235,-97.0518026807,8.8253870010,0.0400000000,75,65,99,0.7903180000,1.649347
236,-119.5441463374,9.0919561386,0.0300000000,68,60,81,0.7895161000,1.928924
237,-78.4856649363,8.9778919220,0.0300000000,64,54,80,0.7887241000,1.690285
238,-115.6683966852,8.7333240509,0.0300000000,97,87,118,0.7875559000,1.955161
239,-186.1746556357,7.8621234894,0.0300000000,87,74,120,0.7863679000,1.873306
240,-46.9428422006,8.5814466476,0.0400000000,90,77,112,0.7852591000,1.664483
241,-99.2098937236,8.2842578888,0.0400000000,56,48,69,0.7845760000,1.571158
242,-134.3685882600,8.5648908615,0.0400000000,59,52,84,0.7837444000,2.034220
243,-144.9734192922,8.6668519974,0.0400000000,66,56,90,0.7828534000,1.748567
244,-134.9308544122,8.7361888885,0.0400000000,81,67,110,0.7817644000,1.617245
245,-2.3986062648,8.4511308670,0.0500000000,64,57,76,0.7810120000,1.964311
246,-102.6673420394,8.6997585297,0.0500000000,61,47,79,0.7802299000,1.924018
247,-75.1447655141,8.4933156967,0.0500000000,52,44,65,0.7795864000,2.225628
248,-110.4068321966,8.5367040634,0.0500000000,65,57,88,0.7787152000,1.805343
249,-139.3888892888,8.7765874863,0.0500000000,70,57,85,0.7778737000,1.739708
250,-101.7386943378,7.1922693253,0.0400000000,69,59,99,0.7768936000,1.706151
251,-102.3433126965,7.6650371552,0.0400000000,60,48,76,0.7761412000,1.725585
252,-125.2491704759,8.3917217255,0.0400000000,60,51,78,0.7753690000,2.201456
253,-69.3692858018,7.7222018242,0.0400000000,48,43,56,0.7748146000,1.786990
254,-138.2035933594,7.9418253899,0.0400000000,88,73,113,0.7736959000,1.781611
255,-126.9529353867,8.3845701218,0.0400000000,86,75,107,0.7726366000,1.643079
256,-115.8055559815,7.2635049820,0.0400000000,82,76,108,0.7715674000,1.853297
257,-167.9162049159,7.3581743240,0.0400000000,84,70,110,0.7704784000,1.988082
258,-147.9411900301,7.3344707489,0.0400000000,73,68,95,0.7695379000,1.960925
259,-107.4300160329,7.3725223541,0.0400000000,67,62,84,0.7687063000,1.752842
260,-179.1966772460,6.8035631180,0.0400000000,72,54,89,0.7678252000,1.822595
261,-22.8887951307,6.2715520859,0.0500000000,46,40,65,0.7671817000,1.966515
262,-138.0617530889,6.2768321037,0.0500000000,57,48,81,0.7663798000,1.864911
263,-2.0030106319,6.0762696266,0.0500000000,59,50,75,0.7656373000,2.004632
264,-137.7171361852,6.3682212830,0.0500000000,74,63,95,0.7646968000,1.756917
265,-118.1661490418,6.2084951401,0.0500000000,82,66,103,0.7636771000,1.849854
266,-86.3513799873,6.7735238075,0.0400000000,88,72,112,0.7625683000,1.797844
267,-125.6548153645,5.4221086502,0.0400000000,81,69,104,0.7615387000,1.934352
268,-72.9508159849,5.4360332489,0.0400000000,56,49,70,0.7608457000,1.936458
269,-116.5444673099,5.3906488419,0.0400000000,90,78,112,0.7597369000,1.737569
270,-189.1415303650,6.0381364822,0.0400000000,85,72,119,0.7585588000,1.785241
271,-138.9475856384,5.3424720764,0.0400000000,74,60,101,0.7575589000,1.715611
272,-94.4860889361,4.8875036240,0.0400000000,60,54,79,0.7567768000,1.803476
273,-137.2334453717,4.8231849670,0.0400000000,79,73,99,0.7557967000,1.852944
274,-127.2846929903,5.1181907654,0.0400000000,88,81,114,0.7546681000,1.783857
275,-103.6412079092,4.7698040009,0.0400000000,68,61,86,0.7538167000,1.869400
276,-84.1854412101,5.3737201691,0.0400000000,54,45,70,0.7531237000,1.662562
277,-114.7170907686,4.2748041153,0.0400000000,93,76,109,0.7520446000,2.080872
278,-188.0893266970,4.1582508087,0.0400000000,62,52,78,0.7512724000,2.022087
279,-216.2348699256,4.3867764473,0.0400000000,93,78,111,0.7501735000,1.984946
280,-72.0455984927,4.2832155228,0.0400000000,57,51,66,0.7495201000,2.276519
281,-99.3650381452,4.0288891792,0.0400000000,63,58,85,0.7486786000,1.980543
282,-92.6057137972,3.8780436516,0.0400000000,60,48,78,0.7479064000,2.019114
283,-136.1730630495,4.0383672714,0.0400000000,55,46,86,0.7470550000,1.793419
284,-90.9991250257,3.9710621834,0.0400000000,89,76,123,0.7458373000,1.801672
285,-106.8114302910,3.7931590080,0.0400000000,48,40,73,0.7451146000,2.003878
286,-94.0116664606,4.2273330688,0.0400000000,53,51,71,0.7444117000,2.007622
287,-87.4393311368,4.3523287773,0.0400000000,87,74,107,0.7433524000,2.280867
288,-92.2175693120,4.7031989098,0.0400000000,52,40,71,0.7426495000,1.944921
289,-107.0043854607,3.7387557030,0.0400000000,74,58,91,0.7417486000,2.011357
290,-107.4291566088,3.2185046673,0.0400000000,56,50,83,0.7409269000,1.932008
291,-79.3284611955,2.8360815048,0.0400000000,84,70,110,0.7398379000,2.243563
292,-109.7696168936,3.4906485081,0.0400000000,67,57,80,0.7390459000,1.876652
293,-124.6735863075,3.7489809990,0.0400000000,63,58,84,0.7382143000,2.113985
294,-118.3837223879,2.7478983402,0.0400000000,78,66,98,0.7372441000,1.956947
295,-143.7608176813,2.4941403866,0.0400000000,69,58,88,0.7363729000,2.052511
296,-106.2065054939,2.6890268326,0.0400000000,73,63,95,0.7354324000,1.692481
297,-115.7251461689,3.0660548210,0.0400000000,66,55,81,0.7346305000,1.771754
298,-117.3351585798,2.7587881088,0.0400000000,54,37,72,0.7339177000,1.881097
299,-89.5895831362,2.4692509174,0.0300000000,53,42,70,0.7332247000,1.947227
300,-2.1851480479,1.8977706432,0.0400000000,74,63,109,0.7321456000,1.941613
301,-106.1273074066,1.7945954800,0.0400000000,75,70,98,0.7311754000,2.412922
302,-74.4416303985,2.2266588211,0.0400000000,55,48,71,0.7304725000,2.603833
303,-75.1517421828,2.4051606655,0.0400000000,72,59,101,0.7294726000,1.972003
304,-25.7259677526,2.3477530479,0.0400000000,56,47,69,0.7287895000,1.903994
305,-204.8843650846,2.4875636101,0.0400000000,76,67,103,0.7277698000,1.866876
306,-108.6341119747,1.2681077719,0.0400000000,67,55,88,0.7268986000,1.947352
307,-90.6830950452,1.3025515079,0.0400000000,88,77,117,0.7257403000,2.050842
308,-110.8595305206,1.5001423359,0.0400000000,68,55,83,0.7249186000,1.638188
309,-20.3895685541,1.8128060102,0.0500000000,60,55,82,0.7241068000,1.972457
310,-89.0020894633,1.3508110046,0.0500000000,66,55,80,0.7233148000,2.685224
311,-124.4847375763,0.9019218683,0.0500000000,78,68,109,0.7222357000,2.140365
312,-94.6209807136,0.8311226368,0.0500000000,52,42,71,0.7215328000,2.299327
313,-108.6254426361,0.9121800661,0.0500000000,60,53,80,0.7207408000,2.041754
314,-47.1784637273,0.6350018978,0.0600000000,39,32,62,0.7201270000,1.818984
315,-131.9539597809,0.6850341558,0.0600000000,62,51,74,0.7193944000,2.056831
316,-169.5108962962,0.9789705276,0.0600000000,75,66,100,0.7184044000,2.154809
317,-111.0806596747,0.5389829874,0.0600000000,68,56,76,0.7176520000,2.236956
318,-35.4000834489,0.6427518725,0.0700000000,60,50,84,0.7168204000,1.836063
319,-109.9531585287,0.5600935817,0.0700000000,66,57,81,0.7160185000,2.195182
320,-110.0411882256,0.4897859991,0.0700000000,70,61,88,0.7151473000,1.553355
321,-78.2075303904,1.4880733490,0.0700000000,101,87,130,0.7138603000,1.923665
322,-139.7945720196,0.3965697289,0.0700000000,72,65,101,0.7128604000,1.860809
323,-104.2302588153,1.1566909552,0.0700000000,65,56,80,0.7120684000,2.028235
324,-109.9705623508,0.2969539762,0.0700000000,85,74,99,0.7110883000,2.227439
325,-103.8787920748,0.2155591249,0.0700000000,57,53,67,0.7104250000,2.265546
326,-69.6904803738,0.0388614535,0.0700000000,59,53,69,0.7097419000,1.869105
327,-81.1612902865,0.2994282842,0.0700000000,67,52,79,0.7089598000,2.068484
328,-116.5102969074,-0.4681868255,0.0700000000,69,63,91,0.7080589000,1.801446
329,-145.5074168700,-0.2033430934,0.0700000000,63,54,73,0.7073362000,1.993966
330,-75.5956730917,-0.1019890904,0.0700000000,79,70,95,0.7063957000,2.390815
331,-104.4320346783,-0.2024207711,0.0700000000,53,45,72,0.7056829000,2.110758
332,-128.3768481209,0.4864338338,0.0700000000,79,67,96,0.7047325000,2.461856
333,-122.1894764612,0.2336214632,0.0700000000,86,73,115,0.7035940000,2.030703
334,-78.1790715783,-1.0065370798,0.0700000000,69,58,94,0.7026634000,2.132227
335,-116.1441652929,-0.3718076944,0.0700000000,77,66,106,0.7016140000,2.076934
336,-64.6147866556,-0.7802591920,0.0700000000,62,49,77,0.7008517000,2.772930
337,-89.8412500233,-1.0398049355,0.0700000000,57,51,76,0.7000993000,1.817834
338,-107.2256296440,-0.3485691547,0.0700000000,54,46,66,0.6994459000,2.198281
339,-17.4380824738,-0.4746201634,0.0700000000,104,93,133,0.6981292000,2.116340
340,-138.6484720964,-0.5165873766,0.0600000000,61,54,76,0.6973768000,1.962794
341,-117.3892201989,-0.9437558055,0.0600000000,79,66,92,0.6964660000,2.341204
342,-112.5723404458,-1.4903043509,0.0600000000,64,57,86,0.6956146000,2.170988
343,-42.9155716727,-1.3030556440,0.0600000000,51,43,67,0.6949513000,2.078996
344,-99.3796224622,-1.2468285561,0.0600000000,85,72,120,0.6937633000,1.965393
345,-105.3480351978,-1.8311067820,0.0500000000,66,56,83,0.6929416000,2.346100
346,-57.5199055325,-2.0663337708,0.0500000000,75,60,110,0.6918526000,2.046996
347,-135.3222976746,-1.1210321188,0.0500000000,66,57,82,0.6910408000,2.296311
348,-44.6644238270,-1.5311856270,0.0500000000,61,55,77,0.6902785000,2.434074
349,-79.0427216809,-0.9784116745,0.0500000000,58,48,68,0.6896053000,2.314190
350,-68.9873897475,-1.0909192562,0.0500000000,78,64,121,0.6884074000,2.305848
351,-100.9583317192,-1.6316037178,0.0500000000,52,47,65,0.6877639000,2.314345
352,-97.7127873624,-0.7897427082,0.0500000000,64,52,82,0.6869521000,2.064232
353,-68.8729008737,-1.9215369225,0.0500000000,88,77,119,0.6857740000,2.198974
354,-90.0846143177,-1.0944702625,0.0500000000,63,57,83,0.6849523000,2.267534
355,-86.2069107153,-1.7645429373,0.0500000000,53,47,75,0.6842098000,1.864667
356,-102.2991541293,-1.0217933655,0.0500000000,53,48,70,0.6835168000,1.983293
357,-92.1438778556,-2.9088659286,0.0500000000,84,75,104,0.6824872000,2.176815
358,-76.9541213528,-2.7714591026,0.0500000000,48,38,64,0.6818536000,1.813678
359,-102.8649126053,-2.3386619091,0.0500000000,68,59,78,0.6810814000,2.444903
360,-98.9495114338,-2.3491168022,0.0500000000,69,58,84,0.6802498000,2.233517
361,-90.7952602127,-2.0664823055,0.0400000000,46,39,62,0.6796360000,1.830283
362,-48.5678781929,-2.3613374233,0.0500000000,78,64,95,0.6786955000,2.303985
363,-103.5539660338,-2.7020497322,0.0500000000,77,65,96,0.6777451000,1.957133
364,-84.4347986317,-2.0541303158,0.0500000000,63,59,74,0.6770125000,2.394387
365,-101.4616341244,-1.4679569006,0.0500000000,79,70,113,0.6758938000,2.097140
366,-101.8780313942,-2.3992531300,0.0500000000,76,58,96,0.6749434000,2.115573
367,-148.2483749971,-2.4949440956,0.0500000000,71,60,90,0.6740524000,2.461953
368,-155.4682996372,-2.9703235626,0.0500000000,82,68,98,0.6730822000,1.969755
369,-83.2642421798,-2.6408009529,0.0500000000,51,45,58,0.6725080000,2.322549
370,-84.4535165483,-2.1530933380,0.0500000000,56,46,76,0.6717556000,2.283960
371,-28.2962710894,-1.7326518297,0.0600000000,81,70,98,0.6707854000,1.749963
372,-131.6292475010,-2.1660225391,0.0600000000,75,67,100,0.6697954000,1.984048
373,-197.2618738205,-1.7918566465,0.0600000000,85,78,105,0.6687559000,2.026279
374,-117.0869085528,-2.1514914036,0.0600000000,59,55,79,0.6679738000,1.923406
375,-125.5321328802,-3.2930836678,0.0600000000,80,69,112,0.6668650000,2.291135
376,-114.7905648215,-2.9813013077,0.0600000000,63,53,84,0.6660334000,2.070814
377,-31.7922108474,-2.9513399601,0.0600000000,72,60,81,0.6652315000,2.224700
378,-93.5945055014,-3.0379588604,0.0600000000,74,61,91,0.6643306000,2.318149
379,-131.3674898128,-4.1423673630,0.0600000000,88,80,115,0.6631921000,2.177648
380,-86.1638320880,-3.5204596519,0.0600000000,72,62,105,0.6621526000,2.151074
381,-77.3486271897,-3.7324769497,0.0600000000,74,63,91,0.6612517000,1.890655
382,-76.8797360483,-3.2746217251,0.0600000000,75,69,92,0.6603409000,2.260427
383,-88.3377734500,-3.5786581039,0.0600000000,101,88,129,0.6590638000,1.971006
384,-112.5448348257,-3.6887364388,0.0600000000,78,61,112,0.6579550000,2.182478
385,-111.7067596816,-3.9467921257,0.0600000000,50,44,69,0.6572719000,2.263710
386,-118.4665002262,-3.9757363796,0.0600000000,88,78,117,0.6561136000,2.162028
387,-83.7444533018,-3.9293940067,0.0600000000,74,64,101,0.6551137000,2.213275
388,-100.9518650221,-3.8120899200,0.0600000000,66,58,86,0.6542623000,2.282869
389,-202.8888384511,-3.4597575665,0.0600000000,109,98,136,0.6529159000,2.210840
390,-87.3951501139,-3.6778335571,0.0600000000,97,82,123,0.6516982000,2.131545
391,-151.4089270184,-3.8754730225,0.0600000000,54,48,80,0.6509062000,2.351941
392,-41.1366923839,-3.0966858864,0.0600000000,61,54,75,0.6501637000,2.079045
393,-82.6255670681,-3.3728203773,0.0600000000,88,76,126,0.6489163000,2.302276
394,-49.8231993357,-3.4130680561,0.0600000000,93,79,113,0.6477976000,1.895729
395,-129.5816605126,-4.3877677917,0.0600000000,54,46,76,0.6470452000,2.021301
396,-23.3976660854,-4.9796218872,0.0600000000,53,47,70,0.6463522000,1.753484
397,-91.9991519520,-4.0445089340,0.0600000000,89,78,117,0.6451939000,2.411097
398,-57.2186920755,-4.5493855476,0.0600000000,70,63,77,0.6444316000,1.828591
399,-66.5160041494,-3.8374187946,0.0600000000,67,55,78,0.6436594000,2.070732
400,-71.1724819416,-4.3811988831,0.0500000000,64,55,88,0.6427882000,1.887840
401,-74.7282181287,-4.8971633911,0.0500000000,49,44,56,0.6422338000,1.999833
402,-70.8288380282,-4.8960123062,0.0500000000,85,68,116,0.6410854000,2.337375
403,-74.9478143988,-5.0380930901,0.0500000000,59,51,72,0.6403726000,2.077291
404,16.2500416727,-3.8021383286,0.0600000000,52,44,68,0.6396994000,2.051040
405,-65.5008851394,-4.7185955048,0.0600000000,54,47,70,0.6390064000,2.476810
406,-82.5538624471,-4.0016341209,0.0600000000,56,48,79,0.6382243000,2.006606
407,-107.8433116736,-4.3485102654,0.0600000000,66,55,86,0.6373729000,1.933678
408,-184.6876853700,-4.0601296425,0.0600000000,96,77,127,0.6361156000,1.899450
409,-149.1634508094,-3.8111844063,0.0500000000,90,73,128,0.6348484000,1.859974
410,-125.7644503256,-4.5393528938,0.0500000000,84,75,105,0.6338089000,2.290539
411,-127.3708781723,-4.3660645485,0.0500000000,72,55,92,0.6328981000,2.290295
412,-92.1021268530,-5.3941326141,0.0500000000,75,61,110,0.6318091000,1.871263
413,-78.2838783138,-4.9469308853,0.0500000000,76,63,107,0.6307498000,2.141004
414,-94.1210529460,-5.1681470871,0.0400000000,74,63,89,0.6298687000,1.956309
415,-131.9029120331,-5.7995376587,0.0400000000,51,42,61,0.6292648000,2.158304
416,-79.1750559072,-5.0963273048,0.0400000000,65,52,80,0.6284728000,1.950994
417,-67.4320652970,-4.6260766983,0.0400000000,65,58,77,0.6277105000,2.547229
418,-66.0672141034,-4.6721796989,0.0300000000,70,59,84,0.6268789000,2.061347
419,-117.5390415480,-3.9442262650,0.0300000000,71,61,101,0.6258790000,2.295975
420,-94.9088793874,-4.5738363266,0.0300000000,82,76,115,0.6247405000,2.046820
421,-85.8485569119,-4.2344713211,0.0300000000,72,67,98,0.6237703000,1.930060
422,-50.3587366922,-5.0720210075,0.0300000000,66,59,81,0.6229684000,2.081075
423,-57.4143699131,-4.4367885590,0.0300000000,61,55,73,0.6222457000,2.047828
424,-132.2178141543,-4.1794147491,0.0300000000,47,38,57,0.6216814000,2.136458
425,-58.2627309661,-4.7538642883,0.0300000000,91,76,113,0.6205627000,1.884422
426,-98.0646482994,-4.7405018806,0.0300000000,51,48,72,0.6198499000,1.887085
427,-104.0380690382,-4.6485190392,0.0300000000,72,57,99,0.6188698000,2.142026
428,-70.8522494338,-3.8092260361,0.0300000000,85,78,113,0.6177511000,1.914412
429,-67.1095816856,-4.3245267868,0.0300000000,74,66,96,0.6168007000,1.908115
430,-27.2842494172,-4.6862397194,0.0300000000,77,66,97,0.6158404000,1.681516
431,-36.4802488368,-5.3201198578,0.0300000000,53,47,66,0.6151870000,2.045372
432,-109.7501889609,-5.9766654968,0.0300000000,90,75,116,0.6140386000,2.155313
433,-78.9375111871,-4.5796642303,0.0300000000,52,38,67,0.6133753000,1.971705
434,-9.9627167177,-4.2764029503,0.0400000000,80,70,113,0.6122566000,2.029550
435,-188.6942976538,-4.9996309280,0.0400000000,113,98,136,0.6109102000,1.807457
436,-89.6698132615,-5.2968287468,0.0400000000,66,53,104,0.6098806000,1.992192
437,-18.8352009013,-5.1667914391,0.0500000000,88,73,117,0.6087223000,1.992053
438,-96.2291124427,-5.2558455467,0.0500000000,59,54,72,0.6080095000,2.099594
439,-104.8810829939,-4.9298529625,0.0500000000,103,84,118,0.6068413000,2.144098
440,-55.1818678590,-5.6225094795,0.0500000000,81,73,95,0.6059008000,2.241344
441,-107.2504894086,-5.7234582901,0.0500000000,69,54,101,0.6049009000,1.972026
442,-93.4942667562,-5.5524258614,0.0500000000,86,78,123,0.6036832000,2.002541
443,-82.8062165166,-5.7913632393,0.0500000000,84,76,108,0.6026140000,2.008387
444,-29.0302413874,-5.2600636482,0.0600000000,83,68,105,0.6015745000,1.982757
445,-119.0807611472,-5.4468107224,0.0600000000,68,55,76,0.6008221000,1.942972
446,-222.1829883017,-4.8197240829,0.0600000000,93,76,139,0.5994460000,1.832827
447,-83.7337587501,-4.9372234344,0.0600000000,56,48,72,0.5987332000,1.981948
448,-121.6114209309,-4.8109893799,0.0600000000,81,67,104,0.5977036000,1.839310
449,-91.9167147792,-5.3026180267,0.0600000000,57,48,70,0.5970106000,1.925585
450,-147.5095666436,-5.2000761032,0.0600000000,88,80,107,0.5959513000,2.013807
451,-63.2647658590,-5.3131704330,0.0600000000,67,58,80,0.5951593000,1.762592
452,23.1855920743,-4.8991460800,0.0700000000,64,53,71,0.5944564000,2.118002
453,-85.0092172132,-5.3430862427,0.0700000000,73,65,81,0.5936545000,2.089407
454,-115.9942981485,-5.7184882164,0.0700000000,91,77,107,0.5925952000,1.987391
455,-119.3938260740,-5.7974820137,0.0700000000,66,54,89,0.5917141000,2.202953
456,-87.6712381755,-5.1249837875,0.0700000000,80,69,104,0.5906845000,1.981262
457,-94.2837840011,-4.8423199654,0.0700000000,98,86,128,0.5894173000,2.300646
458,-101.1719023702,-5.8044762611,0.0700000000,77,64,114,0.5882887000,2.143130
459,-106.2043794356,-7.0698957443,0.0700000000,61,54,86,0.5874373000,1.911042
460,-81.5397236380,-5.9400434494,0.0700000000,57,50,75,0.5866948000,1.962188
461,-402.4921805208,-6.0461878777,0.0700000000,520,455,624,0.5805172000,1.843069
462,-16.1664288168,-6.6705503464,0.0700000000,61,57,81,0.5797153000,1.927949
463,-101.9267383343,-6.1873717308,0.0700000000,95,83,104,0.5786857000,1.944703
464,-88.2966339663,-6.2901468277,0.0700000000,64,51,77,0.5779234000,2.025199
465,-34.0097598906,-6.9510226250,0.0700000000,57,49,66,0.5772700000,2.220054
466,-66.8723148418,-6.2760839462,0.0700000000,72,61,81,0.5764681000,2.190353
467,-193.5559945997,-5.7029991150,0.0700000000,84,78,111,0.5753692000,2.020570
468,-96.0039865547,-6.3062314987,0.0700000000,64,56,82,0.5745574000,1.987890
469,-33.8971409558,-6.2529993057,0.0700000000,72,57,90,0.5736664000,1.901309
470,-67.1658569903,-6.7116327286,0.0700000000,56,46,70,0.5729734000,2.467051
471,-58.0030932074,-6.1330103874,0.0600000000,77,60,92,0.5720626000,2.004248
472,20.6278006632,-5.2640752792,0.0700000000,68,61,87,0.5712013000,1.972136
473,-63.2836868002,-6.2101111412,0.0700000000,105,90,128,0.5699341000,1.964601
474,-53.6701557080,-6.7529168129,0.0700000000,86,80,129,0.5686570000,2.004130
475,-92.5565806681,-7.0069746971,0.0700000000,73,56,104,0.5676274000,2.207092
476,-61.3324090525,-6.6059255600,0.0700000000,79,69,90,0.5667364000,1.862781
477,-35.3634740539,-6.7665729523,0.0700000000,57,48,74,0.5660038000,2.164878
478,-117.5813034792,-6.3999338150,0.0700000000,71,60,84,0.5651722000,2.005980
479,-91.9315222676,-7.0235624313,0.0700000000,83,73,118,0.5640040000,1.841003
480,-92.0183469667,-7.6567492485,0.0700000000,89,76,122,0.5627962000,1.968562
481,-81.1583234772,-6.7156152725,0.0700000000,68,57,76,0.5620438000,2.216176
482,-106.4729227386,-7.0053453445,0.0700000000,85,71,116,0.5608954000,1.768411
483,-78.6182388136,-6.5312252045,0.0700000000,54,44,64,0.5602618000,2.065504
484,-71.9364338805,-6.8669528961,0.0700000000,131,113,160,0.5586778000,2.061530
485,-68.5086558626,-7.4388666153,0.0700000000,79,65,94,0.5577472000,2.072954
486,-112.2952803414,-8.0995826721,0.0700000000,88,73,106,0.5566978000,1.892490
487,-19.6195297047,-7.4605865479,0.0700000000,104,92,122,0.5554900000,1.892545
488,-92.7722034867,-8.0704402924,0.0700000000,70,57,90,0.5545990000,2.200242
489,-110.0504350065,-8.3265686035,0.0700000000,82,72,118,0.5534308000,1.865310
490,-194.5288047533,-7.1838254929,0.0700000000,100,88,118,0.5522626000,2.186059
491,-78.0371278979,-7.2033796310,0.0700000000,75,62,101,0.5512627000,1.893303
492,-118.7655074525,-8.3020086288,0.0700000000,75,62,91,0.5503618000,1.790737
493,-78.7583568225,-7.4303851128,0.0700000000,61,50,69,0.5496787000,1.796395
494,-71.4489236355,-8.1783103943,0.0700000000,74,66,98,0.5487085000,2.143378
495,-74.5783849660,-8.5194654465,0.0700000000,87,71,111,0.5476096000,2.352974
496,-90.4946087970,-7.8971481323,0.0700000000,65,52,89,0.5467285000,1.875413
497,25.2856336404,-8.4177131653,0.0800000000,83,67,114,0.5455999000,1.765791
498,-86.0821879804,-7.9968357086,0.0800000000,120,100,140,0.5442139000,2.042550
499,-94.7346924003,-8.8828382492,0.0800000000,84,70,110,0.5431249000,2.028375
500,-97.3179512757,-8.8865518570,0.0800000000,99,82,131,0.5418280000,2.052579
501,-60.0106845746,-8.2442398071,0.0800000000,66,57,78,0.5410558000,2.033611
502,-81.1234472772,-8.2516536713,0.0800000000,118,102,148,0.5395906000,2.024400
503,-111.4995223259,-9.2393970490,0.0800000000,94,81,113,0.5384719000,1.946109
504,-133.6669862781,-8.1098699570,0.0700000000,80,67,112,0.5373631000,2.171576
505,-84.9044392457,-9.0510950089,0.0700000000,83,69,105,0.5363236000,1.768968
506,-48.2296517712,-8.5386943817,0.0700000000,86,77,99,0.5353435000,1.791080
507,-51.9414718009,-8.8024787903,0.0700000000,64,56,85,0.5345020000,2.138271
508,-76.2048643823,-8.4441690445,0.0700000000,69,56,78,0.5337298000,2.056788
509,-13.6491682062,-8.5883903503,0.0700000000,86,73,109,0.5326507000,2.011121
510,17.5248330254,-8.6396427155,0.0800000000,76,66,90,0.5317597000,1.987797
511,-53.6530224912,-8.8006563187,0.0800000000,65,57,81,0.5309578000,1.858649
512,-253.0250964694,-8.8185529709,0.0800000000,122,105,140,0.5295718000,1.972076
513,-81.8683502005,-7.0704998970,0.0800000000,55,46,70,0.5288788000,1.836908
514,-82.5282354462,-8.0561008453,0.0800000000,84,73,101,0.5278789000,2.055508
515,-48.1518766651,-9.1554937363,0.0800000000,110,99,131,0.5265820000,2.086203
516,-88.7722911162,-8.6103982925,0.0800000000,78,68,113,0.5254633000,1.958263
517,10.4078317701,-7.9179043770,0.0900000000,72,57,83,0.5246416000,1.785639
518,-51.0187065008,-9.2240829468,0.0900000000,75,67,94,0.5237110000,1.932735
519,-21.6999112230,-8.1319303513,0.1000000000,69,55,109,0.5226319000,1.958850
520,-37.0395761042,-8.0025634766,0.1000000000,72,61,86,0.5217805000,2.134314
521,-87.9307033247,-8.0449438095,0.1000000000,64,51,75,0.5210380000,1.914689
522,-118.6479347558,-8.2672729492,0.1000000000,87,74,110,0.5199490000,1.908932
523,-75.1531437594,-8.7653760910,0.1000000000,65,52,82,0.5191372000,2.089218
524,-87.0812686975,-8.2722425461,0.1000000000,80,69,107,0.5180779000,2.044981
525,-142.4995500953,-8.4873971939,0.1000000000,102,88,138,0.5167117000,2.110900
526,-13.4135627575,-9.4436492920,0.1100000000,90,81,115,0.5155732000,1.963175
527,-104.0539300541,-10.4493484497,0.1100000000,102,80,131,0.5142763000,1.807563
528,-140.8244087951,-9.9926786423,0.1100000000,92,83,109,0.5131972000,2.260762
529,-86.8034301013,-9.4365653992,0.1100000000,85,70,96,0.5122468000,2.042048
530,-77.7991744918,-9.6168889999,0.1100000000,60,54,74,0.5115142000,1.889919
531,23.9174066303,-9.9623327255,0.1200000000,64,59,82,0.5107024000,1.574592
532,-48.2620561201,-10.8354272842,0.1200000000,78,66,113,0.5095837000,2.059140
533,11.3987435649,-9.0078125000,0.1200000000,128,107,159,0.5080096000,1.830436
534,-66.7925381590,-8.8622951508,0.1100000000,97,85,142,0.5066038000,2.041982
535,50.7426999899,-9.4667186737,0.1200000000,80,70,95,0.5056633000,2.040575
536,-52.2623822816,-9.9095935822,0.1200000000,77,66,96,0.5047129000,2.102263
537,-206.6605125921,-9.0685176849,0.1100000000,99,89,110,0.5036239000,2.114414
538,-26.6482008609,-9.0469551086,0.1100000000,102,88,132,0.5023171000,2.178071
539,-133.9283585179,-9.3387546539,0.1100000000,87,73,100,0.5013271000,1.883591
540,-26.6717780368,-9.4495830536,0.1100000000,99,89,122,0.5001193000,2.331480
541,-47.3932774546,-9.3566913605,0.1100000000,65,56,83,0.4992976000,1.975445
542,-120.5989014145,-10.0118637085,0.1100000000,140,124,156,0.4977532000,1.981160
543,-144.0114293835,-10.2564458847,0.1100000000,100,87,135,0.4964167000,2.119526
544,-71.2195591284,-10.3028326035,0.1000000000,65,54,81,0.4956148000,2.172306
545,-221.3782660513,-10.4920501709,0.1000000000,104,90,111,0.4945159000,1.955705
546,-45.3793822144,-10.3001537323,0.1000000000,82,73,112,0.4934071000,1.825247
547,-16.0958404590,-10.8023948669,0.1000000000,85,72,99,0.4924270000,2.200347
548,-59.8889293837,-10.1277713776,0.1000000000,111,91,137,0.4910707000,2.224359
549,10.9727970783,-10.4426574707,0.1100000000,61,53,69,0.4903876000,2.171292
550,-105.1420262011,-9.5510616302,0.1100000000,76,63,82,0.4895758000,1.866578
551,-293.8933745042,-9.7874755859,0.1100000000,110,104,130,0.4882888000,1.886668
552,-84.1096555165,-9.2370691299,0.1000000000,77,67,96,0.4873384000,2.246785
553,-102.7751692958,-9.0046195984,0.1000000000,76,65,102,0.4863286000,2.168410
554,-13.3601689530,-9.7738780975,0.1100000000,76,62,102,0.4853188000,2.187294
555,-85.1673030048,-9.3714056015,0.1100000000,65,53,76,0.4845664000,1.856470
556,-49.0909152569,-10.1050338745,0.1100000000,54,47,66,0.4839130000,2.281491
557,-46.9506209604,-10.4219350815,0.1100000000,62,54,88,0.4830418000,2.266634
558,-113.9767023634,-10.1965951920,0.1100000000,90,77,116,0.4818934000,2.032989
559,-66.2506817554,-10.2994470596,0.1100000000,86,76,127,0.4806361000,2.196885
560,1.9675322138,-9.7949695587,0.1200000000,75,67,103,0.4796164000,2.154144
561,-68.8579811635,-10.1516532898,0.1200000000,62,51,70,0.4789234000,1.972199
562,-114.6119806770,-11.0165653229,0.1100000000,85,74,101,0.4779235000,2.058778
563,-116.2079384115,-9.3381662369,0.1100000000,63,51,90,0.4770325000,1.729391
564,-96.3899996345,-10.0473270416,0.1100000000,71,60,94,0.4761019000,2.062476
565,-75.2123001982,-8.8755035400,0.1100000000,72,60,88,0.4752307000,2.050280
566,-13.1046389874,-8.7700719833,0.1100000000,103,91,141,0.4738348000,2.070684
567,-137.2376723795,-9.4280471802,0.1100000000,90,77,100,0.4728448000,2.437231
568,-259.3290833513,-10.1265478134,0.1100000000,112,96,121,0.4716469000,2.070155
569,-97.6537304713,-10.5457954407,0.1100000000,104,86,119,0.4704688000,1.700456
570,5.5728991572,-10.3549690247,0.1200000000,68,56,98,0.4694986000,2.215971
571,-99.5936100810,-10.7798948288,0.1200000000,52,44,59,0.4689145000,2.004205
572,-111.3339538187,-8.8099689484,0.1100000000,91,81,109,0.4678354000,2.044138
573,-73.7070409250,-9.6740407944,0.1100000000,66,55,92,0.4669246000,2.452548
574,-49.7074686010,-9.5030307770,0.1100000000,73,62,88,0.4660534000,2.177243
575,-45.0487449456,-10.5346450806,0.1100000000,76,61,90,0.4651624000,1.919716
576,21.7944507901,-10.9921121597,0.1200000000,53,47,75,0.4644199000,2.200023
577,-59.9872139165,-9.9875459671,0.1200000000,73,63,87,0.4635586000,1.784889
578,-42.7770521413,-11.4586992264,0.1200000000,92,80,106,0.4625092000,2.188487
579,-54.8627101158,-11.7338075638,0.1200000000,89,73,116,0.4613608000,1.868557
580,-107.9089486616,-10.4811553955,0.1200000000,65,55,72,0.4606480000,2.342958
581,-130.5765305918,-10.4872064590,0.1200000000,101,86,131,0.4593511000,2.316678
582,-43.1460738097,-11.1418447495,0.1200000000,88,74,105,0.4583116000,1.797235
583,-195.3493888380,-11.3527812958,0.1200000000,234,197,270,0.4556386000,1.844478
584,-57.2918767380,-11.7527284622,0.1200000000,72,61,90,0.4547476000,2.022992
585,-32.7629956246,-10.6489000320,0.1200000000,73,61,78,0.4539754000,2.005082
586,-59.7428448864,-10.1847066879,0.1200000000,117,91,139,0.4525993000,2.032171
587,-17.2367848850,-10.2591190338,0.1300000000,63,52,84,0.4517677000,1.782082
588,-88.3443125977,-11.5265169144,0.1300000000,73,65,119,0.4505896000,1.960669
589,-63.0398297073,-11.6498126984,0.1300000000,176,150,203,0.4485799000,2.334276
590,-77.6399231333,-12.0362930298,0.1300000000,77,66,99,0.4475998000,2.317746
591,-121.8975454323,-11.6723060608,0.1300000000,92,77,110,0.4465108000,1.895738
592,-70.5806177146,-11.6211328506,0.1300000000,94,78,130,0.4452238000,2.118468
593,-72.9534941072,-11.8655719757,0.1300000000,80,67,92,0.4443130000,2.254300
594,19.3837869061,-10.7860527039,0.1400000000,102,88,138,0.4429468000,2.009324
595,-72.6309250913,-11.5264587402,0.1400000000,132,110,169,0.4412737000,2.236106
596,-77.8941657703,-11.4380083084,0.1400000000,68,60,110,0.4401847000,2.348891
597,-125.0942956815,-11.3098945618,0.1300000000,92,81,106,0.4391353000,2.279626
598,24.2546885909,-11.3987112045,0.1400000000,88,71,120,0.4379473000,2.456524
599,-33.7754414677,-12.7050218582,0.1400000000,56,50,63,0.4373236000,1.981236
600,-58.3024254821,-12.7587509155,0.1400000000,67,54,77,0.4365613000,2.118846
601,-84.8311473997,-12.0988016129,0.1400000000,69,57,80,0.4357693000,2.049110
602,-42.2174427995,-12.2808208466,0.1400000000,66,59,81,0.4349674000,2.630822
603,-45.1001717180,-12.0195055008,0.1400000000,92,74,113,0.4338487000,2.169318
604,-40.3065812068,-11.6412220001,0.1400000000,98,86,114,0.4327201000,2.228674
605,-29.3534971126,-12.1283531189,0.1400000000,74,64,91,0.4318192000,2.105539
606,37.7083765414,-11.7791528702,0.1400000000,91,80,107,0.4307599000,2.099821
607,-109.4236276368,-12.2216835022,0.1400000000,90,76,116,0.4296115000,2.080977
608,-31.2978432241,-11.2953548431,0.1400000000,158,134,177,0.4278592000,2.395547
609,-38.9762792444,-11.5348443985,0.1400000000,160,139,194,0.4259386000,2.201729
610,4.1807211240,-11.3992080688,0.1400000000,91,76,114,0.4248100000,2.247584
611,-107.1994949479,-11.0010204315,0.1400000000,80,70,89,0.4239289000,2.274539
612,16.9309653181,-12.2775907516,0.1500000000,63,47,89,0.4230478000,2.530172
613,-114.4342572043,-11.0332670212,0.1500000000,93,83,105,0.4220083000,2.238513
614,-7.5124249797,-11.6225280762,0.1600000000,94,75,119,0.4208302000,1.943948
615,-104.6119717402,-12.4295082092,0.1600000000,72,56,87,0.4199689000,2.308477
616,-51.7749431693,-12.8204212189,0.1600000000,94,83,109,0.4188898000,1.902289
617,-75.8953274954,-12.4858684540,0.1500000000,59,47,66,0.4182364000,2.487051
618,-30.3490267453,-12.8436231613,0.1600000000,57,43,79,0.4174543000,2.085419
619,13.3694173074,-12.2755851746,0.1600000000,64,54,82,0.4166425000,2.253555
620,1.5254383636,-12.6589221954,0.1700000000,110,92,136,0.4152961000,1.945921
621,-55.0353185677,-11.6201143265,0.1700000000,145,130,166,0.4136527000,2.184211
622,-22.4659757013,-12.3645191193,0.1700000000,129,103,159,0.4120786000,2.052338
623,-50.0089221286,-11.8748693466,0.1700000000,146,124,185,0.4102471000,2.126616
624,-58.2000391453,-11.3683710098,0.1700000000,105,95,116,0.4090987000,2.213464
625,-66.9557218708,-12.5173969269,0.1700000000,121,96,135,0.4077622000,2.268354
626,-84.2270423477,-11.9942626953,0.1600000000,92,75,121,0.4065643000,2.074313
627,-52.6394128949,-11.2606086731,0.1600000000,81,65,101,0.4055644000,2.249748
628,-89.6299223563,-10.8543300629,0.1600000000,113,90,127,0.4043071000,2.204558
629,4.6059938116,-12.8533382416,0.1700000000,71,63,85,0.4034656000,2.504845
630,-40.2359022328,-12.0192461014,0.1700000000,114,99,133,0.4021489000,2.100830
631,-77.5879168054,-10.5356760025,0.1600000000,143,114,171,0.4004560000,2.224635
632,-209.7155624623,-11.9567117691,0.1600000000,119,104,140,0.3990700000,2.493793
633,1.5651934056,-10.9120578766,0.1700000000,78,63,92,0.3981592000,2.120494
634,-76.0632432851,-11.2518291473,0.1700000000,74,57,102,0.3971494000,3.011856
635,-1.2896619139,-11.6896457672,0.1600000000,100,84,134,0.3958228000,2.139691
636,-25.2903180801,-9.6812534332,0.1600000000,68,61,106,0.3947734000,2.183194
637,20.8147961509,-10.6375322342,0.1700000000,77,67,121,0.3935755000,2.518503
638,-74.1636173324,-10.4281044006,0.1700000000,87,73,101,0.3925756000,1.907487
639,39.9257044045,-11.4403457642,0.1800000000,86,73,111,0.3914767000,1.846917
640,-73.7925436891,-10.3683338165,0.1800000000,70,60,92,0.3905659000,2.024549
641,-9.7625991792,-10.8545761108,0.1800000000,111,95,151,0.3890710000,2.218831
642,-70.9536852156,-9.8101482391,0.1800000000,89,71,103,0.3880513000,2.312172
643,-68.0449979611,-10.4353332520,0.1800000000,56,46,74,0.3873187000,1.609975
644,-97.9068177440,-10.3713111877,0.1800000000,73,56,81,0.3865168000,2.124223
645,-301.0730449296,-12.1603689194,0.1800000000,716,623,817,0.3784285000,2.145035
646,-88.4500668929,-9.9584579468,0.1900000000,351,308,386,0.3746071000,2.290902
647,-27.2995297342,-10.4794759750,0.1900000000,87,77,125,0.3733696000,2.248221
648,53.6897866592,-10.2179069519,0.2000000000,85,74,92,0.3724588000,1.854869
649,-24.8229675440,-11.6450242996,0.1900000000,95,84,115,0.3713203000,2.124249
650,-68.0407503320,-11.7669172287,0.1900000000,85,70,94,0.3703897000,1.794026
651,-71.5917624796,-11.3777227402,0.1900000000,55,43,101,0.3693898000,2.192416
652,-61.3601281734,-11.1453170776,0.1900000000,89,74,110,0.3683008000,2.189765
653,-94.5445767078,-11.2345685959,0.1900000000,134,109,163,0.3666871000,2.121738
654,-65.4573742650,-12.0891876221,0.1800000000,77,68,87,0.3658258000,2.263966
655,-33.0885043736,-12.9371166229,0.1800000000,91,80,101,0.3648259000,2.284419
656,-96.7663711170,-12.1370353699,0.1800000000,123,105,142,0.3634201000,2.382323
657,-50.1390433656,-12.2964134216,0.1800000000,72,55,82,0.3626083000,2.402558
658,-13.0362298799,-12.4073104858,0.1800000000,110,91,140,0.3612223000,2.089180
659,-52.7485463028,-12.5100450516,0.1800000000,69,53,81,0.3604204000,2.120988
660,-5.3792192509,-13.8933544159,0.1700000000,132,113,154,0.3588958000,2.041734
661,-97.6713300570,-13.1511898041,0.1700000000,71,57,85,0.3580543000,1.921940
662,-316.5474133919,-12.7518787384,0.1700000000,836,715,1000,0.3481543000,2.190065
663,-54.8596046278,-12.6886520386,0.1700000000,124,111,158,0.3465901000,2.074451
664,-41.0977212416,-12.6034564972,0.1700000000,155,137,171,0.3448972000,2.407491
665,-35.8743141405,-13.3337392807,0.1700000000,94,81,122,0.3436894000,2.584950
666,-45.4728694413,-12.7410459518,0.1700000000,109,92,142,0.3422836000,2.277532
667,-30.3468810815,-12.4615669250,0.1700000000,71,61,78,0.3415114000,2.280312
668,59.9402100538,-11.8292636871,0.1800000000,96,81,133,0.3401947000,2.100520
669,-19.4135175357,-12.3260765076,0.1800000000,109,97,141,0.3387988000,2.281851
670,35.6858654828,-12.3909006119,0.1800000000,85,73,96,0.3378484000,2.395418
671,-49.4430035917,-12.6094369888,0.1800000000,69,63,84,0.3370168000,2.437915
672,-22.6034953575,-11.0113849640,0.1800000000,123,104,151,0.3355219000,2.506455
673,-17.7903964564,-11.8012781143,0.1800000000,71,60,81,0.3347200000,2.316325
674,-313.9048048991,-11.3105106354,0.1800000000,505,419,570,0.3290770000,2.283250
675,-39.2321094293,-9.9795255661,0.1800000000,138,113,163,0.3274633000,2.249028
676,-49.8168146684,-11.6535720825,0.1700000000,105,94,124,0.3262357000,2.022367
677,25.9309652595,-10.7788295746,0.1700000000,180,156,218,0.3240775000,2.011047
678,20.5587551714,-10.9725494385,0.1800000000,83,71,110,0.3229885000,2.201193
679,-27.1244469101,-9.6964492798,0.1800000000,97,87,105,0.3219490000,2.382134
680,-21.2109870313,-11.3303871155,0.1800000000,113,97,124,0.3207214000,2.300909
681,-214.0409781954,-10.4546623230,0.1800000000,151,120,171,0.3190285000,2.219344
682,-259.1973701374,-10.4295406342,0.1800000000,917,763,1000,0.3091285000,2.279247
683,-14.7900750057,-10.6892948151,0.1800000000,152,135,168,0.3074653000,2.317161
684,-343.4067914393,-9.9808464050,0.1800000000,921,777,1000,0.2975653000,2.457500
685,-38.6511869836,-9.5172119141,0.1800000000,107,95,137,0.2962090000,2.511616
686,-249.0373941311,-7.4293098450,0.1800000000,612,510,718,0.2891008000,2.424081
687,-47.9557679781,-9.0481643677,0.1700000000,128,106,151,0.2876059000,2.268672
688,-302.3403553362,-8.3887996674,0.1700000000,875,744,1000,0.2777059000,2.381336
689,0.2179172244,-10.7982368469,0.1700000000,110,94,143,0.2762902000,2.243657
690,-49.7172912633,-9.6590366364,0.1700000000,96,79,119,0.2751121000,2.429678
691,18.0018888224,-9.3124351501,0.1700000000,90,77,134,0.2737855000,2.380144
692,-12.1374249004,-10.2703609467,0.1700000000,97,81,123,0.2725678000,2.344593
693,-74.1520032143,-11.1967353821,0.1700000000,77,61,86,0.2717164000,2.167215
694,-15.7820646882,-9.8797254562,0.1600000000,104,91,130,0.2704294000,2.259035
695,-14.8977508439,-11.4926452637,0.1600000000,88,74,102,0.2694196000,2.355068
696,-29.0392458352,-10.0632734299,0.1600000000,151,129,184,0.2675980000,2.513778
697,23.8132572743,-10.2394704819,0.1700000000,80,67,110,0.2665090000,2.359177
698,-282.4766521925,-10.8106393814,0.1600000000,873,742,1000,0.2566090000,2.439647
699,14.6280965788,-9.6428804398,0.1700000000,99,86,119,0.2554309000,2.132680
700,-39.1928459251,-10.8492574692,0.1700000000,130,104,150,0.2539459000,2.354987
701,-243.8921885359,-10.5834369659,0.1700000000,849,708,1000,0.2440459000,2.651805
702,-9.9962571219,-11.1613712311,0.1700000000,114,103,130,0.2427589000,2.365660
703,-35.9329077322,-10.7508754730,0.1700000000,117,103,147,0.2413036000,2.356950
704,-254.8548502086,-12.9068307877,0.1700000000,807,709,1000,0.2314036000,2.510911
705,44.4174583634,-11.3005275726,0.1800000000,84,66,126,0.2301562000,1.988246
706,-36.2865146469,-12.0691690445,0.1800000000,100,82,110,0.2290672000,2.475999
707,43.2510576684,-11.7172107697,0.1900000000,116,95,130,0.2277802000,2.371140
708,-139.7611680584,-11.8303079605,0.1900000000,722,604,1000,0.2178802000,2.490935
709,19.2988678562,-11.0700683594,0.1900000000,97,83,105,0.2168407000,2.237694
710,-168.7039950060,-11.5916328430,0.1800000000,142,120,187,0.2149894000,2.437744
711,-271.4225075416,-10.4128561020,0.1800000000,771,656,1000,0.2050894000,2.483968
712,-253.0571280734,-10.6573438644,0.1700000000,819,689,1000,0.1951894000,2.452659
713,-408.9157622272,-11.0480003357,0.1700000000,641,535,737,0.1878931000,2.585576
714,-228.8429169822,-12.0198745728,0.1600000000,767,639,1000,0.1779931000,2.467988
715,-297.9301879575,-11.8406972885,0.1600000000,818,701,1000,0.1680931000,2.509930
716,-284.4039143419,-12.4204883575,0.1600000000,827,727,1000,0.1581931000,2.411014
717,-291.1368361054,-12.6611623764,0.1600000000,830,711,1000,0.1482931000,2.354611
718,-350.4902579429,-12.9047641754,0.1500000000,816,701,1000,0.1383931000,2.376637
719,-487.5451134952,-13.1808662415,0.1400000000,732,624,863,0.1298494000,2.344217
720,-349.3499289821,-14.0177984238,0.1300000000,540,456,651,0.1234045000,2.440646
721,-262.7431475663,-13.9790811539,0.1300000000,351,301,441,0.1190386000,2.347339
722,-207.1956033087,-14.3695278168,0.1300000000,196,170,256,0.1165042000,2.364700
723,6.4362519786,-14.1019496918,0.1300000000,106,86,115,0.1153657000,2.188273
724,-281.0596991144,-13.0454483032,0.1300000000,379,332,450,0.1109107000,2.328563
725,-438.4096063066,-13.0278739929,0.1300000000,714,622,861,0.1023868000,2.273473
726,-364.5680110530,-13.3732862473,0.1300000000,527,447,678,0.0956746000,2.252603
727,-333.1070371250,-11.1532154083,0.1300000000,588,491,708,0.0886654000,2.366086
728,-220.8827960417,-11.0899848938,0.1300000000,257,221,327,0.0854281000,2.297208
729,-242.5378025786,-10.3105392456,0.1200000000,423,355,535,0.0801316000,2.495014
730,-287.9286240146,-10.1843757629,0.1200000000,356,300,385,0.0763201000,2.443344
731,-370.6057319177,-13.1621618271,0.1200000000,592,497,737,0.0690238000,2.431371
732,-283.2621463814,-14.0677595139,0.1200000000,772,653,1000,0.0591238000,2.263707
733,-311.3759257252,-11.7450151443,0.1100000000,799,669,1000,0.0492238000,2.284152
734,-305.7861835804,-12.2139930725,0.1100000000,770,649,1000,0.0393238000,2.245270
735,-312.5619791517,-11.9391956329,0.1100000000,721,624,1000,0.0294238000,2.329437
736,-302.5916338544,-13.7398614883,0.1100000000,744,636,1000,0.0195238000,2.255759
737,-289.3808986565,-10.3279228210,0.1000000000,735,613,1000,0.0100000000,2.387766
738,232.8507767350,-10.8002080917,0.1100000000,236,188,358,0.0100000000,2.315929
739,-230.8022457001,-10.3366346359,0.1000000000,725,621,1000,0.0100000000,2.231637
740,-243.3206786622,-10.6946878433,0.1000000000,743,639,1000,0.0100000000,2.157033
741,-306.9145414251,-9.8720340729,0.1000000000,754,624,1000,0.0100000000,2.145729
742,-285.9231043598,-8.8236570358,0.1000000000,743,629,1000,0.0100000000,2.077061
743,-285.8457924058,-7.1795654297,0.1000000000,755,642,1000,0.0100000000,1.964361
744,-285.1811928270,-9.9190950394,0.1000000000,752,631,1000,0.0100000000,1.897920
745,-268.1291687020,-9.9139108658,0.1000000000,751,631,1000,0.0100000000,1.966370
746,-256.5398198225,-12.0665922165,0.0900000000,770,639,1000,0.0100000000,1.868462
747,-330.9271640304,-13.4563474655,0.0900000000,729,631,1000,0.0100000000,1.997871
748,-211.6799740378,-12.6693172455,0.0800000000,752,638,1000,0.0100000000,1.829908
749,-263.2431453085,-12.6886501312,0.0800000000,742,642,1000,0.0100000000,1.855458
750,-257.5232515691,-13.9322729111,0.0800000000,754,642,1000,0.0100000000,1.797241
751,-230.7900686902,-13.7159233093,0.0800000000,789,672,1000,0.0100000000,1.794897
752,201.8101911819,-13.8089160919,0.0900000000,235,201,360,0.0100000000,1.751892
753,-206.8291368297,-14.6049728394,0.0900000000,749,633,1000,0.0100000000,1.821687
754,-269.6607003024,-15.5407600403,0.0900000000,761,647,1000,0.0100000000,1.755225
755,253.7948831266,-15.4921770096,0.1000000000,246,194,332,0.0100000000,1.718893
756,-218.5270070876,-14.8044271469,0.1000000000,791,691,1000,0.0100000000,1.699342
757,-239.7992428338,-15.8756809235,0.1000000000,838,715,1000,0.0100000000,1.659527
758,-236.8204526278,-13.3392601013,0.1000000000,794,681,1000,0.0100000000,1.673181
759,65.0939839704,-15.2274198532,0.1100000000,591,509,768,0.0100000000,1.671747
760,-258.6158722376,-13.9105806351,0.1100000000,838,708,1000,0.0100000000,1.683537
761,-234.7612916914,-16.4101581573,0.1100000000,837,709,1000,0.0100000000,1.648816
762,-254.0516256844,-17.0926380157,0.1100000000,835,708,1000,0.0100000000,1.612547
763,-299.8404123280,-17.9391365051,0.1100000000,837,717,1000,0.0100000000,1.652121
764,-275.1436881708,-16.3592815399,0.1100000000,802,687,1000,0.0100000000,1.578402
765,-271.9353169052,-14.2629461288,0.1100000000,808,697,1000,0.0100000000,1.557156
766,-269.7166484492,-13.9073905945,0.1100000000,809,683,1000,0.0100000000,1.498214
767,-241.5364299439,-13.8976736069,0.1100000000,802,696,1000,0.0100000000,1.489447
768,202.1362198547,-14.6543922424,0.1100000000,315,268,381,0.0100000000,1.499383
769,102.4434805948,-12.1204156876,0.1200000000,433,366,700,0.0100000000,1.503823
770,-278.2732818423,-13.9474639893,0.1100000000,850,716,1000,0.0100000000,1.462941
771,242.2158021472,-13.8105220795,0.1200000000,273,228,320,0.0100000000,1.430913
772,96.0623052005,-14.4563846588,0.1300000000,447,394,556,0.0100000000,1.424766
773,24.1120578702,-13.7387084961,0.1400000000,632,529,771,0.0100000000,1.467416
774,62.3118326787,-12.1227722168,0.1500000000,649,562,815,0.0100000000,1.466014
775,130.0917706751,-11.6809387207,0.1600000000,480,424,633,0.0100000000,1.391124
776,211.7054387294,-11.2583532333,0.1700000000,311,271,389,0.0100000000,1.441293
777,250.0966939076,-8.9720201492,0.1800000000,242,205,345,0.0100000000,1.430647
778,87.2079487367,-11.1568593979,0.1700000000,387,326,563,0.0100000000,1.329240
779,-106.6498562021,-8.6458110809,0.1700000000,734,629,951,0.0100000000,1.344139
780,151.9535402428,-10.8743457794,0.1800000000,367,300,450,0.0100000000,1.505088
781,-328.1053009508,-9.8065719604,0.1800000000,816,691,1000,0.0100000000,1.405878
782,-265.6634787629,-9.4097690582,0.1800000000,826,694,1000,0.0100000000,1.436006
783,-285.5455389751,-7.7891583443,0.1800000000,806,675,1000,0.0100000000,1.358366
784,300.6860982162,-8.2116394043,0.1900000000,106,93,160,0.0100000000,1.332883
785,-245.7467099487,-8.7259311676,0.1900000000,815,697,1000,0.0100000000,1.226169
786,177.7235051561,-6.9824123383,0.2000000000,325,286,457,0.0100000000,1.395492
787,89.8263568122,-4.0406055450,0.2100000000,601,519,819,0.0100000000,1.343619
788,-280.9597188252,-6.4169692993,0.2100000000,772,680,1000,0.0100000000,1.249137
789,-159.0391114078,-4.4105596542,0.2100000000,802,688,962,0.0100000000,1.161897
790,178.5909158867,-4.0311012268,0.2200000000,401,339,499,0.0100000000,1.200734
791,176.8205092772,-6.6006689072,0.2300000000,361,310,471,0.0100000000,1.195342
792,-259.2244023812,-6.3377342224,0.2300000000,815,720,1000,0.0100000000,1.215665
793,-259.6630860115,-6.2274265289,0.2300000000,802,683,1000,0.0100000000,1.106336
794,24.5690262315,-8.2936973572,0.2400000000,591,494,739,0.0100000000,1.255333
795,173.4097604876,-8.2087450027,0.2500000000,442,365,551,0.0100000000,1.180803
796,-303.0956851840,-7.5834288597,0.2500000000,801,686,1000,0.0100000000,1.186434
797,-343.9923655847,-6.7119874954,0.2400000000,785,669,1000,0.0100000000,1.088485
798,-277.5668641110,-7.2903947830,0.2400000000,781,676,1000,0.0100000000,1.081105
799,194.9808359273,-6.0559897423,0.2400000000,321,281,440,0.0100000000,1.065252
800,268.2945566566,-6.7248096466,0.2500000000,178,150,255,0.0100000000,0.988843
