episode,total_reward,average_q,safe_rate_100,attempted,executed,steps,epsilon,training_loss
1,-132.7921886470,0.2392784357,0.0000000000,51,51,71,0.9992971000,nan
2,-436.5690938311,0.2392784357,0.0000000000,66,66,93,0.9983764000,nan
3,-112.5790643487,0.2392784357,0.0000000000,104,104,124,0.9971488000,nan
4,-74.4486894426,0.2392784357,0.0000000000,67,67,86,0.9962974000,nan
5,-141.5601234917,0.2392784357,0.0000000000,104,104,139,0.9949213000,nan
6,-168.3720597169,0.2392784357,0.0000000000,82,82,113,0.9938026000,nan
7,-170.3534479429,0.2392784357,0.0000000000,69,69,88,0.9929314000,nan
8,-264.7088248962,0.2392784357,0.0000000000,43,43,63,0.9923077000,nan
9,-262.5808424438,0.2392784357,0.0000000000,88,88,114,0.9911791000,nan
10,-256.1552765218,-0.0122293439,0.0000000000,94,94,126,0.9899317000,2.111354
11,-57.5721328697,-0.1800187826,0.0909090909,51,51,65,0.9892882000,2.197836
12,-174.4131839571,0.1684430391,0.0833333333,67,67,86,0.9884368000,1.900430
13,-304.3679104689,0.3821303546,0.0769230769,68,68,92,0.9875260000,2.101976
14,-285.8178739311,0.6884204745,0.0714285714,74,74,102,0.9865162000,1.573831
15,-245.4514514552,0.7459400892,0.0666666667,86,86,122,0.9853084000,1.507664
16,-108.6380806921,0.9206465483,0.0625000000,65,65,84,0.9844768000,1.839810
17,-214.1488435305,0.8985264897,0.0588235294,86,86,104,0.9834472000,1.404884
18,-182.9897539343,0.9656282067,0.0555555556,62,62,85,0.9826057000,1.330281
19,-78.7307727035,0.8233494759,0.1052631579,81,81,104,0.9815761000,1.395608
20,-76.4957788882,1.1878571510,0.1000000000,57,57,74,0.9808435000,1.516414
21,-187.8189628083,1.1281769276,0.0952380952,51,51,71,0.9801406000,1.515786
22,-378.9762845649,1.4526091814,0.0909090909,80,80,104,0.9791110000,1.434591
23,-350.9313931281,1.1883299351,0.0869565217,69,69,87,0.9782497000,1.317473
24,-26.1249206260,1.5138427019,0.0833333333,75,75,97,0.9772894000,1.059367
25,-79.3473931666,1.3671251535,0.0800000000,76,76,99,0.9763093000,1.418375
26,-174.0495303702,1.7051751614,0.0769230769,50,50,61,0.9757054000,1.130719
27,-95.2553075526,1.7505667210,0.0740740741,58,58,83,0.9748837000,1.399712
28,-173.9500400193,1.6138125658,0.0714285714,92,92,120,0.9736957000,1.178418
29,-102.6186730354,1.7483603954,0.0689655172,47,47,67,0.9730324000,0.985096
30,-240.4520928044,1.8344547749,0.0666666667,67,67,87,0.9721711000,1.205984
31,-164.4777383179,1.8555464745,0.0645161290,118,118,146,0.9707257000,1.207793
32,-89.8614179944,2.0576157570,0.0625000000,52,52,74,0.9699931000,1.239478
33,-200.8850441958,2.3706192970,0.0606060606,84,84,113,0.9688744000,1.086603
34,-20.8615675691,2.3632941246,0.0588235294,98,98,134,0.9675478000,1.228904
35,-251.5495126681,2.4866294861,0.0571428571,86,86,110,0.9664588000,1.167238
36,-335.8312123822,2.6617114544,0.0555555556,84,84,106,0.9654094000,1.139542
37,-106.6003429007,2.8684382439,0.0540540541,64,64,74,0.9646768000,1.179119
38,-112.4720953040,3.0949952602,0.0526315789,59,59,71,0.9639739000,1.299323
39,-88.7644489178,2.8873064518,0.0512820513,65,65,89,0.9630928000,1.138951
40,-161.5842808128,2.7880144119,0.0500000000,88,88,113,0.9619741000,1.123193
41,-195.9844236321,2.8496711254,0.0487804878,88,88,120,0.9607861000,1.115919
42,-187.7570128911,3.7239551544,0.0476190476,51,51,71,0.9600832000,1.253932
43,-239.0392540564,3.6726953983,0.0465116279,93,93,121,0.9588853000,1.294743
44,-103.1943982117,3.3348979950,0.0454545455,95,95,123,0.9576676000,1.101671
45,-92.1278453324,4.0015034676,0.0444444444,47,47,62,0.9570538000,1.253441
46,-234.3540078445,3.6678843498,0.0434782609,93,93,109,0.9559747000,1.171772
47,-117.7580330175,4.7136192322,0.0425531915,83,83,102,0.9549649000,1.327842
48,-208.4955778907,4.3687477112,0.0416666667,72,72,93,0.9540442000,1.232274
49,-133.2291885675,4.4860277176,0.0408163265,84,84,113,0.9529255000,1.210450
50,-287.2058664519,4.5042395592,0.0400000000,53,53,67,0.9522622000,1.417502
51,-16.4509192029,4.3116006851,0.0392156863,84,84,114,0.9511336000,1.245028
52,-71.9065964968,5.3988142014,0.0384615385,107,107,143,0.9497179000,1.329888
53,-163.4017786414,5.0260901451,0.0377358491,91,91,118,0.9485497000,1.228288
54,-105.8966427872,5.1653575897,0.0370370370,45,45,63,0.9479260000,1.079115
55,-81.1342671141,5.3112444878,0.0363636364,63,63,84,0.9470944000,1.186178
56,-483.1110877916,5.2156209946,0.0357142857,95,95,128,0.9458272000,1.180866
57,11.3319489551,6.1892099380,0.0350877193,62,62,83,0.9450055000,1.452056
58,-98.1018243070,6.0205278397,0.0344827586,95,95,133,0.9436888000,1.216991
59,-66.8358812337,6.0133714676,0.0338983051,41,41,59,0.9431047000,1.334488
60,-108.2575584792,5.9396595955,0.0333333333,85,85,110,0.9420157000,1.317638
61,-212.7982279096,6.1865797043,0.0327868852,54,54,73,0.9412930000,1.312369
62,-124.1879463676,7.8980474472,0.0322580645,56,56,77,0.9405307000,1.325598
63,-245.8795772498,6.9998607635,0.0317460317,105,105,138,0.9391645000,1.350404
64,-204.3176797291,6.8473324776,0.0312500000,85,85,109,0.9380854000,1.379324
65,-208.5545726010,7.0690851212,0.0307692308,69,69,99,0.9371053000,1.309410
66,-122.9795286539,6.9746580124,0.0303030303,56,56,78,0.9363331000,1.123987
67,-111.9231905688,8.4292459488,0.0298507463,65,65,87,0.9354718000,1.279522
68,-215.8640910709,7.9525623322,0.0294117647,82,82,102,0.9344620000,1.667938
69,-108.4876734795,7.9750237465,0.0289855072,64,64,90,0.9335710000,1.294002
70,-140.1501437794,8.3047494888,0.0285714286,78,78,106,0.9325216000,1.422064
71,-98.1674048506,7.9669771194,0.0281690141,101,101,132,0.9312148000,1.435579
72,20.0543572554,9.0662384033,0.0277777778,104,104,145,0.9297793000,1.454593
73,-88.9337850860,9.3129100800,0.0273972603,51,51,72,0.9290665000,1.419533
74,-138.7593311915,9.0528526306,0.0270270270,55,55,69,0.9283834000,1.328961
75,-70.5061066940,9.0814409256,0.0266666667,62,62,78,0.9276112000,1.352209
76,-215.3689986562,8.8594799042,0.0263157895,70,70,87,0.9267499000,1.441207
77,-83.0743532991,8.9996051788,0.0259740260,69,69,89,0.9258688000,1.502981
78,-107.7063754602,10.4727945328,0.0256410256,66,66,86,0.9250174000,1.541481
79,-105.4316269844,10.1506452560,0.0253164557,43,43,60,0.9244234000,1.642682
80,-93.1477284782,10.1629199982,0.0250000000,66,66,82,0.9236116000,1.241167
81,-53.5358145987,10.3676548004,0.0246913580,56,56,69,0.9229285000,1.419300
82,-119.1498930894,10.3565025330,0.0243902439,108,108,132,0.9216217000,1.413143
83,-119.0582378872,11.7422924042,0.0240963855,85,85,101,0.9206218000,1.517266
84,-244.7564589723,11.2465305328,0.0238095238,54,54,71,0.9199189000,1.601497
85,-114.4894776382,11.4167890549,0.0235294118,73,73,93,0.9189982000,1.296057
86,-73.9257065815,11.3813543320,0.0232558140,86,86,105,0.9179587000,1.425455
87,-122.6840109495,11.2254600525,0.0229885057,79,79,107,0.9168994000,1.469567
88,-366.0489332407,11.6879301071,0.0227272727,80,80,102,0.9158896000,1.549518
89,-79.2158325987,12.4723415375,0.0224719101,49,49,65,0.9152461000,1.514544
90,-137.9508998127,12.3123254776,0.0222222222,50,50,75,0.9145036000,1.328946
91,-111.6118990422,12.2655410767,0.0219780220,87,87,103,0.9134839000,1.298701
92,-288.0114671608,12.4339256287,0.0217391304,67,67,86,0.9126325000,1.636529
93,-115.0374936378,12.4356126785,0.0215053763,78,78,98,0.9116623000,1.522967
94,-77.7377682947,13.9231147766,0.0212765957,100,100,134,0.9103357000,1.486537
95,-71.3455544454,13.7269687653,0.0210526316,110,110,139,0.9089596000,1.618968
96,-81.4144228813,13.6977863312,0.0208333333,89,89,115,0.9078211000,1.404128
97,-66.3655382921,13.9170970917,0.0206185567,85,85,114,0.9066925000,1.474638
98,-108.4347633289,13.6251440048,0.0204081633,56,56,68,0.9060193000,1.487921
99,-135.5374216427,14.9878625870,0.0202020202,48,48,63,0.9053956000,1.619277
100,-116.0856055615,14.7951297760,0.0200000000,96,96,123,0.9041779000,1.370284
101,-47.0722813325,15.0732088089,0.0200000000,54,54,69,0.9034948000,1.577216
102,-97.1359424640,14.5031232834,0.0200000000,66,66,79,0.9027127000,1.288804
103,-359.7146958273,14.7170696259,0.0200000000,98,98,118,0.9015445000,1.437954
104,-59.0147931890,16.2055168152,0.0200000000,58,58,75,0.9008020000,1.700163
105,-201.6361983167,16.2188873291,0.0200000000,89,89,116,0.8996536000,1.490932
106,-232.6956979482,16.1608810425,0.0200000000,98,98,119,0.8984755000,1.324214
107,-51.8131708805,16.3800239563,0.0200000000,58,58,67,0.8978122000,1.428422
108,-224.1726322287,16.1646480560,0.0200000000,64,64,73,0.8970895000,1.473464
109,-192.1562937950,16.8167610168,0.0200000000,97,97,122,0.8958817000,1.578725
110,-340.3786624015,16.8455924988,0.0200000000,73,73,88,0.8950105000,1.880671
111,-148.5093757547,16.8507137299,0.0100000000,55,55,71,0.8943076000,1.578203
112,-61.0787968502,16.9338150024,0.0200000000,91,91,121,0.8931097000,1.489684
113,-265.6773465243,16.7623863220,0.0200000000,78,78,97,0.8921494000,1.575589
114,-144.6892691265,18.0649204254,0.0200000000,131,131,155,0.8906149000,1.627576
115,-153.8615002985,17.7360248566,0.0200000000,83,83,103,0.8895952000,1.487052
116,-59.5568543125,18.4046688080,0.0200000000,79,79,114,0.8884666000,1.758846
117,-85.3594039701,17.7724971771,0.0200000000,74,74,93,0.8875459000,1.488655
118,-52.7882309372,18.4204711914,0.0200000000,67,67,82,0.8867341000,1.398832
119,-99.2491808159,19.1002464294,0.0100000000,72,72,93,0.8858134000,1.440740
120,-117.8862772915,19.5646209717,0.0100000000,75,75,102,0.8848036000,1.521538
121,-75.0281612374,19.3791790009,0.0100000000,57,57,67,0.8841403000,1.195997
122,-13.1989335419,19.6919536591,0.0100000000,116,116,147,0.8826850000,1.575629
123,-100.3602734630,19.6894016266,0.0100000000,47,47,64,0.8820514000,1.611541
124,-98.7964455256,19.6285953522,0.0100000000,51,51,67,0.8813881000,1.786981
125,-81.8013670129,20.3465290070,0.0100000000,81,81,95,0.8804476000,1.530408
126,-75.2216033895,20.0927429199,0.0200000000,92,92,124,0.8792200000,1.613012
127,-70.4448152634,20.3007926941,0.0200000000,102,102,119,0.8780419000,1.569762
128,-89.5700795377,19.9079589844,0.0200000000,81,81,108,0.8769727000,1.465846
129,-85.7455272227,20.6911296844,0.0200000000,84,84,111,0.8758738000,1.558024
130,-72.3206718588,20.8704090118,0.0300000000,78,78,97,0.8749135000,1.826849
131,-146.7124351868,20.6061058044,0.0300000000,71,71,87,0.8740522000,1.722103
132,-124.5012148962,20.8037052155,0.0300000000,69,69,83,0.8732305000,1.524684
133,-117.6191383230,20.9948329926,0.0300000000,60,60,81,0.8724286000,1.516726
134,-69.8015207326,20.7980957031,0.0400000000,67,67,88,0.8715574000,1.400355
135,-73.0067706773,21.6200103760,0.0400000000,79,79,95,0.8706169000,1.694743
136,-57.9457677272,21.6122436523,0.0400000000,56,56,75,0.8698744000,1.833061
137,-64.2728100592,21.9322509766,0.0400000000,94,94,124,0.8686468000,1.502878
138,-85.2265752754,21.7949237823,0.0400000000,101,101,139,0.8672707000,1.478509
139,-61.5288667146,21.5795383453,0.0400000000,54,54,69,0.8665876000,1.267713
140,-208.8893670465,22.6060409546,0.0400000000,90,90,116,0.8654392000,1.626684
141,-53.1044863829,22.7091255188,0.0400000000,62,62,79,0.8646571000,1.584719
142,-154.7096511088,22.6161289215,0.0400000000,106,106,141,0.8632612000,1.491198
143,-106.1502790596,22.8949623108,0.0400000000,66,66,87,0.8623999000,1.371870
144,-67.5484098243,22.6601982117,0.0400000000,62,62,79,0.8616178000,1.619559
145,-61.3741916598,23.7872467041,0.0400000000,88,88,110,0.8605288000,1.450032
146,-84.6829130034,23.6042594910,0.0400000000,84,84,111,0.8594299000,1.635570
147,-273.2326709494,23.4182338715,0.0400000000,60,60,83,0.8586082000,1.267417
148,-53.1857929767,23.6627464294,0.0400000000,93,93,123,0.8573905000,1.750101
149,-61.3559581369,23.3868560791,0.0400000000,56,56,73,0.8566678000,1.442780
150,-64.5915708084,24.0934867859,0.0400000000,52,52,68,0.8559946000,1.293135
151,-101.4904043449,24.2381610870,0.0400000000,67,67,85,0.8551531000,1.323254
152,-89.1934442975,24.4660148621,0.0400000000,70,70,89,0.8542720000,1.591605
153,-84.9202437653,24.3199272156,0.0400000000,88,88,114,0.8531434000,1.457696
154,-79.9606098635,24.3119678497,0.0400000000,78,78,103,0.8521237000,1.524177
155,-129.2616196450,25.1128616333,0.0400000000,51,51,66,0.8514703000,1.656500
156,-120.8910227255,25.0901737213,0.0400000000,76,76,103,0.8504506000,1.548660
157,-40.7321379571,25.3787002563,0.0400000000,71,71,83,0.8496289000,1.442775
158,-57.1178845854,25.0858688354,0.0400000000,51,51,67,0.8489656000,1.550241
159,-58.1483396624,25.1425743103,0.0400000000,53,53,68,0.8482924000,1.584052
160,-64.8360246955,25.3344249725,0.0400000000,55,55,66,0.8476390000,1.096623
161,-95.9683192216,25.0621433258,0.0400000000,52,52,74,0.8469064000,1.311186
162,-123.1300111538,26.2939872742,0.0400000000,79,79,99,0.8459263000,1.487261
163,-81.7845935875,26.5327339172,0.0400000000,74,74,94,0.8449957000,1.628722
164,-68.6964074680,26.1690311432,0.0400000000,56,56,68,0.8443225000,1.708853
165,-118.8593271253,26.4169464111,0.0400000000,54,54,73,0.8435998000,1.485840
166,-85.7742973490,26.2396888733,0.0400000000,95,95,128,0.8423326000,1.315695
167,-86.0412997599,26.2501106262,0.0400000000,80,80,107,0.8412733000,1.854084
168,-143.6351173700,26.3480987549,0.0400000000,57,57,73,0.8405506000,1.381531
169,-90.4612758212,26.8149394989,0.0400000000,95,95,123,0.8393329000,1.628735
170,-100.9528583558,26.3050670624,0.0400000000,73,73,90,0.8384419000,1.255750
171,-237.2640135392,26.7759475708,0.0400000000,96,96,119,0.8372638000,1.478187
172,-78.2729790392,26.7165546417,0.0400000000,55,55,66,0.8366104000,1.343799
173,-89.3901182368,26.9001960754,0.0400000000,52,52,64,0.8359768000,1.377220
174,-71.2352067288,26.7320594788,0.0500000000,60,60,82,0.8351650000,1.483567
175,-123.1591122273,26.7614822388,0.0500000000,86,86,107,0.8341057000,1.891692
176,-113.1621155750,26.9209384918,0.0500000000,101,101,125,0.8328682000,1.489870
177,-92.1177568245,26.5348358154,0.0500000000,67,67,91,0.8319673000,1.175172
178,-85.8964825746,26.2888336182,0.0500000000,54,54,76,0.8312149000,1.958608
179,-89.9714650286,26.5268096924,0.0500000000,105,105,125,0.8299774000,1.342431
180,-349.1708384435,26.7015953064,0.0500000000,86,86,110,0.8288884000,1.586825
181,-85.2022178575,26.7123394012,0.0500000000,60,60,79,0.8281063000,1.707335
182,-85.1799470835,26.3929595947,0.0500000000,103,103,130,0.8268193000,1.544973
183,-61.0332034361,26.7649383545,0.0500000000,84,84,106,0.8257699000,1.973738
184,-87.3085013438,27.1598320007,0.0500000000,57,57,74,0.8250373000,1.638357
185,-106.1372843181,26.4724807739,0.0500000000,75,75,94,0.8241067000,1.564892
186,-90.2839245297,27.5791664124,0.0500000000,80,80,112,0.8229979000,1.636100
187,-138.4492630576,27.0728187561,0.0500000000,82,82,105,0.8219584000,1.774899
188,-128.9518269176,27.1119194031,0.0500000000,75,75,93,0.8210377000,1.820779
189,-22.2539602347,26.9826660156,0.0500000000,120,120,149,0.8195626000,1.833248
190,-105.4291078847,26.8770999908,0.0500000000,61,61,75,0.8188201000,1.361761
191,-107.0016194580,26.5529022217,0.0500000000,78,78,94,0.8178895000,1.471876
192,-90.2105543322,27.4538974762,0.0500000000,89,89,111,0.8167906000,1.780228
193,-59.5746600262,27.3708915710,0.0500000000,77,77,89,0.8159095000,1.653543
194,-121.8741667533,26.8356285095,0.0500000000,102,102,129,0.8146324000,1.655400
195,-82.3337449281,27.2670192719,0.0500000000,88,88,116,0.8134840000,1.572435
196,-105.6307020525,26.5507698059,0.0500000000,51,51,65,0.8128405000,1.487846
197,-100.0796603056,25.9316978455,0.0500000000,86,86,112,0.8117317000,1.613053
198,-243.2132992071,26.6750373840,0.0500000000,79,79,95,0.8107912000,1.649063
199,-67.3657992036,27.0367050171,0.0500000000,69,69,87,0.8099299000,1.890146
200,-112.9671177024,26.5541877747,0.0500000000,83,83,103,0.8089102000,1.764121
201,-117.2278645153,26.0904026031,0.0500000000,74,74,111,0.8078113000,1.965949
202,-99.8972201157,26.1746177673,0.0500000000,88,88,109,0.8067322000,1.608318
203,-80.6500698965,26.3036308289,0.0500000000,62,62,76,0.8059798000,1.439143
204,-86.4397022143,26.6182060242,0.0500000000,61,61,77,0.8052175000,1.302299
205,-129.3935204120,26.2892093658,0.0500000000,89,89,106,0.8041681000,1.368889
206,-42.5396559471,26.4477176666,0.0500000000,53,53,69,0.8034850000,1.671000
207,-68.6074323401,26.1873207092,0.0500000000,62,62,79,0.8027029000,1.401159
208,-48.2613031587,26.2815246582,0.0500000000,65,65,78,0.8019307000,1.657288
209,-63.7586805194,26.2474021912,0.0500000000,50,50,63,0.8013070000,1.516010
210,-60.1877979229,26.3024101257,0.0500000000,92,92,118,0.8001388000,1.479153
211,-53.2018073891,26.6136264801,0.0500000000,81,81,98,0.7991686000,1.931113
212,-55.4275650709,26.8301639557,0.0400000000,46,46,64,0.7985350000,1.668519
213,-107.5735681109,26.3829822540,0.0400000000,71,71,94,0.7976044000,1.464684
214,-105.6618159573,26.7197532654,0.0400000000,66,66,87,0.7967431000,1.659493
215,-36.7477133112,26.7742061615,0.0500000000,56,56,72,0.7960303000,1.719652
216,-46.7555049311,26.5495605469,0.0500000000,80,80,102,0.7950205000,1.523213
217,-142.1149565335,27.2148685455,0.0500000000,81,81,101,0.7940206000,1.818099
218,-80.4012142293,26.5698776245,0.0500000000,78,78,101,0.7930207000,1.528571
219,-99.0215091596,27.7675685883,0.0500000000,81,81,97,0.7920604000,1.644388
220,-122.0616581596,26.2090454102,0.0500000000,70,70,94,0.7911298000,1.672793
221,-62.6867121358,26.5018539429,0.0500000000,68,68,90,0.7902388000,1.575978
222,-68.4076696031,26.8863525391,0.0500000000,54,54,65,0.7895953000,1.603405
223,-53.5369078971,26.8053779602,0.0500000000,54,54,66,0.7889419000,1.638188
224,-112.8114093985,26.5365295410,0.0500000000,75,75,91,0.7880410000,1.470540
225,-81.3286955299,25.1226577759,0.0500000000,83,83,104,0.7870114000,1.600476
226,-74.5901007986,26.2396316528,0.0400000000,50,50,65,0.7863679000,1.469472
227,-70.6959717774,25.8274517059,0.0400000000,70,70,86,0.7855165000,1.570140
228,-19.1129596401,25.8815593719,0.0500000000,93,93,119,0.7843384000,1.594381
229,-52.2465351127,26.4752998352,0.0600000000,79,79,97,0.7833781000,1.633891
230,-140.8504706542,26.4094123840,0.0500000000,70,70,101,0.7823782000,1.589230
231,-78.4415638519,25.4890098572,0.0500000000,57,57,68,0.7817050000,1.695189
232,-75.2614050358,25.1237068176,0.0500000000,65,65,78,0.7809328000,1.739530
233,-58.0748009891,25.3943748474,0.0500000000,72,72,91,0.7800319000,1.908603
234,-96.9640089415,25.4594726562,0.0400000000,51,51,68,0.7793587000,1.421748
235,-119.8824867851,25.3986740112,0.0400000000,75,75,93,0.7784380000,1.367479
236,-72.5242962432,25.3615760803,0.0400000000,78,78,95,0.7774975000,1.617569
237,-79.8762016353,25.0114326477,0.0400000000,60,60,79,0.7767154000,1.515743
238,-103.1553448482,24.8016166687,0.0400000000,68,68,90,0.7758244000,1.565967
239,-174.3684888619,25.0476760864,0.0400000000,110,110,131,0.7745275000,1.745135
240,-83.5133260348,24.6772155762,0.0400000000,88,88,106,0.7734781000,1.512653
241,-85.0692637560,24.5906982422,0.0400000000,49,49,63,0.7728544000,1.448766
242,-113.2130717760,24.7567253113,0.0400000000,75,75,91,0.7719535000,1.718916
243,-61.3499999429,24.7770938873,0.0400000000,77,77,97,0.7709932000,1.691580
244,-102.8136981016,24.6977386475,0.0400000000,93,93,112,0.7698844000,1.699395
245,-49.6696439454,24.7464904785,0.0500000000,57,57,74,0.7691518000,1.664775
246,-170.9977924636,24.8274650574,0.0500000000,60,60,77,0.7683895000,1.416763
247,-78.1111654733,24.5006332397,0.0500000000,51,51,60,0.7677955000,1.671559
248,-97.8568871270,24.6178340912,0.0500000000,73,73,95,0.7668550000,1.820242
249,-163.8814902422,24.0267448425,0.0500000000,71,71,94,0.7659244000,1.586567
250,-62.8899020251,24.4355525970,0.0600000000,81,81,103,0.7649047000,1.501691
251,-77.9776130867,25.0204505920,0.0600000000,72,72,84,0.7640731000,1.897511
252,-109.8828165961,24.1029930115,0.0600000000,60,60,84,0.7632415000,1.469516
253,-59.0166244029,24.2491149902,0.0600000000,49,49,58,0.7626673000,1.446086
254,-20.9479994217,23.9737148285,0.0600000000,107,107,128,0.7614001000,1.804672
255,-83.3586651110,23.9064903259,0.0600000000,93,93,114,0.7602715000,1.786525
256,-32.8696188667,24.1940422058,0.0700000000,99,99,126,0.7590241000,1.809394
257,-162.5497334258,24.2221755981,0.0700000000,83,83,107,0.7579648000,1.610611
258,-100.3510886564,23.7564086914,0.0700000000,67,67,85,0.7571233000,1.629845
259,-66.2380281596,24.0324020386,0.0700000000,78,78,95,0.7561828000,1.776336
260,-82.4534500273,23.5841140747,0.0700000000,69,69,93,0.7552621000,1.506323
261,-64.7825089273,23.6856746674,0.0700000000,53,53,69,0.7545790000,1.383717
262,-46.3131824054,23.7174854279,0.0700000000,76,76,95,0.7536385000,1.513800
263,-40.7439611691,23.7074565887,0.0700000000,56,56,68,0.7529653000,1.520614
264,-111.6571931665,23.5796966553,0.0700000000,92,92,111,0.7518664000,1.705278
265,-90.6058604194,23.4621353149,0.0700000000,109,109,132,0.7505596000,1.613424
266,-76.0804253159,23.0200939178,0.0700000000,103,103,123,0.7493419000,1.514840
267,-99.7607431589,22.8380126953,0.0700000000,81,81,99,0.7483618000,1.698353
268,-36.7979917098,23.4783172607,0.0800000000,50,50,62,0.7477480000,1.926447
269,-115.3013584429,22.3427124023,0.0800000000,71,71,87,0.7468867000,1.682132
270,-205.8051101606,22.6173782349,0.0800000000,95,95,126,0.7456393000,1.358899
271,-75.9493925048,22.9399719238,0.0900000000,72,72,94,0.7447087000,1.550614
272,-44.3843012741,22.3474159241,0.1000000000,68,68,86,0.7438573000,1.583684
273,-49.8704697802,22.6313781738,0.1000000000,82,82,98,0.7428871000,1.378509
274,-79.9863771743,22.4248619080,0.0900000000,67,67,88,0.7420159000,1.840617
275,-85.3848650511,22.4936676025,0.0900000000,75,75,92,0.7411051000,1.769359
276,-50.4976583730,22.2002067566,0.0900000000,63,63,79,0.7403230000,1.159865
277,-26.1633331910,21.9575004578,0.1000000000,91,91,113,0.7392043000,1.496208
278,-87.2887507859,22.5201950073,0.1000000000,60,60,79,0.7384222000,1.763550
279,-116.3148101578,21.7171936035,0.1000000000,95,95,114,0.7372936000,1.702121
280,-50.0132423659,21.6829109192,0.1000000000,57,57,75,0.7365511000,1.669839
281,-77.8142611408,21.7198619843,0.1000000000,67,67,82,0.7357393000,1.885429
282,-240.7281389362,21.6940612793,0.1000000000,73,73,89,0.7348582000,1.551954
283,-125.4609066926,22.1370086670,0.1000000000,87,87,108,0.7337890000,1.378341
284,-44.1511190459,21.0665512085,0.1000000000,99,99,130,0.7325020000,1.753301
285,-89.3342390835,21.5267562866,0.1000000000,77,77,92,0.7315912000,1.560487
286,-81.9496987815,21.5842723846,0.1000000000,78,78,94,0.7306606000,1.980043
287,-33.5577961776,21.7523460388,0.1000000000,98,98,121,0.7294627000,1.645130
288,-82.5123471370,21.7041606903,0.1000000000,69,69,84,0.7286311000,1.686377
289,-105.2154749615,21.9372539520,0.1000000000,63,63,84,0.7277995000,1.840046
290,-40.9902750818,20.3298110962,0.1000000000,80,80,98,0.7268293000,1.785865
291,-19.1405962690,20.9561157227,0.1100000000,102,102,125,0.7255918000,1.576077
292,-222.8813411277,20.3268833160,0.1100000000,118,118,143,0.7241761000,1.512681
293,-64.7175971529,20.6176490784,0.1100000000,86,86,102,0.7231663000,1.608906
294,-108.1181764331,20.7591476440,0.1100000000,72,72,97,0.7222060000,1.628580
295,-134.6889437619,20.5905876160,0.1100000000,75,75,102,0.7211962000,1.738389
296,-64.5351990751,20.4893417358,0.1100000000,75,75,106,0.7201468000,1.780805
297,-124.5864828060,20.1639842987,0.1100000000,66,66,77,0.7193845000,1.993632
298,-281.7319235685,20.9892005920,0.1100000000,88,88,105,0.7183450000,1.648067
299,-80.7119213645,19.9264602661,0.1100000000,75,75,82,0.7175332000,2.074172
300,-35.2722113028,19.4258842468,0.1200000000,96,96,125,0.7162957000,1.417082
301,-32.8200749481,20.1685752869,0.1200000000,101,101,121,0.7150978000,2.076162
302,-55.2212727185,20.1784019470,0.1200000000,63,63,77,0.7143355000,1.831566
303,-50.4830705631,20.0553474426,0.1300000000,84,84,108,0.7132663000,1.952185
304,-49.0031210397,19.4474983215,0.1300000000,44,44,61,0.7126624000,2.066209
305,-143.2881920367,19.0989952087,0.1300000000,94,94,119,0.7114843000,1.735314
306,-68.8654078434,19.1431159973,0.1300000000,78,78,89,0.7106032000,1.659685
307,-28.6590390021,19.1878013611,0.1300000000,117,117,141,0.7092073000,1.707224
308,-119.5727026594,19.2217388153,0.1300000000,74,74,88,0.7083361000,1.851744
309,-44.5179145812,18.0209693909,0.1400000000,64,64,80,0.7075441000,1.936012
310,-122.6370853472,18.7708892822,0.1400000000,57,57,66,0.7068907000,1.756571
311,-62.8129421014,18.3612041473,0.1400000000,90,90,116,0.7057423000,1.791892
312,-84.9633367400,17.9317588806,0.1400000000,51,51,62,0.7051285000,1.770406
313,-57.5131680060,18.1134910583,0.1400000000,92,92,111,0.7040296000,1.537989
314,-57.3671431931,18.0750980377,0.1400000000,51,51,65,0.7033861000,1.687235
315,-78.1113256080,18.0004310608,0.1300000000,78,78,101,0.7023862000,1.836397
316,-69.0750287888,18.1840362549,0.1300000000,85,85,102,0.7013764000,1.861847
317,-61.9263181944,17.5269355774,0.1300000000,53,53,74,0.7006438000,1.800928
318,-50.2238763407,17.8542900085,0.1400000000,68,68,88,0.6997726000,1.455161
319,-126.4531210979,18.2447052002,0.1400000000,59,59,76,0.6990202000,1.668143
320,-59.6344664397,18.0379981995,0.1500000000,76,76,91,0.6981193000,1.678668
321,-53.4009164429,17.3229618073,0.1500000000,97,97,116,0.6969709000,1.746313
322,-46.6984211667,17.0052604675,0.1500000000,106,106,125,0.6957334000,1.801074
323,-58.4122785679,17.5001316071,0.1500000000,64,64,85,0.6948919000,1.871027
324,-24.6173327596,16.5827198029,0.1500000000,80,80,103,0.6938722000,1.579588
325,-11.0140715459,16.7787837982,0.1500000000,74,74,97,0.6929119000,1.591653
326,-72.2777153829,16.7496757507,0.1500000000,42,42,59,0.6923278000,1.531634
327,-48.8083746941,17.1238861084,0.1600000000,56,56,76,0.6915754000,1.387910
328,-116.3232726716,17.4413032532,0.1500000000,66,66,80,0.6907834000,1.773861
329,-18.8615483216,17.1879177094,0.1400000000,79,79,91,0.6898825000,1.872267
330,-41.0733971443,17.1701393127,0.1400000000,88,88,114,0.6887539000,1.865366
331,-42.5983105852,16.9331111908,0.1400000000,70,70,86,0.6879025000,1.754085
332,-82.9487325810,16.2807579041,0.1400000000,83,83,107,0.6868432000,1.603006
333,-16.4369505254,16.6927566528,0.1400000000,92,92,119,0.6856651000,1.799694
334,-46.2939965475,16.8085670471,0.1400000000,86,86,99,0.6846850000,1.799144
335,-201.8512206787,16.8751296997,0.1400000000,93,93,124,0.6834574000,1.972734
336,-22.4635523158,15.8044891357,0.1400000000,64,64,76,0.6827050000,1.535983
337,-110.9932545035,16.6566104889,0.1400000000,59,59,76,0.6819526000,1.759243
338,-61.3965110208,15.8854999542,0.1400000000,60,60,71,0.6812497000,1.931025
339,-122.3084520214,16.3357849121,0.1400000000,99,99,124,0.6800221000,1.741466
340,-98.4710557270,15.8350639343,0.1400000000,68,68,87,0.6791608000,1.690666
341,-62.0150957817,16.1454582214,0.1400000000,101,101,118,0.6779926000,1.672343
342,-97.7027005442,16.0813560486,0.1400000000,92,92,110,0.6769036000,1.869687
343,-25.2680375246,15.6085929871,0.1500000000,50,50,67,0.6762403000,1.834508
344,-98.1669616513,15.5794582367,0.1500000000,90,90,108,0.6751711000,1.687799
345,-83.7999547864,16.1183166504,0.1400000000,86,86,98,0.6742009000,2.044104
346,-106.6577891623,15.2530765533,0.1400000000,99,99,121,0.6730030000,1.888783
347,-73.3900218339,15.8238964081,0.1400000000,68,68,84,0.6721714000,1.757684
348,-9.8665057558,15.2244453430,0.1400000000,59,59,74,0.6714388000,1.783733
349,-54.7436994917,14.9651031494,0.1400000000,69,69,85,0.6705973000,1.955536
350,-47.4586279753,14.8680629730,0.1300000000,94,94,121,0.6693994000,1.989640
351,-86.4597063963,15.1605958939,0.1300000000,72,72,85,0.6685579000,1.896518
352,-43.4510685721,15.1433410645,0.1300000000,103,103,126,0.6673105000,1.891866
353,-62.3094729342,15.1412773132,0.1400000000,72,72,90,0.6664195000,1.926734
354,-41.4128899631,14.9446754456,0.1400000000,75,75,92,0.6655087000,1.972740
355,-56.1934280083,14.6464118958,0.1400000000,69,69,86,0.6646573000,1.859285
356,-29.5753785657,14.5953254700,0.1300000000,61,61,69,0.6639742000,1.935376
357,-86.6871290503,14.4195985794,0.1300000000,83,83,100,0.6629842000,1.754790
358,16.6393975368,14.1561603546,0.1400000000,81,81,102,0.6619744000,1.905739
359,-72.6400834881,14.4740962982,0.1400000000,71,71,82,0.6611626000,1.889100
360,-47.7203130065,14.9979553223,0.1400000000,76,76,95,0.6602221000,1.564476
361,-30.6657018883,14.6730041504,0.1400000000,75,75,90,0.6593311000,1.759931
362,-32.8476389157,15.3313026428,0.1500000000,95,95,116,0.6581827000,1.738984
363,-109.0382686657,14.5398120880,0.1500000000,78,78,101,0.6571828000,1.747104
364,-60.9641058027,14.6726646423,0.1500000000,61,61,73,0.6564601000,1.769159
365,-36.6007043457,14.9071407318,0.1500000000,114,114,133,0.6551434000,1.621841
366,-50.9102439926,14.9993228912,0.1500000000,119,119,144,0.6537178000,1.537255
367,-98.7330311982,14.6001319885,0.1500000000,66,66,84,0.6528862000,1.754956
368,-174.2554365439,15.0666437149,0.1400000000,123,123,143,0.6514705000,1.600036
369,-125.6880439718,14.2009239197,0.1400000000,52,52,61,0.6508666000,1.744739
370,-58.3773048999,14.0419578552,0.1400000000,69,69,88,0.6499954000,1.956068
371,-89.2382074501,14.3956480026,0.1300000000,83,83,104,0.6489658000,1.681788
372,-9.6914404492,14.5843610764,0.1200000000,111,111,129,0.6476887000,1.884943
373,-51.2683953902,14.1005086899,0.1200000000,61,61,75,0.6469462000,1.660531
374,-39.5047216921,14.3675165176,0.1300000000,91,91,111,0.6458473000,1.971175
375,-38.5761677223,14.4098587036,0.1300000000,125,125,148,0.6443821000,1.926273
376,-63.7550852775,13.4034500122,0.1300000000,85,85,103,0.6433624000,1.853180
377,-52.7647553715,13.4343090057,0.1200000000,67,67,83,0.6425407000,1.974796
378,-66.5265900088,12.2304630280,0.1200000000,74,74,86,0.6416893000,1.657912
379,-112.8665132176,13.4656524658,0.1200000000,98,98,126,0.6404419000,1.860765
380,-66.6006809467,13.3776807785,0.1200000000,68,68,87,0.6395806000,1.601088
381,-62.8768753214,13.4564561844,0.1200000000,82,82,104,0.6385510000,1.715886
382,-43.0515758938,13.4893608093,0.1200000000,59,59,77,0.6377887000,2.087928
383,-58.2383538345,13.7586936951,0.1200000000,106,106,125,0.6365512000,1.657168
384,-110.1553476460,13.4129428864,0.1200000000,102,102,123,0.6353335000,1.602685
385,-48.2219030060,13.5712623596,0.1200000000,65,65,82,0.6345217000,1.992476
386,-86.6721622277,13.5246143341,0.1200000000,82,82,107,0.6334624000,1.923120
387,-70.1951876523,12.6046543121,0.1200000000,86,86,110,0.6323734000,1.752192
388,-84.1791939176,13.4156551361,0.1200000000,68,68,86,0.6315220000,1.909667
389,-61.0371107551,13.7656192780,0.1200000000,114,114,137,0.6301657000,1.505875
390,-63.2325477858,13.2038440704,0.1200000000,88,88,107,0.6291064000,1.565003
391,-78.0428629144,12.7240009308,0.1100000000,94,94,108,0.6280372000,1.953839
392,-13.3663846904,12.7981090546,0.1100000000,78,78,93,0.6271165000,1.757620
393,-54.9101470521,12.4370946884,0.1100000000,107,107,129,0.6258394000,2.053123
394,-47.0164480873,13.1530437469,0.1100000000,89,89,108,0.6247702000,1.960711
395,-77.9432196939,13.2009592056,0.1100000000,73,73,91,0.6238693000,1.822483
396,11.3811941511,12.5191116333,0.1200000000,73,73,90,0.6229783000,2.152686
397,-204.7335101526,12.5352067947,0.1200000000,99,99,123,0.6217606000,1.961305
398,-43.9360936649,12.4305667877,0.1200000000,59,59,70,0.6210676000,1.716983
399,-75.5593107685,11.8641490936,0.1200000000,60,60,76,0.6203152000,1.984464
400,-73.8725779343,12.5721025467,0.1100000000,80,80,100,0.6193252000,1.786896
401,-53.7298096296,11.3329496384,0.1100000000,52,52,62,0.6187114000,1.920979
402,-89.3696087129,11.8865489960,0.1100000000,71,71,99,0.6177313000,1.943319
403,-55.7618642113,12.5112686157,0.1000000000,58,58,67,0.6170680000,1.704164
404,-28.9949964390,11.6495056152,0.1100000000,52,52,67,0.6164047000,1.675194
405,-17.3890246255,12.2687854767,0.1200000000,82,82,97,0.6154444000,1.991226
406,-46.8085227028,11.9769926071,0.1200000000,60,60,77,0.6146821000,1.472614
407,8.5258170202,12.3587093353,0.1300000000,97,97,116,0.6135337000,1.723015
408,-167.1490362900,12.7497634888,0.1300000000,108,108,140,0.6121477000,2.057488
409,-135.3191266097,12.0269231796,0.1200000000,116,116,140,0.6107617000,1.896270
410,-42.9152934613,12.4943857193,0.1200000000,85,85,115,0.6096232000,1.895292
411,-14.3311260180,11.2131252289,0.1300000000,108,108,126,0.6083758000,1.891892
412,-21.9851874407,11.4958400726,0.1300000000,102,102,120,0.6071878000,1.749937
413,-24.6592894139,12.1046428680,0.1400000000,105,105,121,0.6059899000,1.985496
414,-50.4423859256,11.7141456604,0.1400000000,91,91,108,0.6049207000,2.170080
415,-22.5429316674,11.8181467056,0.1400000000,85,85,106,0.6038713000,1.908250
416,-20.5630491643,11.5795421600,0.1400000000,75,75,90,0.6029803000,1.747738
417,-13.5742819551,11.7677764893,0.1400000000,78,78,93,0.6020596000,2.044258
418,-62.4958259864,12.4163875580,0.1300000000,60,60,71,0.6013567000,1.760826
419,-40.1097948687,12.0567426682,0.1300000000,87,87,105,0.6003172000,1.740884
420,-52.6119191008,11.3643274307,0.1200000000,94,94,133,0.5990005000,2.121130
421,-60.5460305021,11.1775703430,0.1200000000,95,95,119,0.5978224000,1.796276
422,-24.9342322327,11.3168153763,0.1200000000,63,63,79,0.5970403000,1.776442
423,-51.1517629435,11.3173837662,0.1200000000,66,66,74,0.5963077000,1.855590
424,-49.6541177956,11.2056770325,0.1200000000,62,62,70,0.5956147000,1.642970
425,-33.8946122175,10.9053010941,0.1200000000,124,124,138,0.5942485000,1.988169
426,-74.0250394203,11.4314994812,0.1200000000,87,87,97,0.5932882000,1.879806
427,-40.8327462525,11.7024879456,0.1100000000,102,102,120,0.5921002000,1.832551
428,3.2238674421,12.5312490463,0.1100000000,109,109,131,0.5908033000,1.968376
429,-7.4488262241,12.0490427017,0.1100000000,106,106,128,0.5895361000,1.903419
430,-41.2220122678,12.2301311493,0.1200000000,71,71,88,0.5886649000,1.692673
431,-27.1344338671,12.3402519226,0.1200000000,72,72,89,0.5877838000,2.015875
432,-33.2200413665,11.5879354477,0.1200000000,85,85,112,0.5866750000,1.738739
433,-1.3160571726,12.2446584702,0.1300000000,67,67,82,0.5858632000,1.749491
434,-63.0774831313,11.7345457077,0.1300000000,94,94,119,0.5846851000,1.767782
435,-28.3452115522,12.4662380219,0.1300000000,95,95,127,0.5834278000,1.717847
436,-37.1239022838,12.8807048798,0.1300000000,106,106,121,0.5822299000,1.806583
437,-5.4034797501,12.3009424210,0.1400000000,100,100,128,0.5809627000,1.738230
438,-23.5734310083,12.7405023575,0.1500000000,69,69,83,0.5801410000,2.036648
439,-67.8783269076,12.9660329819,0.1500000000,86,86,99,0.5791609000,1.909593
440,-82.7873699746,13.0036354065,0.1500000000,71,71,87,0.5782996000,1.883315
441,-58.9615323582,12.6532402039,0.1500000000,126,126,148,0.5768344000,2.060362
442,-96.9052171800,12.0919399261,0.1500000000,82,82,96,0.5758840000,1.958850
443,-33.4583382955,12.3067712784,0.1400000000,78,78,100,0.5748940000,1.747816
444,-27.7899414089,14.5964145660,0.1400000000,94,94,114,0.5737654000,1.743751
445,-56.4690084750,13.9560031891,0.1400000000,76,76,92,0.5728546000,1.867676
446,-21.5129934464,14.3201370239,0.1400000000,108,108,132,0.5715478000,1.577361
447,-50.3401136034,13.1209993362,0.1400000000,69,69,82,0.5707360000,1.837183
448,-95.6381871474,13.3678874969,0.1400000000,97,97,112,0.5696272000,1.896712
449,15.5795198556,13.8954086304,0.1400000000,84,84,93,0.5687065000,1.688727
450,-59.7364589936,14.6835393906,0.1400000000,93,93,115,0.5675680000,1.852338
451,-16.1999068609,14.6081619263,0.1400000000,75,75,86,0.5667166000,1.832542
452,-24.6551248434,13.9177179337,0.1400000000,60,60,82,0.5659048000,1.458904
453,-53.7230021827,14.2975158691,0.1300000000,60,60,69,0.5652217000,1.911603
454,-40.4791909529,14.1836633682,0.1300000000,686,686,820,0.5571037000,1.765085
455,-11.4553952061,14.3519144058,0.1300000000,94,94,104,0.5560741000,1.925525
456,-30.6584402689,14.4718475342,0.1300000000,103,103,132,0.5547673000,1.682301
457,-46.2563661204,14.5198211670,0.1300000000,105,105,128,0.5535001000,1.651991
458,-29.4241165434,14.9087610245,0.1200000000,107,107,128,0.5522329000,2.076428
459,-4.9572734910,15.3655605316,0.1200000000,97,97,112,0.5511241000,1.889755
460,-40.2319044317,14.9131307602,0.1200000000,82,82,91,0.5502232000,1.543212
461,-43.0965501306,15.7404432297,0.1200000000,105,105,131,0.5489263000,1.822628
462,-0.7219300244,15.7693624496,0.1200000000,78,78,93,0.5480056000,1.697952
463,-45.5513358103,14.7171173096,0.1200000000,95,95,117,0.5468473000,1.966412
464,-3.5882257706,15.6999788284,0.1200000000,116,116,131,0.5455504000,1.839905
465,-53.2008099026,15.6534175873,0.1200000000,73,73,81,0.5447485000,1.730525
466,-18.9379082629,16.1825828552,0.1200000000,73,73,84,0.5439169000,1.848235
467,-27.3045829271,16.3243103027,0.1200000000,130,130,155,0.5423824000,2.062738
468,-42.7800909464,15.6797485352,0.1200000000,77,77,86,0.5415310000,1.766384
469,-16.0996034973,16.0866699219,0.1200000000,71,71,89,0.5406499000,2.058623
470,-4.1578422288,16.7075080872,0.1200000000,85,85,95,0.5397094000,1.724385
471,-73.9960466347,15.9518661499,0.1200000000,73,73,84,0.5388778000,1.812072
472,-19.4478423184,15.1957931519,0.1200000000,91,91,107,0.5378185000,1.964569
473,-2.1691431084,16.2548713684,0.1200000000,153,153,174,0.5360959000,1.687279
474,-24.4322526203,15.9050769806,0.1100000000,111,111,139,0.5347198000,1.689843
475,-46.9289416374,15.5050525665,0.1100000000,102,102,122,0.5335120000,1.960945
476,-21.8395465012,16.2329254150,0.1100000000,61,61,65,0.5328685000,1.738283
477,-39.7433051436,16.2667560577,0.1100000000,63,63,71,0.5321656000,2.141520
478,-43.6340678361,16.4723968506,0.1100000000,89,89,108,0.5310964000,1.820170
479,-11.3366149064,16.3405227661,0.1100000000,139,139,156,0.5295520000,1.700067
480,27.1207654447,16.3011131287,0.1100000000,113,113,132,0.5282452000,1.595318
481,-87.0704423106,17.4047088623,0.1100000000,171,171,195,0.5263147000,2.034232
482,11.7762808914,17.0617332458,0.1200000000,141,141,168,0.5246515000,1.964190
483,-30.2076225523,16.5452003479,0.1200000000,75,75,85,0.5238100000,1.859590
484,-57.2422369914,16.9437446594,0.1200000000,85,85,103,0.5227903000,1.948736
485,-97.8690957165,16.9368133545,0.1200000000,84,84,98,0.5218201000,2.120703
486,-70.7935384889,17.2042255402,0.1200000000,117,117,136,0.5204737000,1.666331
487,-12.5765010446,17.3845634460,0.1200000000,77,77,97,0.5195134000,2.035150
488,-14.4159828468,18.5303115845,0.1200000000,108,108,119,0.5183353000,2.015028
489,-127.1945587317,18.1343460083,0.1200000000,97,97,115,0.5171968000,1.751508
490,-198.6360560532,18.2021999359,0.1200000000,110,110,125,0.5159593000,1.770783
491,-80.3012669608,18.2942409515,0.1200000000,857,857,1000,0.5060593000,1.934576
492,0.0707028053,18.9107093811,0.1200000000,117,117,144,0.5046337000,1.899997
493,-43.8197851213,19.7446365356,0.1200000000,92,92,101,0.5036338000,1.577335
494,-30.9791661032,19.6440315247,0.1200000000,89,89,102,0.5026240000,1.756455
495,-23.3423809335,18.9087944031,0.1200000000,113,113,133,0.5013073000,1.620740
496,-31.4242831441,19.1300849915,0.1100000000,428,428,497,0.4963870000,1.843104
497,4.2494525406,19.6364974976,0.1200000000,92,92,116,0.4952386000,2.150203
498,6.9104999005,19.1866931915,0.1200000000,125,125,136,0.4938922000,1.850569
499,-43.0085132672,19.4283275604,0.1200000000,125,125,158,0.4923280000,1.662099
500,-35.8683738916,19.2838287354,0.1200000000,116,116,136,0.4909816000,1.829379
501,-17.8632543592,20.0574378967,0.1200000000,78,78,85,0.4901401000,1.945464
502,-47.8551366159,20.4304084778,0.1200000000,99,99,119,0.4889620000,1.726128
503,-5.1870294829,19.1903858185,0.1200000000,107,107,120,0.4877740000,1.985880
504,-25.1499627950,19.4050521851,0.1100000000,122,122,156,0.4862296000,1.911523
505,-30.2688470925,19.6726837158,0.1000000000,91,91,110,0.4851406000,1.929749
506,-27.7933915135,19.5761737823,0.1000000000,85,85,96,0.4841902000,1.851226
507,19.6170401562,19.9901618958,0.0900000000,96,96,116,0.4830418000,1.657479
508,-36.4116691670,19.9754600525,0.0900000000,83,83,92,0.4821310000,1.733831
509,-49.3725011317,19.8902816772,0.0900000000,101,101,130,0.4808440000,1.879646
510,18.5682533310,19.8912734985,0.0900000000,139,139,154,0.4793194000,1.791346
511,-3.7428634288,19.9236736298,0.0800000000,81,81,88,0.4784482000,1.842928
512,-70.4732654731,20.0978488922,0.0800000000,101,101,122,0.4772404000,1.852956
513,-45.2170513085,19.3558444977,0.0700000000,78,78,89,0.4763593000,1.731670
514,40.4176854285,20.4201202393,0.0700000000,159,159,183,0.4745476000,1.864583
515,-43.1536130463,19.8947067261,0.0700000000,129,129,147,0.4730923000,1.535419
516,-26.4510805857,19.7549152374,0.0700000000,115,115,132,0.4717855000,1.845210
517,36.1682268867,20.5178699493,0.0800000000,95,95,109,0.4707064000,1.850332
518,-112.1721975653,19.8799972534,0.0800000000,320,320,369,0.4670533000,1.748151
519,-3.0148555025,19.9183158875,0.0800000000,241,241,279,0.4642912000,1.696921
520,1.1239157947,20.9117355347,0.0800000000,90,90,107,0.4632319000,1.793097
521,-60.0396472834,19.9408340454,0.0800000000,79,79,89,0.4623508000,1.630981
522,-27.5148633586,19.3263053894,0.0800000000,112,112,123,0.4611331000,1.755271
523,-40.9804101460,20.9958190918,0.0800000000,77,77,88,0.4602619000,1.493924
524,-192.0816479164,20.1082687378,0.0800000000,874,874,1000,0.4503619000,1.738391
525,-9.4948437817,19.7382125854,0.0800000000,294,294,339,0.4470058000,1.818639
526,-68.0233150665,19.0105991364,0.0800000000,879,879,1000,0.4371058000,1.851008
527,17.1905745439,18.8034286499,0.0800000000,146,146,171,0.4354129000,1.723157
528,-29.2832256797,20.0097465515,0.0800000000,100,100,114,0.4342843000,2.212268
529,-26.6423645320,19.7981472015,0.0800000000,115,115,133,0.4329676000,1.684892
530,-43.3581516884,20.3346462250,0.0700000000,665,665,742,0.4256218000,1.807052
531,-241.1837950419,20.4551620483,0.0700000000,439,439,506,0.4206124000,1.838210
532,-44.2582310676,20.1952781677,0.0700000000,858,858,1000,0.4107124000,1.873838
533,30.6025649908,20.3330764771,0.0600000000,135,135,156,0.4091680000,1.795188
534,31.0024254686,20.6212463379,0.0700000000,135,135,163,0.4075543000,1.873580
535,37.6117372215,20.6344795227,0.0700000000,109,109,132,0.4062475000,1.756573
536,23.9408013003,21.6479911804,0.0700000000,111,111,122,0.4050397000,2.112042
537,-4.1805876521,20.6548404694,0.0600000000,96,96,109,0.4039606000,1.791404
538,-41.7947485729,20.5954093933,0.0500000000,850,850,1000,0.3940606000,1.913913
539,-63.5715602259,20.2613258362,0.0500000000,76,76,86,0.3932092000,2.050056
540,-68.3830921617,21.4038810730,0.0500000000,881,881,1000,0.3833092000,2.006860
541,27.3381912182,20.8708305359,0.0500000000,119,119,135,0.3819727000,1.857266
542,-25.9464911763,21.9977645874,0.0500000000,892,892,1000,0.3720727000,2.006811
543,4.5802685199,22.2793750763,0.0500000000,128,128,139,0.3706966000,1.980499
544,-79.6871007483,24.7945823669,0.0500000000,889,889,1000,0.3607966000,2.092618
545,-15.1384833662,24.8653717041,0.0500000000,835,835,1000,0.3508966000,2.070472
546,-39.1761305007,26.7609577179,0.0500000000,850,850,1000,0.3409966000,2.094484
547,-43.1432475611,27.6046199799,0.0500000000,874,874,1000,0.3310966000,2.088716
548,-21.6428158045,27.9125957489,0.0500000000,842,842,1000,0.3211966000,2.098296
549,34.3254353888,28.5978736877,0.0500000000,117,117,130,0.3199096000,1.890805
550,31.4599935396,28.2314987183,0.0500000000,101,101,110,0.3188206000,2.015213
551,-74.3129475394,28.8223438263,0.0500000000,893,893,1000,0.3089206000,2.200392
552,-64.2976231524,30.8499469757,0.0500000000,846,846,1000,0.2990206000,2.069074
553,-39.0948824961,32.3363800049,0.0500000000,850,850,1000,0.2891206000,2.074233
554,-37.8367011621,33.7704849243,0.0500000000,808,808,1000,0.2792206000,2.089280
555,-29.0582565182,35.8656692505,0.0500000000,852,852,1000,0.2693206000,2.015395
556,-4.0685443605,37.5464668274,0.0500000000,799,799,1000,0.2594206000,2.140471
557,-41.6781176496,37.8728179932,0.0500000000,809,809,1000,0.2495206000,2.031187
558,-9.0897066597,38.2516784668,0.0500000000,844,844,1000,0.2396206000,2.135389
559,17.4871409125,38.5803184509,0.0500000000,779,779,1000,0.2297206000,2.083182
560,-3.9523889467,39.9250144958,0.0500000000,793,793,1000,0.2198206000,2.003288
561,-158.2335047671,39.8694686890,0.0500000000,448,448,598,0.2139004000,1.971108
562,-193.7042164496,40.2103919983,0.0400000000,409,409,501,0.2089405000,1.998481
563,-43.8861734216,41.6348648071,0.0400000000,839,839,1000,0.1990405000,2.099272
564,-53.0113555857,40.7123413086,0.0400000000,846,846,1000,0.1891405000,2.101420
565,-57.7924621987,40.8362274170,0.0400000000,812,812,1000,0.1792405000,2.116747
566,-105.3422040127,42.8805618286,0.0400000000,855,855,1000,0.1693405000,2.149631
567,-39.2218966909,42.7289848328,0.0400000000,920,920,1000,0.1594405000,2.091721
568,-32.4677635896,44.2074050903,0.0400000000,867,867,1000,0.1495405000,2.102244
569,-49.9801975784,42.5533752441,0.0400000000,886,886,1000,0.1396405000,2.109497
570,-85.0622119277,43.2898788452,0.0400000000,869,869,1000,0.1297405000,1.811279
571,-59.2155785592,43.3559188843,0.0400000000,946,946,1000,0.1198405000,2.021152
572,-75.2786445789,42.5478973389,0.0400000000,902,902,1000,0.1099405000,1.953389
573,-106.9117386228,44.3377914429,0.0400000000,847,847,1000,0.1000405000,1.845580
574,-60.3590913784,44.6846618652,0.0400000000,849,849,1000,0.0901405000,1.843238
575,-27.2282435319,46.7816658020,0.0400000000,861,861,1000,0.0802405000,1.899847
576,-52.5192635246,44.9783401489,0.0400000000,815,815,1000,0.0703405000,1.925485
577,-30.5414166907,44.8528556824,0.0400000000,813,813,1000,0.0604405000,1.803491
578,-40.2273390026,45.8609619141,0.0400000000,873,873,1000,0.0505405000,1.900650
579,-98.4009007254,44.5884323120,0.0400000000,762,762,1000,0.0406405000,1.870649
580,-43.0801867230,45.9582519531,0.0400000000,722,722,1000,0.0307405000,1.837314
581,-41.4813079681,47.2135696411,0.0400000000,711,711,1000,0.0208405000,1.848014
582,-59.8232031093,48.2021484375,0.0300000000,737,737,1000,0.0109405000,1.831935
583,-42.9281478731,47.2235565186,0.0300000000,714,714,1000,0.0100000000,1.873329
584,-53.0553219866,48.1477737427,0.0300000000,758,758,1000,0.0100000000,1.687419
585,-17.2552555192,48.1997222900,0.0300000000,718,718,1000,0.0100000000,1.741891
586,-65.6415389273,46.4863891602,0.0300000000,756,756,1000,0.0100000000,1.650325
587,-67.9837074393,48.2464981079,0.0300000000,705,705,1000,0.0100000000,1.570983
588,-5.2480792835,48.9225502014,0.0300000000,745,745,1000,0.0100000000,1.669104
589,23.7469691922,48.3794593811,0.0300000000,719,719,1000,0.0100000000,1.496219
590,-48.7617604061,47.8352203369,0.0300000000,716,716,1000,0.0100000000,1.515890
591,-6.3381086565,46.4433898926,0.0300000000,731,731,1000,0.0100000000,1.468482
592,-12.9285142952,47.2147712708,0.0300000000,741,741,1000,0.0100000000,1.509099
593,25.7012931454,48.3564300537,0.0300000000,753,753,1000,0.0100000000,1.448036
594,-18.6133388701,48.1403198242,0.0300000000,764,764,1000,0.0100000000,1.343785
595,45.6147268172,46.7245140076,0.0300000000,807,807,1000,0.0100000000,1.353234
596,-23.8275393908,47.0222549438,0.0300000000,791,791,1000,0.0100000000,1.348726
597,9.3099184587,46.1719665527,0.0200000000,796,796,1000,0.0100000000,1.322595
598,230.3662639670,45.7827072144,0.0300000000,231,231,321,0.0100000000,1.320313
599,-1.3627590919,45.1492156982,0.0300000000,879,879,1000,0.0100000000,1.226314
600,-1.9698974355,45.3653411865,0.0300000000,889,889,1000,0.0100000000,1.277864
601,2.6164295862,44.7175025940,0.0300000000,787,787,1000,0.0100000000,1.296708
602,11.5394686933,45.1706428528,0.0300000000,818,818,1000,0.0100000000,1.181735
603,15.4434456566,46.0282402039,0.0300000000,822,822,1000,0.0100000000,1.121776
604,-12.9297702641,44.2083053589,0.0300000000,857,857,1000,0.0100000000,1.202125
605,-8.0245227332,43.6413459778,0.0300000000,885,885,1000,0.0100000000,1.187926
606,-2.6657048558,43.4913787842,0.0300000000,841,841,1000,0.0100000000,1.199419
607,-14.0366238953,42.2513275146,0.0300000000,776,776,1000,0.0100000000,1.223444
608,7.2977691184,41.9429130554,0.0300000000,764,764,1000,0.0100000000,1.203857
609,-29.5049174226,39.7686996460,0.0300000000,751,751,1000,0.0100000000,1.145234
610,-49.9746192679,40.2299118042,0.0300000000,775,775,1000,0.0100000000,1.076230
611,24.4202576596,39.7137069702,0.0300000000,782,782,1000,0.0100000000,1.049706
612,-33.0389069671,40.0555801392,0.0300000000,734,734,1000,0.0100000000,1.121843
613,-6.9612385284,41.2931518555,0.0300000000,752,752,1000,0.0100000000,1.090572
614,-38.4564947190,43.0273818970,0.0300000000,757,757,1000,0.0100000000,1.053851
615,-11.8110916201,43.7243728638,0.0300000000,746,746,1000,0.0100000000,1.011194
616,-28.9806651419,43.2626152039,0.0300000000,816,816,1000,0.0100000000,0.975086
617,56.2153427354,43.6649665833,0.0200000000,786,786,1000,0.0100000000,1.029162
618,-22.7497267345,44.7769927979,0.0200000000,837,837,1000,0.0100000000,1.002989
619,-29.0884589353,46.6852340698,0.0200000000,845,845,1000,0.0100000000,0.914043
620,224.6155424167,47.2751998901,0.0300000000,340,340,456,0.0100000000,0.896180
621,213.5419990771,46.7637481689,0.0400000000,627,627,740,0.0100000000,0.941897
622,-7.0530325122,47.9848594666,0.0400000000,776,776,1000,0.0100000000,0.928557
623,156.8195010609,48.9403038025,0.0500000000,722,722,918,0.0100000000,0.894135
624,54.8217633564,48.7032470703,0.0500000000,190,190,230,0.0100000000,0.852496
625,26.5485684887,48.3471488953,0.0500000000,846,846,1000,0.0100000000,0.906508
626,10.0138731940,49.5972175598,0.0500000000,902,902,1000,0.0100000000,0.850474
627,0.3905986238,49.9731101990,0.0500000000,849,849,1000,0.0100000000,0.820422
628,215.8891366517,51.5610504150,0.0600000000,503,503,632,0.0100000000,0.900650
629,-34.4040227890,51.4879989624,0.0600000000,858,858,1000,0.0100000000,0.794264
630,-13.8054126032,47.8334770203,0.0600000000,827,827,1000,0.0100000000,0.765384
631,-11.6563852415,52.7209320068,0.0600000000,828,828,1000,0.0100000000,0.787692
632,22.6966050926,53.0960998535,0.0600000000,843,843,1000,0.0100000000,0.769071
633,-21.6227022513,52.3611602783,0.0600000000,825,825,1000,0.0100000000,0.768657
634,-26.8834762413,54.7938613892,0.0500000000,834,834,1000,0.0100000000,0.718427
635,-13.6176266560,53.1527023315,0.0500000000,777,777,1000,0.0100000000,0.666539
636,-11.4122461854,53.9464569092,0.0500000000,801,801,1000,0.0100000000,0.640526
637,3.9515325343,52.6571044922,0.0500000000,796,796,1000,0.0100000000,0.622717
638,1.9940327546,53.3767089844,0.0500000000,821,821,1000,0.0100000000,0.590218
639,-53.1837157307,55.3810958862,0.0500000000,779,779,1000,0.0100000000,0.580647
640,-34.8690689493,56.8168220520,0.0500000000,824,824,1000,0.0100000000,0.521042
641,19.4518855889,57.1178245544,0.0500000000,856,856,1000,0.0100000000,0.572175
642,224.3494839587,59.4534606934,0.0600000000,352,352,492,0.0100000000,0.590541
643,277.8586164760,57.2386169434,0.0700000000,267,267,380,0.0100000000,0.525553
644,235.2754537757,58.2998847961,0.0800000000,529,529,718,0.0100000000,0.491790
645,229.4355108850,59.6195411682,0.0900000000,463,463,564,0.0100000000,0.480987
646,232.4993935784,58.5476989746,0.1000000000,496,496,693,0.0100000000,0.477190
647,201.7070751406,59.4606475830,0.1100000000,431,431,560,0.0100000000,0.459067
648,229.5273783760,59.0382995605,0.1200000000,327,327,449,0.0100000000,0.476200
649,231.8395547926,59.2285003662,0.1300000000,230,230,345,0.0100000000,0.448630
650,297.1275601514,60.3253173828,0.1400000000,276,276,365,0.0100000000,0.471710
651,232.3529623312,60.4286346436,0.1500000000,276,276,398,0.0100000000,0.418784
652,239.4841241846,60.4762496948,0.1600000000,304,304,399,0.0100000000,0.440203
653,255.8800661032,60.1618804932,0.1700000000,462,462,605,0.0100000000,0.417100
654,197.4095110946,64.8481445312,0.1800000000,594,594,826,0.0100000000,0.430906
655,257.3549125806,65.1671905518,0.1900000000,419,419,589,0.0100000000,0.432282
656,268.9441483537,64.8255310059,0.2000000000,345,345,461,0.0100000000,0.397127
657,229.1890284148,66.9280853271,0.2100000000,317,317,460,0.0100000000,0.342343
658,197.2618667784,67.2381057739,0.2200000000,668,668,908,0.0100000000,0.381648
659,217.6589972062,67.3489456177,0.2200000000,447,447,521,0.0100000000,0.368301
660,177.3608355216,67.8111114502,0.2300000000,741,741,976,0.0100000000,0.376456
661,241.2717006298,68.2709197998,0.2400000000,381,381,488,0.0100000000,0.365892
662,-19.2662234492,69.7842102051,0.2400000000,870,870,1000,0.0100000000,0.388007
663,246.7639456287,68.9531097412,0.2500000000,712,712,961,0.0100000000,0.364343
664,213.6137474004,68.1297607422,0.2600000000,535,535,654,0.0100000000,0.371458
665,0.6695635846,69.2766265869,0.2600000000,922,922,1000,0.0100000000,0.342503
666,9.2238365279,67.0908813477,0.2600000000,879,879,1000,0.0100000000,0.324959
667,228.0068210353,67.7282867432,0.2700000000,571,571,705,0.0100000000,0.316321
668,215.8945639549,68.4201202393,0.2800000000,373,373,433,0.0100000000,0.333555
669,222.7111422589,67.2168731689,0.2900000000,370,370,445,0.0100000000,0.338031
670,224.4039226810,67.6186065674,0.3000000000,295,295,373,0.0100000000,0.328643
671,195.3212535499,66.7310943604,0.3100000000,625,625,734,0.0100000000,0.352222
672,7.4777137416,67.1036224365,0.3100000000,850,850,1000,0.0100000000,0.329157
673,5.2953238037,66.8160552979,0.3100000000,856,856,1000,0.0100000000,0.351434
674,-40.8761910582,65.1971588135,0.3100000000,893,893,1000,0.0100000000,0.320473
675,22.5219125439,64.3661956787,0.3100000000,775,775,1000,0.0100000000,0.305741
676,31.2165565466,66.0721359253,0.3100000000,825,825,1000,0.0100000000,0.321966
677,208.3895132695,66.3524169922,0.3200000000,703,703,962,0.0100000000,0.305261
678,20.1313600514,66.3621673584,0.3200000000,783,783,1000,0.0100000000,0.301755
679,190.8136230014,68.8597488403,0.3300000000,709,709,993,0.0100000000,0.316662
680,225.7089793343,70.0037078857,0.3400000000,480,480,669,0.0100000000,0.306582
681,246.1670261385,69.7083129883,0.3400000000,379,379,545,0.0100000000,0.320402
682,-0.8259664331,68.1995849609,0.3400000000,811,811,1000,0.0100000000,0.339433
683,140.9988724223,67.4976730347,0.3400000000,766,766,832,0.0100000000,0.335616
684,-34.1537469847,67.8606567383,0.3400000000,783,783,1000,0.0100000000,0.364299
685,53.7358059011,67.0231857300,0.3400000000,782,782,1000,0.0100000000,0.352826
686,-95.7155711908,71.0448684692,0.3400000000,846,846,1000,0.0100000000,0.351653
687,280.6656232470,69.6967697144,0.3500000000,415,415,588,0.0100000000,0.370868
688,-96.0221408148,68.2914886475,0.3500000000,826,826,1000,0.0100000000,0.368809
689,-111.9347389146,67.1929016113,0.3500000000,819,819,1000,0.0100000000,0.351183
690,-77.7224272639,68.4318161011,0.3500000000,811,811,1000,0.0100000000,0.372307
691,26.3889056793,69.9413223267,0.3500000000,806,806,1000,0.0100000000,0.404472
692,-86.1835217937,70.5801391602,0.3500000000,858,858,1000,0.0100000000,0.409816
693,-2.9361067606,69.4410171509,0.3500000000,848,848,1000,0.0100000000,0.421000
694,116.4320452830,71.4888305664,0.3500000000,664,664,1000,0.0100000000,0.437022
695,-39.5734531656,69.9790344238,0.3500000000,816,816,1000,0.0100000000,0.383624
696,255.3508111648,70.1946868896,0.3600000000,273,273,355,0.0100000000,0.373685
697,1.0903546501,72.5016632080,0.3600000000,748,748,1000,0.0100000000,0.384038
698,111.2730987983,71.6500549316,0.3500000000,610,610,1000,0.0100000000,0.416129
699,-27.0080029175,70.1564025879,0.3500000000,758,758,1000,0.0100000000,0.430640
700,218.9253930201,68.8768768311,0.3500000000,684,684,791,0.0100000000,0.412118
701,235.1165262213,70.4093780518,0.3500000000,722,722,895,0.0100000000,0.397845
702,141.6659888256,67.7454681396,0.3500000000,606,606,1000,0.0100000000,0.415722
703,276.5983808231,67.9894790649,0.3600000000,170,170,245,0.0100000000,0.414278
704,60.2622090870,68.9259490967,0.3600000000,712,712,1000,0.0100000000,0.367725
705,222.1303737321,70.6323394775,0.3700000000,537,537,765,0.0100000000,0.429750
706,280.9785381016,71.0558624268,0.3800000000,377,377,591,0.0100000000,0.396536
707,216.2879062876,71.5158691406,0.3900000000,408,408,533,0.0100000000,0.400818
708,142.5394061855,71.7475738525,0.3900000000,812,812,1000,0.0100000000,0.401424
709,259.2392426605,72.3335800171,0.4000000000,327,327,457,0.0100000000,0.410128
710,139.3042940115,73.8742675781,0.4000000000,678,678,1000,0.0100000000,0.408130
711,61.4509468696,72.0509414673,0.4000000000,768,768,1000,0.0100000000,0.406834
712,213.3272947668,74.2164382935,0.4100000000,491,491,637,0.0100000000,0.420285
713,163.3890851741,74.0109939575,0.4100000000,615,615,1000,0.0100000000,0.419113
714,95.2371773222,76.3532485962,0.4100000000,584,584,1000,0.0100000000,0.407543
715,234.9894365203,76.1597747803,0.4200000000,341,341,527,0.0100000000,0.415019
716,171.1798774521,75.2215576172,0.4300000000,680,680,845,0.0100000000,0.369036
717,232.6742546981,77.6930007935,0.4400000000,278,278,401,0.0100000000,0.378550
718,55.2260425990,76.9061279297,0.4400000000,71,71,84,0.0100000000,0.368392
719,81.0431043543,77.8476409912,0.4400000000,638,638,1000,0.0100000000,0.384007
720,209.5357423076,81.0212707520,0.4400000000,612,612,781,0.0100000000,0.392039
721,-1.5436696589,80.6502685547,0.4300000000,71,71,82,0.0100000000,0.388405
722,80.6956809056,81.1441192627,0.4300000000,688,688,1000,0.0100000000,0.365559
723,4.0318902111,81.3506088257,0.4200000000,66,66,77,0.0100000000,0.308220
724,0.2987822304,81.1977081299,0.4200000000,77,77,97,0.0100000000,0.363285
725,176.7481594899,82.4962387085,0.4200000000,573,573,1000,0.0100000000,0.362866
726,250.6889127704,83.7760848999,0.4300000000,174,174,248,0.0100000000,0.355469
727,252.8174394819,82.5388031006,0.4400000000,469,469,605,0.0100000000,0.370243
728,-92.5879877201,83.4700546265,0.4300000000,101,101,125,0.0100000000,0.367341
729,-17.7687898010,83.3211975098,0.4300000000,899,899,1000,0.0100000000,0.351885
730,122.2900473132,83.2717971802,0.4300000000,574,574,1000,0.0100000000,0.343333
731,223.1743810785,84.8182678223,0.4400000000,430,430,572,0.0100000000,0.383031
732,254.2568142967,83.7830352783,0.4500000000,182,182,293,0.0100000000,0.352220
733,303.2947827756,83.0354614258,0.4600000000,192,192,309,0.0100000000,0.376986
734,153.9790492113,82.1616744995,0.4600000000,535,535,1000,0.0100000000,0.347208
735,268.4267087680,83.4882507324,0.4700000000,443,443,786,0.0100000000,0.361721
736,-10.1018005912,84.2567062378,0.4700000000,69,69,85,0.0100000000,0.382618
737,253.2634811133,83.7965698242,0.4800000000,253,253,371,0.0100000000,0.412595
738,153.5778483036,82.8769226074,0.4800000000,558,558,1000,0.0100000000,0.335898
739,254.0247632384,81.8073883057,0.4900000000,554,554,935,0.0100000000,0.352583
740,137.1205092517,80.7333450317,0.4900000000,630,630,1000,0.0100000000,0.365429
741,127.8605896372,79.2971191406,0.4900000000,738,738,1000,0.0100000000,0.344047
742,167.1952165800,82.0552215576,0.4800000000,653,653,1000,0.0100000000,0.369556
743,21.5063953272,82.2215576172,0.4700000000,896,896,1000,0.0100000000,0.345998
744,217.7404947738,80.3351745605,0.4700000000,688,688,980,0.0100000000,0.359434
745,211.5524119644,81.0236892700,0.4700000000,391,391,611,0.0100000000,0.383272
746,97.0000739318,79.3573989868,0.4600000000,689,689,1000,0.0100000000,0.379160
747,240.4364928542,79.2414398193,0.4600000000,394,394,725,0.0100000000,0.390116
748,285.0630402663,77.0858306885,0.4600000000,329,329,480,0.0100000000,0.374088
749,244.5212364803,77.2615814209,0.4600000000,199,199,271,0.0100000000,0.367763
750,-18.8880368370,77.6094284058,0.4500000000,122,122,146,0.0100000000,0.383477
751,-274.5154587969,77.3553848267,0.4400000000,229,229,245,0.0100000000,0.395319
752,74.0954130382,75.8353424072,0.4300000000,727,727,1000,0.0100000000,0.405882
753,267.4057356235,74.1773757935,0.4300000000,428,428,528,0.0100000000,0.397290
754,143.6794682037,70.9114685059,0.4200000000,760,760,1000,0.0100000000,0.428368
755,175.8873075721,69.8109512329,0.4100000000,640,640,1000,0.0100000000,0.405076
756,255.0938428613,69.9658508301,0.4000000000,565,565,771,0.0100000000,0.427481
757,290.7986400511,69.5696945190,0.4000000000,283,283,392,0.0100000000,0.429627
758,292.2643800926,68.1564025879,0.4000000000,430,430,799,0.0100000000,0.393375
759,177.5577694293,67.7349700928,0.4000000000,509,509,1000,0.0100000000,0.362362
760,251.7925225752,65.2765426636,0.3900000000,648,648,869,0.0100000000,0.410304
761,262.7717678078,65.9278793335,0.3800000000,289,289,306,0.0100000000,0.407441
762,293.9317431383,65.3528366089,0.3900000000,336,336,649,0.0100000000,0.360781
763,241.6169901580,64.0208129883,0.3900000000,415,415,872,0.0100000000,0.400244
764,244.8327426602,62.3981285095,0.3900000000,347,347,736,0.0100000000,0.372195
765,127.3609331496,59.7693977356,0.3900000000,511,511,1000,0.0100000000,0.385182
766,64.4512230775,56.8854789734,0.3900000000,673,673,1000,0.0100000000,0.381052
767,178.0014025563,56.7685089111,0.3800000000,702,702,1000,0.0100000000,0.378778
768,163.8961464078,54.9634857178,0.3700000000,572,572,1000,0.0100000000,0.365789
769,121.6891570322,54.7195854187,0.3600000000,612,612,1000,0.0100000000,0.410970
770,235.3623325280,53.9411735535,0.3600000000,372,372,618,0.0100000000,0.387432
771,187.0891738059,54.7893676758,0.3500000000,554,554,1000,0.0100000000,0.365574
772,121.9414482188,52.6687126160,0.3500000000,536,536,1000,0.0100000000,0.358968
773,154.4601633585,51.2086944580,0.3500000000,536,536,1000,0.0100000000,0.396574
774,285.7567762284,52.4217910767,0.3500000000,272,272,535,0.0100000000,0.424074
775,289.8534814552,54.2408599854,0.3600000000,335,335,586,0.0100000000,0.347595
776,274.7847525312,56.5348434448,0.3600000000,242,242,430,0.0100000000,0.413514
777,290.3075379199,56.3558464050,0.3500000000,174,174,256,0.0100000000,0.364317
778,157.6604937738,55.2121047974,0.3500000000,792,792,1000,0.0100000000,0.384473
779,243.1986647517,56.7276992798,0.3500000000,250,250,473,0.0100000000,0.417663
780,201.7518495524,55.3855819702,0.3400000000,849,849,921,0.0100000000,0.370066
781,17.3273658582,54.7207183838,0.3500000000,99,99,117,0.0100000000,0.439942
782,52.0977521162,56.7025642395,0.3600000000,134,134,152,0.0100000000,0.375428
783,251.3948456424,53.6456604004,0.3600000000,450,450,613,0.0100000000,0.421215
784,260.3971391147,54.3739967346,0.3600000000,196,196,356,0.0100000000,0.362519
785,29.5714713834,52.7851943970,0.3600000000,96,96,125,0.0100000000,0.430293
786,43.6173364273,53.7988204956,0.3600000000,68,68,104,0.0100000000,0.296919
787,-8.2014769046,53.0758514404,0.3500000000,58,58,77,0.0100000000,0.335160
788,12.6385362632,53.3951988220,0.3500000000,149,149,193,0.0100000000,0.352882
789,52.4178215579,52.2204551697,0.3500000000,99,99,115,0.0100000000,0.418390
790,284.0375938055,52.2792053223,0.3600000000,318,318,520,0.0100000000,0.384871
791,18.5271277507,51.4974479675,0.3600000000,118,118,136,0.0100000000,0.423196
792,-68.1904089883,51.4913253784,0.3600000000,55,55,74,0.0100000000,0.489325
793,-11.6502773724,53.0593719482,0.3600000000,47,47,64,0.0100000000,0.459804
794,-3.8573448234,52.8879928589,0.3600000000,77,77,110,0.0100000000,0.384739
795,302.3515331893,47.1374473572,0.3700000000,266,266,397,0.0100000000,0.388793
796,-22.9838778745,49.3542900085,0.3600000000,62,62,83,0.0100000000,0.319818
797,-17.3955383396,50.3346862793,0.3600000000,66,66,97,0.0100000000,0.453751
798,21.8995021251,50.4153938293,0.3600000000,89,89,101,0.0100000000,0.446597
799,148.5209862026,47.9330596924,0.3600000000,797,797,836,0.0100000000,0.409340
800,41.6038164917,49.1158714294,0.3600000000,84,84,91,0.0100000000,0.430006
