episode,total_reward,average_q,safe_rate_100,attempted,executed,steps,epsilon,training_loss
1,-147.0614162596,0.2392784357,0.0000000000,50,40,70,0.9993070000,nan
2,-359.3781262676,0.2392784357,0.0000000000,67,61,93,0.9983863000,nan
3,-158.8912212896,0.2392784357,0.0000000000,102,86,122,0.9971785000,nan
4,-141.9774998992,0.2392784357,0.0000000000,67,58,85,0.9963370000,nan
5,-173.7478207023,0.2392784357,0.0000000000,84,72,117,0.9951787000,nan
6,-329.7679992601,0.2392784357,0.0000000000,78,67,104,0.9941491000,nan
7,-327.3271115926,0.2392784357,0.0000000000,57,47,79,0.9933670000,nan
8,-179.7740338844,0.2392784357,0.0000000000,58,47,70,0.9926740000,nan
9,-351.4077837618,0.2392784357,0.0000000000,79,63,108,0.9916048000,nan
10,-298.7833631074,0.2392784357,0.0000000000,90,80,118,0.9904366000,nan
11,-78.4674416538,-0.3598695397,0.0000000000,51,43,68,0.9897634000,2.378366
12,-159.1240213578,-0.5801140070,0.0000000000,58,45,78,0.9889912000,2.183941
13,-116.7944378967,-0.4282888174,0.0000000000,74,67,96,0.9880408000,2.109947
14,-90.1399685802,-0.1488809884,0.0000000000,63,49,84,0.9872092000,1.890186
15,-168.2185149140,0.2324882299,0.0000000000,80,66,115,0.9860707000,1.631696
16,-243.6155713386,0.1950590312,0.0000000000,54,41,74,0.9853381000,1.630903
17,-280.6551980255,0.1404836178,0.0000000000,77,61,99,0.9843580000,1.782376
18,-175.9046949961,0.2987487614,0.0000000000,76,66,92,0.9834472000,1.357518
19,-160.7055833117,0.1835407317,0.0000000000,69,62,93,0.9825265000,1.550764
20,-33.6771265769,0.1175141782,0.0500000000,51,44,68,0.9818533000,1.540087
21,-159.2654652996,0.1400846094,0.0476190476,48,33,64,0.9812197000,1.444286
22,-153.4541392435,0.4647485614,0.0454545455,68,55,87,0.9803584000,1.372086
23,-175.7620925753,0.1670646369,0.0434782609,54,49,68,0.9796852000,1.640241
24,-132.4251084081,0.2514414489,0.0416666667,54,46,75,0.9789427000,1.242995
25,-120.5300342277,0.3709793687,0.0400000000,63,58,78,0.9781705000,1.178728
26,-93.9398070461,0.2658866048,0.0384615385,49,38,65,0.9775270000,1.211328
27,-295.6657789718,0.4301528335,0.0370370370,62,50,76,0.9767746000,1.148219
28,-355.2863891547,0.3867983520,0.0357142857,81,71,105,0.9757351000,1.296328
29,-108.3402833752,0.7474429607,0.0344827586,48,41,63,0.9751114000,2.050307
30,-192.0538105334,0.4502334893,0.0333333333,49,43,74,0.9743788000,1.610327
31,-336.5016615872,1.0135380030,0.0322580645,104,96,137,0.9730225000,1.229883
32,-135.9326060648,0.7732685208,0.0312500000,69,64,89,0.9721414000,1.376396
33,-98.7819252241,0.6345932484,0.0303030303,96,85,123,0.9709237000,1.291586
34,-253.0164873977,0.3962423205,0.0294117647,79,68,103,0.9699040000,1.638038
35,-152.9502218238,0.5127696991,0.0285714286,81,69,113,0.9687853000,1.408279
36,-207.1296840882,0.6614577770,0.0277777778,88,83,120,0.9675973000,1.354004
37,-597.0243403053,0.4959760010,0.0270270270,77,60,98,0.9666271000,1.301109
38,-185.1112552722,0.5014041662,0.0263157895,46,33,58,0.9660529000,1.548023
39,-124.5142583385,1.2339401245,0.0256410256,59,54,76,0.9653005000,1.571273
40,-182.3458494360,0.9603329897,0.0250000000,94,75,113,0.9641818000,1.588046
41,-101.5210460925,0.7073453665,0.0243902439,86,75,114,0.9630532000,1.373784
42,-104.3428520402,0.8001539707,0.0238095238,57,50,75,0.9623107000,1.223945
43,-194.2761510886,0.8853726387,0.0232558140,81,69,109,0.9612316000,1.665583
44,-134.7479538429,0.8120180368,0.0227272727,75,68,104,0.9602020000,1.311982
45,-129.0467592770,0.8697658181,0.0222222222,46,40,62,0.9595882000,1.577818
46,-138.9676301629,0.9821982384,0.0217391304,68,57,83,0.9587665000,1.610268
47,-170.5751438039,0.9038764238,0.0212765957,76,69,96,0.9578161000,1.378401
48,-152.7858432689,1.2105021477,0.0208333333,70,54,92,0.9569053000,1.474257
49,-193.7332088405,1.2135629654,0.0204081633,94,78,112,0.9557965000,1.290625
50,-96.7615922904,1.1136717796,0.0200000000,61,54,74,0.9550639000,1.377693
51,-171.0285769883,1.4345201254,0.0196078431,78,69,102,0.9540541000,1.497369
52,-223.7101358465,0.9753134251,0.0192307692,84,72,113,0.9529354000,1.477513
53,-360.3409131114,1.0266674757,0.0188679245,79,66,96,0.9519850000,1.345634
54,-138.1544989977,1.3261317015,0.0185185185,41,33,58,0.9514108000,1.390091
55,-33.1873636509,1.5734868050,0.0363636364,62,55,83,0.9505891000,1.574210
56,-163.6168870782,1.0414835215,0.0357142857,89,86,118,0.9494209000,1.532085
57,-111.2216317542,1.0047366619,0.0350877193,47,39,65,0.9487774000,1.452840
58,-51.1014502114,1.1797686815,0.0517241379,83,70,111,0.9476785000,1.566933
59,-336.0884603894,1.3687672615,0.0508474576,60,50,79,0.9468964000,1.480893
60,-371.8840188167,1.2787170410,0.0500000000,71,61,99,0.9459163000,1.343086
61,-116.4213101340,1.7458888292,0.0491803279,56,44,71,0.9452134000,1.757143
62,-95.3468761250,1.5968608856,0.0483870968,44,36,65,0.9445699000,1.680483
63,-277.9884507418,1.8603808880,0.0476190476,77,67,108,0.9435007000,1.714475
64,-290.8077466794,1.6342246532,0.0468750000,77,71,97,0.9425404000,1.589762
65,-203.9335650960,1.6822772026,0.0461538462,57,49,82,0.9417286000,1.496282
66,-153.7292989204,1.6555132866,0.0454545455,54,43,73,0.9410059000,1.655809
67,-263.8739669182,2.2992830276,0.0447761194,59,50,86,0.9401545000,1.773135
68,-277.4176427948,1.8855395317,0.0441176471,78,70,97,0.9391942000,1.536151
69,-159.7422975830,1.9968390465,0.0434782609,84,73,108,0.9381250000,1.571837
70,-302.0947758220,1.9624043703,0.0428571429,70,63,99,0.9371449000,1.592491
71,-21.4052061110,2.1915812492,0.0422535211,73,66,103,0.9361252000,1.558594
72,-46.5256103522,2.4064321518,0.0555555556,75,59,102,0.9351154000,1.847060
73,-213.6669595991,2.6792302132,0.0547945205,69,60,82,0.9343036000,1.756783
74,-102.1855616942,2.1952998638,0.0540540541,42,34,64,0.9336700000,1.832223
75,-110.5262850148,2.3572113514,0.0533333333,51,44,65,0.9330265000,1.860790
76,-162.9947574529,2.5755276680,0.0526315789,61,49,87,0.9321652000,1.976125
77,-188.4202063895,2.6154093742,0.0519480519,71,57,87,0.9313039000,1.537485
78,-128.2571553197,3.2012424469,0.0512820513,62,56,83,0.9304822000,1.933873
79,-96.9930115284,3.0760564804,0.0506329114,46,39,65,0.9298387000,2.002488
80,-119.1659927823,3.0440909863,0.0500000000,49,41,72,0.9291259000,1.687444
81,-85.5281326744,2.8750443459,0.0493827160,51,40,62,0.9285121000,1.919448
82,-112.7269525973,3.1832985878,0.0487804878,97,76,125,0.9272746000,1.910466
83,-163.6987467158,3.1337249279,0.0481927711,55,48,71,0.9265717000,1.714962
84,4.1238335217,2.9513702393,0.0476190476,61,52,78,0.9257995000,1.964801
85,-93.7213006484,3.6073546410,0.0470588235,63,51,86,0.9249481000,2.072651
86,-138.9965561903,3.4370570183,0.0465116279,57,48,77,0.9241858000,1.913164
87,-167.1373113982,3.5843558311,0.0459770115,81,64,99,0.9232057000,2.073997
88,-115.0405103635,3.4753568172,0.0454545455,59,53,65,0.9225622000,1.993013
89,-113.0946289923,4.1040287018,0.0449438202,48,42,62,0.9219484000,2.352776
90,-312.9051087191,3.6861908436,0.0444444444,60,50,75,0.9212059000,1.715807
91,-293.9021558834,3.7901644707,0.0439560440,75,65,95,0.9202654000,1.961326
92,-133.2697240440,4.1862077713,0.0434782609,64,57,79,0.9194833000,1.755656
93,-113.8577411914,4.4202289581,0.0430107527,69,61,89,0.9186022000,2.478885
94,-68.2026613982,3.8670649529,0.0425531915,91,82,112,0.9174934000,2.078659
95,-131.1587768102,3.9965727329,0.0421052632,83,75,109,0.9164143000,1.932215
96,-129.8434861451,5.2181243896,0.0416666667,88,80,121,0.9152164000,2.351376
97,-98.3132928038,4.5846042633,0.0412371134,68,59,98,0.9142462000,1.944437
98,-111.6915434476,5.1902151108,0.0408163265,60,51,69,0.9135631000,2.082340
99,-86.8793598077,4.8972234726,0.0404040404,59,52,72,0.9128503000,1.942084
100,-163.4406947835,4.9574632645,0.0400000000,86,75,111,0.9117514000,1.828488
101,-51.3153528519,4.7932944298,0.0400000000,47,41,63,0.9111277000,2.425658
102,-114.0383686397,5.1401281357,0.0400000000,70,62,91,0.9102268000,1.969920
103,-222.3047580347,5.1856236458,0.0400000000,99,83,124,0.9089992000,1.948536
104,-93.5675300293,5.2775354385,0.0400000000,47,44,61,0.9083953000,1.799621
105,-163.9235323340,5.3817434311,0.0400000000,101,87,126,0.9071479000,2.047658
106,-197.7106721324,5.1113448143,0.0400000000,79,68,106,0.9060985000,2.087507
107,-92.7106735479,5.5969190598,0.0400000000,53,46,69,0.9054154000,2.108172
108,-90.1736167439,5.7049775124,0.0400000000,73,64,87,0.9045541000,2.133686
109,-80.0420729452,5.5729551315,0.0400000000,89,70,116,0.9034057000,1.907772
110,-119.0836323531,5.4987411499,0.0400000000,77,63,93,0.9024850000,1.746923
111,-90.6921390540,5.7176671028,0.0400000000,53,48,64,0.9018514000,2.234248
112,-122.8776939361,5.9038944244,0.0400000000,106,85,132,0.9005446000,1.972350
113,-117.9691389331,6.1716213226,0.0400000000,52,46,69,0.8998615000,1.964930
114,-189.6026015744,6.1960916519,0.0400000000,110,95,135,0.8985250000,1.901980
115,-103.3836898806,5.8846158981,0.0400000000,85,71,100,0.8975350000,1.963505
116,-161.7680583909,5.9546566010,0.0400000000,96,84,117,0.8963767000,2.004211
117,-105.8385218517,6.3972387314,0.0400000000,68,60,85,0.8955352000,1.971135
118,-22.8255999570,6.2707653046,0.0500000000,57,48,73,0.8948125000,2.431992
119,-208.8950748238,6.3931136131,0.0500000000,64,58,81,0.8940106000,1.884941
120,-123.5193194725,6.3179721832,0.0400000000,70,59,94,0.8930800000,2.069558
121,-137.9532992430,6.1991653442,0.0400000000,49,42,60,0.8924860000,1.947342
122,-106.6148132187,6.6978955269,0.0400000000,91,73,109,0.8914069000,1.761995
123,-109.2239137585,6.8336396217,0.0400000000,54,49,66,0.8907535000,2.351755
124,-119.2751753943,6.9146785736,0.0400000000,60,49,71,0.8900506000,1.659916
125,-115.1946006530,6.6763701439,0.0400000000,72,59,90,0.8891596000,1.718640
126,-121.0983905716,7.1680927277,0.0400000000,85,72,112,0.8880508000,1.674529
127,-153.1346714422,7.0446367264,0.0400000000,75,60,100,0.8870608000,1.682289
128,-132.4585418005,6.7590575218,0.0400000000,87,72,108,0.8859916000,2.223072
129,-153.2511396905,6.6605052948,0.0400000000,70,60,95,0.8850511000,1.637152
130,-147.9360710533,7.2282605171,0.0400000000,71,58,85,0.8842096000,1.821706
131,-132.5727880433,6.8105058670,0.0400000000,79,74,97,0.8832493000,1.514281
132,-183.2782183800,7.3421454430,0.0400000000,65,58,86,0.8823979000,2.043517
133,-105.2212332804,6.9881505966,0.0400000000,55,49,75,0.8816554000,1.850414
134,-126.4229993982,7.8841381073,0.0400000000,76,62,92,0.8807446000,1.713837
135,-153.8181191447,7.4649982452,0.0400000000,68,59,92,0.8798338000,1.727949
136,-99.6216497935,8.0009708405,0.0400000000,55,43,69,0.8791507000,1.523598
137,-147.7665491450,8.0535182953,0.0400000000,124,105,147,0.8776954000,1.751040
138,-153.6780249985,7.5856370926,0.0400000000,75,66,101,0.8766955000,1.526639
139,-101.6540979375,7.9457354546,0.0400000000,49,43,65,0.8760520000,1.884556
140,-79.9200880313,7.9564809799,0.0400000000,84,69,114,0.8749234000,1.713260
141,-102.5706551828,8.0259695053,0.0400000000,63,51,74,0.8741908000,1.446591
142,-115.5390357752,7.8480787277,0.0400000000,110,91,138,0.8728246000,1.840938
143,-243.0757754961,8.1847925186,0.0400000000,59,50,81,0.8720227000,1.465967
144,-113.7169440270,8.9703197479,0.0400000000,63,55,82,0.8712109000,1.808377
145,-184.2214259130,8.8464126587,0.0400000000,90,75,120,0.8700229000,1.625598
146,-138.1856320752,8.9831609726,0.0400000000,66,54,84,0.8691913000,2.102639
147,-125.3227252764,8.8429050446,0.0400000000,60,49,76,0.8684389000,1.800810
148,-102.8750266958,8.8141098022,0.0400000000,84,74,120,0.8672509000,1.588386
149,-94.4553223276,8.5915403366,0.0400000000,49,41,64,0.8666173000,1.611297
150,-63.8469156358,9.4642219543,0.0400000000,60,54,78,0.8658451000,1.657727
151,-90.2643542977,8.6214828491,0.0400000000,63,49,79,0.8650630000,1.500743
152,-122.1127958539,8.7533721924,0.0400000000,60,47,80,0.8642710000,1.949000
153,-190.2033947836,9.0283250809,0.0400000000,90,72,121,0.8630731000,2.283022
154,-166.0812088485,8.9645404816,0.0400000000,73,60,100,0.8620831000,1.467445
155,-75.7440998508,9.0161457062,0.0300000000,56,49,70,0.8613901000,1.868852
156,-119.9704631590,9.0651798248,0.0300000000,67,60,86,0.8605387000,2.017039
157,-94.5496582869,9.0328197479,0.0300000000,55,45,67,0.8598754000,1.559056
158,-76.6569856637,9.0548801422,0.0200000000,39,34,62,0.8592616000,2.128641
159,-108.4960525921,9.1163520813,0.0200000000,57,44,72,0.8585488000,1.759357
160,-95.8955842626,9.1214227676,0.0200000000,46,41,61,0.8579449000,1.307643
161,-106.1196917357,9.2023353577,0.0200000000,56,52,75,0.8572024000,1.611251
162,-170.4193501385,8.7647953033,0.0200000000,71,65,98,0.8562322000,1.751270
163,-34.0257588194,9.0108041763,0.0300000000,79,73,93,0.8553115000,1.826123
164,-84.2161689249,8.8668146133,0.0300000000,54,44,68,0.8546383000,1.247353
165,-123.4731950935,9.7248363495,0.0300000000,61,56,80,0.8538463000,2.128737
166,-58.2399787916,8.7860012054,0.0300000000,98,83,128,0.8525791000,1.789866
167,-121.7892238068,8.9970521927,0.0300000000,70,60,90,0.8516881000,1.494567
168,-122.0115043682,8.6967115402,0.0300000000,57,48,73,0.8509654000,1.991922
169,-104.6386685771,9.3713274002,0.0300000000,100,83,117,0.8498071000,1.910807
170,-125.7479960065,9.1513977051,0.0300000000,64,50,90,0.8489161000,1.907880
171,-145.9019405071,9.2874803543,0.0300000000,74,64,99,0.8479360000,1.961952
172,-85.8609795361,8.8207693100,0.0200000000,49,43,65,0.8472925000,1.677778
173,-31.9054125096,9.3665494919,0.0300000000,48,41,68,0.8466193000,1.619263
174,-111.7248222085,9.3638362885,0.0300000000,64,60,84,0.8457877000,1.880220
175,-148.1363805688,8.9417991638,0.0300000000,83,75,106,0.8447383000,1.697668
176,-137.1729651416,9.4615840912,0.0300000000,65,59,83,0.8439166000,1.531075
177,-116.4733116969,9.4377841949,0.0300000000,64,58,89,0.8430355000,1.486618
178,-110.0236142793,9.3239231110,0.0300000000,55,45,69,0.8423524000,1.354746
179,-122.0965460641,9.5650997162,0.0300000000,69,51,93,0.8414317000,1.695863
180,-11.2169582054,9.7099857330,0.0300000000,80,65,106,0.8403823000,1.592606
181,-154.6131175349,8.9668769836,0.0300000000,61,54,82,0.8395705000,2.032694
182,-156.9836932471,8.8910369873,0.0300000000,86,73,107,0.8385112000,1.768439
183,-152.0080059126,9.3215351105,0.0300000000,64,56,86,0.8376598000,1.517448
184,-93.2438932469,9.1405897141,0.0300000000,56,46,77,0.8368975000,1.173172
185,-159.4179510387,9.3089542389,0.0300000000,64,55,77,0.8361352000,1.889340
186,-120.7124648403,9.6644773483,0.0300000000,80,72,111,0.8350363000,1.745212
187,-146.7590389747,9.2516031265,0.0300000000,83,71,99,0.8340562000,1.534703
188,-101.4579584782,9.2747583389,0.0300000000,79,63,102,0.8330464000,1.859385
189,-159.1103376276,9.1048622131,0.0300000000,68,67,96,0.8320960000,1.473881
190,-111.2102187786,9.0660705566,0.0300000000,53,46,76,0.8313436000,1.586508
191,-111.1755429635,9.2151060104,0.0300000000,61,57,80,0.8305516000,1.963924
192,-119.7142304963,9.1646728516,0.0300000000,94,82,116,0.8294032000,1.499935
193,-90.3446334154,9.1787853241,0.0300000000,58,48,75,0.8286607000,1.548728
194,-103.5465846096,9.0974254608,0.0300000000,83,71,108,0.8275915000,1.358421
195,-128.3179886589,9.3654861450,0.0300000000,67,56,92,0.8266807000,1.922253
196,-73.1366845606,8.8785247803,0.0300000000,57,49,72,0.8259679000,1.826622
197,-149.4543717870,9.0090579987,0.0300000000,69,62,88,0.8250967000,2.183778
198,-58.6571998041,9.2364139557,0.0400000000,63,53,81,0.8242948000,1.589156
199,-80.1184818890,8.5004491806,0.0400000000,46,36,67,0.8236315000,1.555174
200,-165.4998739765,8.5486564636,0.0400000000,81,65,106,0.8225821000,1.583445
201,-97.2760272901,9.1601600647,0.0400000000,87,79,115,0.8214436000,1.769124
202,-114.5182823978,8.8080434799,0.0400000000,95,74,110,0.8203546000,1.617505
203,-176.6982422593,9.1067733765,0.0400000000,47,37,62,0.8197408000,2.073084
204,-137.6149903777,9.2065277100,0.0400000000,70,64,85,0.8188993000,1.502258
205,-163.0492657285,9.1101598740,0.0400000000,93,79,115,0.8177608000,1.594409
206,-88.0545716711,8.5520620346,0.0400000000,52,43,63,0.8171371000,1.775252
207,-115.8199190427,8.5764360428,0.0400000000,74,64,90,0.8162461000,2.004647
208,-127.7995664492,8.1266860962,0.0400000000,66,56,78,0.8154739000,1.382540
209,-67.9510444947,8.3688735962,0.0400000000,50,40,66,0.8148205000,1.730040
210,-165.8939710023,8.6491432190,0.0400000000,89,78,119,0.8136424000,1.627494
211,-186.2224285497,8.7205047607,0.0400000000,60,52,81,0.8128405000,1.465239
212,-72.3415676392,8.2699804306,0.0400000000,52,47,67,0.8121772000,1.839680
213,-130.0324323949,8.1765537262,0.0400000000,80,72,104,0.8111476000,1.542305
214,-94.0673849367,8.4326410294,0.0400000000,85,74,104,0.8101180000,1.500368
215,-102.1808195746,8.4783334732,0.0400000000,53,46,66,0.8094646000,1.417212
216,-111.1487487676,8.5557489395,0.0400000000,55,48,69,0.8087815000,2.249330
217,-139.7358885851,8.1992483139,0.0400000000,58,49,95,0.8078410000,1.811956
218,-159.6000111960,8.0672693253,0.0300000000,84,73,105,0.8068015000,2.146051
219,-148.4968254616,7.7417268753,0.0300000000,67,56,93,0.8058808000,1.868340
220,-114.0694038086,7.7653956413,0.0300000000,66,50,86,0.8050294000,2.381290
221,-143.2616864014,8.1653032303,0.0300000000,71,56,86,0.8041780000,2.022571
222,-92.6462009836,7.4191226959,0.0300000000,47,39,66,0.8035246000,2.189210
223,-88.5583300242,8.0458250046,0.0300000000,49,42,61,0.8029207000,1.868906
224,-188.1996035797,8.1879329681,0.0300000000,66,53,85,0.8020792000,1.522647
225,-38.8069475276,6.9781327248,0.0400000000,67,60,86,0.8012278000,2.334329
226,-68.7078501296,6.5715756416,0.0400000000,52,43,66,0.8005744000,1.842790
227,-116.8938293625,6.7949819565,0.0400000000,53,44,67,0.7999111000,2.205243
228,-14.3088958087,7.1107616425,0.0500000000,82,70,115,0.7987726000,1.685510
229,-162.9419385990,6.8277535439,0.0500000000,66,57,96,0.7978222000,1.620507
230,-124.6233278619,6.0765180588,0.0500000000,67,56,101,0.7968223000,1.914845
231,-73.5948543170,6.0812392235,0.0500000000,56,48,69,0.7961392000,1.837267
232,-71.2724664642,6.0156993866,0.0500000000,61,48,77,0.7953769000,1.587263
233,-123.5140891518,5.8693890572,0.0500000000,50,44,77,0.7946146000,2.400733
234,-145.5455951905,5.4638266563,0.0500000000,57,49,67,0.7939513000,1.631781
235,-40.0995516756,6.4145398140,0.0500000000,62,53,85,0.7931098000,1.755935
236,-108.7894562228,5.5296268463,0.0500000000,72,64,92,0.7921990000,1.789167
237,-22.3681808117,4.6933712959,0.0500000000,54,47,72,0.7914862000,1.762317
238,-141.7141311670,4.7479953766,0.0500000000,72,64,97,0.7905259000,1.774301
239,-177.7851359744,4.6035380363,0.0500000000,99,84,131,0.7892290000,2.245826
240,-116.7690175089,5.0650868416,0.0500000000,86,73,112,0.7881202000,1.759543
241,-139.0911171354,5.2256412506,0.0500000000,58,50,75,0.7873777000,1.974718
242,-156.1910831870,4.7867650986,0.0500000000,60,52,83,0.7865560000,2.203706
243,-111.1511692110,4.5328030586,0.0500000000,74,63,97,0.7855957000,1.737398
244,-129.5633083749,4.7654762268,0.0500000000,80,66,103,0.7845760000,1.667024
245,-88.0537911089,4.5195717812,0.0500000000,52,45,76,0.7838236000,1.921561
246,-131.3022690283,4.7167358398,0.0500000000,64,50,84,0.7829920000,1.928909
247,-65.7256201477,4.9397621155,0.0500000000,40,33,60,0.7823980000,1.929502
248,-44.3674770737,4.7176122665,0.0600000000,72,63,94,0.7814674000,1.634598
249,-91.9919320838,4.5693454742,0.0600000000,61,50,85,0.7806259000,2.350092
250,-110.1222542968,4.4637751579,0.0600000000,75,63,107,0.7795666000,1.916054
251,-99.9980086413,4.0934715271,0.0600000000,49,39,66,0.7789132000,1.688823
252,-109.8646944566,4.2896246910,0.0600000000,77,66,97,0.7779529000,1.922388
253,-74.5214041503,4.2982072830,0.0600000000,51,45,61,0.7773490000,1.733022
254,-129.6018579038,3.7616593838,0.0600000000,86,72,115,0.7762105000,1.824614
255,-109.3815858610,3.8195466995,0.0600000000,70,63,95,0.7752700000,2.196716
256,-117.0792698625,3.9845857620,0.0600000000,80,74,102,0.7742602000,1.960264
257,-107.9579283798,3.8962414265,0.0600000000,67,55,87,0.7733989000,1.602095
258,-106.2008900631,3.4780721664,0.0600000000,55,52,73,0.7726762000,1.613638
259,-102.4828257255,2.8071529865,0.0600000000,65,60,85,0.7718347000,2.117504
260,-126.1178127685,2.5447506905,0.0600000000,75,56,102,0.7708249000,1.860785
261,-18.8521574516,3.1183183193,0.0700000000,56,50,69,0.7701418000,2.449884
262,-17.8005852514,2.7610867023,0.0700000000,62,53,85,0.7693003000,2.192970
263,-89.5645431924,2.9291603565,0.0600000000,50,43,61,0.7686964000,1.810186
264,-133.0698784958,2.9821751118,0.0600000000,63,53,84,0.7678648000,1.967795
265,-120.6688973321,1.6987165213,0.0600000000,72,57,95,0.7669243000,1.894046
266,-119.8823921869,1.9505181313,0.0600000000,80,65,109,0.7658452000,2.158310
267,-125.4935090257,1.5303585529,0.0600000000,70,60,87,0.7649839000,1.904715
268,-55.4307421245,1.5999946594,0.0600000000,53,46,67,0.7643206000,1.534912
269,-176.9998693362,1.6819838285,0.0600000000,68,62,85,0.7634791000,1.870111
270,-159.1828365975,1.7544531822,0.0600000000,94,80,126,0.7622317000,1.998596
271,-80.8195400644,1.5988904238,0.0600000000,93,75,114,0.7611031000,2.030462
272,-24.0985541352,1.2462726831,0.0700000000,57,51,75,0.7603606000,2.230635
273,-60.4612057668,1.7024987936,0.0600000000,70,65,98,0.7593904000,1.773542
274,-131.3857861723,2.4970717430,0.0600000000,78,72,94,0.7584598000,1.848874
275,-111.5189223527,1.4513485432,0.0600000000,55,50,78,0.7576876000,2.040278
276,-84.9164277670,0.7209181190,0.0600000000,52,43,69,0.7570045000,2.631087
277,-105.4687776096,1.2246079445,0.0600000000,88,73,119,0.7558264000,2.017855
278,-137.6533162502,1.0364619493,0.0600000000,58,49,78,0.7550542000,2.205694
279,-119.3427784037,0.9218897820,0.0600000000,87,73,113,0.7539355000,1.793077
280,-66.0204274866,1.0506813526,0.0600000000,58,52,72,0.7532227000,1.842956
281,-105.2157493614,0.1955257058,0.0600000000,61,56,79,0.7524406000,2.058246
282,-139.4056396548,0.0967918336,0.0600000000,63,51,81,0.7516387000,2.045332
283,-87.7155473374,0.0175175369,0.0600000000,82,69,109,0.7505596000,1.928713
284,-101.3959772828,0.6695336699,0.0600000000,90,77,116,0.7494112000,2.215926
285,-138.5245856281,0.3816105425,0.0600000000,59,49,80,0.7486192000,1.896461
286,-95.6467910594,0.8976306915,0.0600000000,61,58,75,0.7478767000,1.993398
287,-112.7082015536,-0.1758986115,0.0600000000,56,47,87,0.7470154000,1.888194
288,-103.0026144439,-0.9436167479,0.0600000000,54,42,73,0.7462927000,1.573785
289,-120.3247245391,0.1455073357,0.0600000000,62,48,86,0.7454413000,1.891533
290,-126.2513430798,-0.4115341604,0.0600000000,55,49,77,0.7446790000,2.479251
291,-13.0768360894,0.9346700907,0.0700000000,89,74,119,0.7435009000,2.656491
292,-113.1608725454,0.3923642039,0.0700000000,57,47,77,0.7427386000,1.971083
293,-93.7169063697,-0.3317572474,0.0700000000,74,67,95,0.7417981000,1.938459
294,-119.8893824785,-1.2663255930,0.0700000000,71,59,102,0.7407883000,2.330393
295,-114.2067839090,-0.9270916581,0.0700000000,61,51,80,0.7399963000,1.868612
296,-108.7592813754,-0.5750431418,0.0700000000,73,63,94,0.7390657000,1.942222
297,-51.1951097097,-0.6150165200,0.0800000000,66,55,88,0.7381945000,2.041443
298,-124.5795429523,-1.7161719799,0.0700000000,61,43,78,0.7374223000,2.053473
299,-11.0376411894,-1.6323328018,0.0800000000,56,45,70,0.7367293000,2.421329
300,-35.7947108612,-0.8277043104,0.0900000000,87,73,112,0.7356205000,1.743524
301,-110.5547585933,-1.1941163540,0.0900000000,80,75,104,0.7345909000,1.950846
302,-66.4663397095,-1.5063205957,0.0900000000,66,59,83,0.7337692000,1.593293
303,-124.7459292889,-0.8289698958,0.0900000000,66,53,86,0.7329178000,1.952725
304,-42.5002465178,-1.7979936600,0.0900000000,48,40,64,0.7322842000,2.324720
305,-73.2466429435,-1.9791529179,0.0900000000,73,64,99,0.7313041000,1.984730
306,-248.0695609701,-1.9813055992,0.0900000000,92,79,115,0.7301656000,2.832942
307,-96.5326655368,-1.9893379211,0.0900000000,92,81,130,0.7288786000,2.044392
308,-36.7028842802,-1.5240360498,0.1000000000,61,48,88,0.7280074000,2.262197
309,-88.7550331933,-1.7336379290,0.1000000000,50,45,71,0.7273045000,2.093510
310,-50.7023674968,-1.3286137581,0.1000000000,74,63,89,0.7264234000,2.096354
311,-123.8456165765,-2.5466880798,0.1000000000,89,77,107,0.7253641000,1.736894
312,-38.1143221862,-1.8358869553,0.1000000000,65,53,76,0.7246117000,1.941114
313,-116.3012626419,-1.7130711079,0.1000000000,80,71,103,0.7235920000,2.918505
314,-90.9662798665,-2.7365453243,0.1000000000,60,50,71,0.7228891000,2.083903
315,-121.0539558559,-2.3175625801,0.1000000000,51,42,77,0.7221268000,2.342954
316,-124.9423321704,-2.7966132164,0.1000000000,72,64,101,0.7211269000,2.059118
317,-55.9909520132,-1.9790077209,0.1000000000,54,43,72,0.7204141000,2.246438
318,-125.3367578288,-2.4891574383,0.1000000000,53,44,77,0.7196518000,1.751741
319,-98.1621243431,-2.1993906498,0.1000000000,62,53,78,0.7188796000,2.057590
320,-131.9961565170,-2.8065433502,0.1000000000,83,70,96,0.7179292000,2.252908
321,-92.8781471912,-3.0364274979,0.1000000000,79,69,109,0.7168501000,2.130932
322,-132.7485890354,-2.0465674400,0.1000000000,77,69,101,0.7158502000,2.241798
323,-121.1237509101,-1.7323538065,0.1000000000,64,56,82,0.7150384000,1.683468
324,-7.2587853493,-1.9529510736,0.1100000000,88,75,113,0.7139197000,2.232975
325,-82.3559570344,-2.4904766083,0.1000000000,58,53,76,0.7131673000,2.157781
326,-89.1970070830,-3.3101885319,0.1000000000,44,40,63,0.7125436000,2.154182
327,-0.1932546419,-2.7575953007,0.1100000000,85,67,97,0.7115833000,2.209197
328,-106.2536564451,-2.9789450169,0.1000000000,66,60,83,0.7107616000,2.423050
329,-76.7146414936,-2.5140402317,0.1000000000,61,52,76,0.7100092000,1.915567
330,-37.9424070120,-2.2535588741,0.1100000000,76,67,99,0.7090291000,2.347589
331,-128.5406253667,-2.7001276016,0.1100000000,65,53,78,0.7082569000,1.784946
332,-126.3299840259,-3.5662596226,0.1100000000,74,63,94,0.7073263000,1.743576
333,-104.7702993324,-3.6885771751,0.1100000000,73,65,86,0.7064749000,2.464583
334,-115.3507246899,-3.4476959705,0.1100000000,60,50,82,0.7056631000,2.541074
335,-109.3205028035,-2.9547219276,0.1100000000,83,71,113,0.7045444000,2.697170
336,-118.7819279549,-3.3907101154,0.1100000000,67,53,80,0.7037524000,2.433858
337,-104.7439631076,-2.9086098671,0.1100000000,56,50,78,0.7029802000,2.353596
338,-119.1196310072,-3.9681553841,0.1100000000,56,48,72,0.7022674000,1.911754
339,-125.1105179430,-3.4867188931,0.1100000000,92,82,122,0.7010596000,2.761507
340,-101.3693003235,-3.3123979568,0.1100000000,52,47,80,0.7002676000,2.060145
341,-93.2565549656,-3.3312678337,0.1100000000,85,70,107,0.6992083000,2.272704
342,-10.5950190872,-3.7106161118,0.1200000000,77,69,98,0.6982381000,2.307490
343,-102.0298155187,-4.3274936676,0.1200000000,46,39,57,0.6976738000,2.024607
344,-156.7599001064,-3.3267724514,0.1200000000,87,74,112,0.6965650000,2.209063
345,-105.8040556534,-4.1197123528,0.1200000000,55,47,71,0.6958621000,2.324233
346,-93.4948798253,-3.4866354465,0.1200000000,86,70,122,0.6946543000,2.153958
347,-93.7177524890,-4.2362294197,0.1200000000,59,50,77,0.6938920000,2.052843
348,-91.4808909225,-4.4091815948,0.1100000000,70,62,83,0.6930703000,1.815138
349,-94.6885777268,-4.5013899803,0.1100000000,38,32,56,0.6925159000,3.004305
350,-90.4730949393,-5.1237754822,0.1100000000,67,55,105,0.6914764000,2.038075
351,-74.7426227312,-4.8820014000,0.1100000000,55,49,66,0.6908230000,2.560126
352,-70.2734939438,-4.5219764709,0.1100000000,80,63,97,0.6898627000,2.713474
353,-67.4059450420,-4.8142271042,0.1100000000,68,60,97,0.6889024000,2.121194
354,-101.3257141227,-4.2864780426,0.1100000000,62,56,85,0.6880609000,3.344830
355,2.8757506728,-4.5318002701,0.1200000000,55,49,70,0.6873679000,2.297672
356,-95.3529338690,-4.4904875755,0.1200000000,43,39,54,0.6868333000,1.819307
357,-19.3438438511,-4.3626589775,0.1300000000,72,66,105,0.6857938000,2.287651
358,-75.3013732182,-4.9862556458,0.1300000000,57,47,74,0.6850612000,2.568398
359,-96.8541430180,-5.5610313416,0.1300000000,52,44,74,0.6843286000,1.953924
360,-115.8375714116,-4.5867538452,0.1300000000,72,61,93,0.6834079000,2.327227
361,-44.3315900077,-5.4167408943,0.1200000000,59,51,70,0.6827149000,2.600970
362,-138.6170721326,-4.6828484535,0.1200000000,67,54,93,0.6817942000,2.288720
363,-110.9234806181,-5.2936549187,0.1200000000,86,72,99,0.6808141000,2.401261
364,-61.5440332970,-6.0056262016,0.1200000000,64,59,77,0.6800518000,2.691531
365,-26.0806886962,-5.2599983215,0.1300000000,90,80,125,0.6788143000,2.298757
366,-117.5122827370,-5.6543426514,0.1300000000,88,68,112,0.6777055000,2.203563
367,-157.5572078891,-5.6805601120,0.1300000000,76,65,93,0.6767848000,2.349497
368,-168.9777038907,-5.7728805542,0.1300000000,79,65,111,0.6756859000,2.122478
369,-61.7265174800,-5.1398839951,0.1300000000,55,48,66,0.6750325000,2.137213
370,-101.1386603976,-5.5717835426,0.1300000000,69,57,79,0.6742504000,2.549946
371,-113.6940939290,-6.2257943153,0.1300000000,79,68,103,0.6732307000,2.121191
372,-17.1634802906,-5.8485488892,0.1300000000,85,76,107,0.6721714000,2.640110
373,-87.0363061265,-6.1382708549,0.1300000000,54,51,68,0.6714982000,2.376222
374,-44.3147732169,-6.1588902473,0.1400000000,73,65,93,0.6705775000,2.543764
375,-138.6593360584,-6.1765575409,0.1400000000,78,67,104,0.6695479000,2.588268
376,-142.4168357570,-6.3610854149,0.1400000000,81,68,94,0.6686173000,2.293643
377,-107.8778849212,-6.6275482178,0.1400000000,56,45,71,0.6679144000,1.819702
378,-102.6506797535,-6.6209955215,0.1400000000,82,69,102,0.6669046000,2.528186
379,-135.7825123143,-6.2966499329,0.1400000000,102,92,132,0.6655978000,2.523727
380,-104.1452519215,-6.3954477310,0.1400000000,71,61,99,0.6646177000,2.502872
381,-74.1479337526,-6.6524295807,0.1400000000,79,68,93,0.6636970000,2.476752
382,-101.0998043263,-7.0129661560,0.1400000000,63,58,78,0.6629248000,2.562173
383,-59.4077528916,-6.5306906700,0.1400000000,74,64,120,0.6617368000,2.565260
384,-88.3711133417,-7.1382417679,0.1400000000,86,68,114,0.6606082000,2.333389
385,-55.8053197681,-6.4708590508,0.1400000000,71,62,83,0.6597865000,2.421224
386,-119.4539594892,-6.5551233292,0.1400000000,97,87,129,0.6585094000,2.451178
387,-104.0600171850,-7.4787282944,0.1400000000,68,59,97,0.6575491000,2.463658
388,-88.7830579614,-7.0387935638,0.1400000000,58,50,79,0.6567670000,2.903617
389,-225.6928321553,-7.2955336571,0.1400000000,105,94,125,0.6555295000,2.468850
390,-108.5069613774,-7.5255808830,0.1400000000,63,50,95,0.6545890000,2.294009
391,-78.3991578375,-7.2284359932,0.1300000000,95,81,108,0.6535198000,2.665078
392,-52.7695090649,-7.1432065964,0.1300000000,59,52,73,0.6527971000,2.606875
393,-91.8843958032,-6.4714832306,0.1300000000,112,97,148,0.6513319000,2.555566
394,-169.2709898287,-7.6566047668,0.1300000000,71,59,92,0.6504211000,2.234292
395,-76.6169667227,-6.9484343529,0.1300000000,65,55,89,0.6495400000,2.983029
396,-45.6519658350,-7.5370130539,0.1300000000,60,51,73,0.6488173000,3.067831
397,-108.7954821107,-6.2301445007,0.1200000000,86,75,105,0.6477778000,2.572215
398,-94.4111504327,-6.4298677444,0.1200000000,54,52,67,0.6471145000,2.113915
399,-57.7281051022,-6.8995485306,0.1100000000,70,58,83,0.6462928000,2.347266
400,-116.5283040346,-7.4318737984,0.1000000000,66,57,96,0.6453424000,2.878785
401,-64.0623779549,-7.1619806290,0.1000000000,66,57,73,0.6446197000,2.344421
402,-82.7051656386,-6.8681020737,0.1000000000,80,63,103,0.6436000000,2.293249
403,-88.4488103146,-7.1526098251,0.1000000000,46,41,59,0.6430159000,2.034184
404,-43.5145095391,-7.0077104568,0.1000000000,66,55,76,0.6422635000,2.142397
405,-68.2251590235,-6.6147155762,0.1000000000,60,51,72,0.6415507000,2.787604
406,-69.6983254413,-7.0271596909,0.1000000000,56,48,74,0.6408181000,2.777242
407,-108.8392031249,-6.7443375587,0.1000000000,54,47,78,0.6400459000,2.168132
408,-186.9379394899,-6.5976276398,0.0900000000,99,79,129,0.6387688000,2.667647
409,-113.7499176135,-6.9101619720,0.0900000000,97,78,127,0.6375115000,2.656106
410,-128.9269479035,-7.0870227814,0.0900000000,92,83,120,0.6363235000,2.222128
411,-83.9709260996,-7.5769925117,0.0900000000,86,66,102,0.6353137000,1.959824
412,-70.4505788594,-6.5415067673,0.0900000000,77,63,106,0.6342643000,2.275251
413,-97.2338344364,-6.6163973808,0.0900000000,77,64,100,0.6332743000,3.024006
414,-99.5641319065,-6.8029842377,0.0900000000,64,55,84,0.6324427000,2.693293
415,-63.0676774899,-7.4230217934,0.0900000000,64,53,77,0.6316804000,2.184173
416,-79.7687631334,-8.1768550873,0.0900000000,69,55,84,0.6308488000,2.521660
417,-39.8727254597,-6.8938035965,0.0900000000,85,76,97,0.6298885000,2.250173
418,-75.7955930800,-6.5279150009,0.0900000000,60,50,75,0.6291460000,2.351018
419,-103.0937744126,-6.8418598175,0.0900000000,91,79,117,0.6279877000,2.605802
420,-2.6217161503,-7.2370567322,0.1000000000,98,90,130,0.6267007000,2.507699
421,-139.9399122257,-7.3280925751,0.1000000000,85,79,109,0.6256216000,2.888503
422,-49.9845317518,-6.5186295509,0.1000000000,52,45,64,0.6249880000,2.510099
423,-111.8134179441,-6.6529426575,0.1000000000,76,68,89,0.6241069000,2.378502
424,-75.1069219032,-7.1977415085,0.0900000000,52,42,62,0.6234931000,2.729160
425,-57.0651791485,-7.2093939781,0.0900000000,93,78,124,0.6222655000,2.249468
426,-95.7955786729,-7.5621070862,0.0900000000,60,56,72,0.6215527000,1.891379
427,-83.2666851490,-7.4443998337,0.0800000000,85,68,108,0.6204835000,2.238539
428,-75.2579668111,-6.9463691711,0.0800000000,86,79,115,0.6193450000,2.593282
429,-103.5355645713,-7.6011481285,0.0800000000,63,56,79,0.6185629000,2.635045
430,-13.1427030461,-6.5189762115,0.0800000000,62,53,82,0.6177511000,2.432477
431,-70.4644339599,-7.2065496445,0.0800000000,64,55,74,0.6170185000,3.087304
432,-106.5101429964,-7.6578664780,0.0800000000,85,70,108,0.6159493000,2.455569
433,-69.2205196725,-7.0558462143,0.0800000000,58,44,70,0.6152563000,2.458585
434,-75.8701864863,-6.5572032928,0.0800000000,88,77,118,0.6140881000,3.204874
435,-157.5657644512,-7.7942008972,0.0800000000,100,86,120,0.6129001000,2.229016
436,-74.9900954939,-7.9130973816,0.0800000000,74,60,102,0.6118903000,2.436625
437,-62.6681478448,-7.8981094360,0.0800000000,92,77,118,0.6107221000,2.157133
438,-21.1160692834,-7.8667302132,0.0900000000,54,51,75,0.6099796000,2.243562
439,-128.1604524312,-8.3698263168,0.0900000000,104,85,117,0.6088213000,2.206641
440,-135.9627307165,-7.3208742142,0.0900000000,57,51,72,0.6081085000,2.382412
441,-94.8234368075,-7.8209905624,0.0900000000,92,73,111,0.6070096000,2.439791
442,-97.1521004703,-8.4296197891,0.0800000000,82,74,101,0.6060097000,2.570860
443,-109.8435479824,-8.0442209244,0.0800000000,107,93,139,0.6046336000,2.280162
444,-85.3714570744,-7.2667036057,0.0800000000,62,49,93,0.6037129000,2.360659
445,-109.2788924895,-8.1287803650,0.0800000000,67,54,84,0.6028813000,2.129900
446,-168.0582528739,-6.8129091263,0.0800000000,104,85,141,0.6014854000,2.340125
447,-73.5973852883,-7.6485805511,0.0800000000,94,78,107,0.6004261000,2.058462
448,-126.8109664649,-6.9884767532,0.0800000000,90,75,112,0.5993173000,2.288770
449,-112.4556141821,-8.1327304840,0.0800000000,51,43,65,0.5986738000,2.342754
450,-104.3197544959,-8.1001825333,0.0800000000,92,83,121,0.5974759000,2.494133
451,-57.7417941690,-7.1543664932,0.0800000000,55,51,68,0.5968027000,2.741897
452,15.4943925923,-7.6641573906,0.0900000000,70,58,79,0.5960206000,2.302786
453,-61.3075975166,-7.6875171661,0.0900000000,79,71,94,0.5950900000,2.284629
454,-73.9033200499,-8.7952127457,0.0900000000,96,82,116,0.5939416000,2.642833
455,-37.3496899748,-7.3746194839,0.0900000000,85,70,99,0.5929615000,2.485440
456,-128.5560441567,-7.8815498352,0.0900000000,84,71,108,0.5918923000,2.182684
457,-94.7103775165,-8.0158252716,0.0800000000,90,79,106,0.5908429000,2.413474
458,-75.5992364141,-7.9695582390,0.0800000000,101,83,127,0.5895856000,2.497219
459,-71.7158972318,-7.8409900665,0.0800000000,72,62,90,0.5886946000,2.596425
460,-69.0235868970,-8.6431007385,0.0800000000,96,84,118,0.5875264000,2.169151
461,-103.7198551593,-8.0145568848,0.0800000000,75,67,99,0.5865463000,2.357076
462,25.1146487417,-7.4252343178,0.0900000000,86,78,101,0.5855464000,2.396995
463,-73.6073113229,-7.2803530693,0.0900000000,83,72,107,0.5844871000,2.110120
464,-89.9209416776,-8.1334829330,0.0900000000,69,56,86,0.5836357000,1.915256
465,-84.1583865634,-7.8122701645,0.0800000000,49,42,57,0.5830714000,2.132327
466,-60.7101169580,-7.9258251190,0.0800000000,74,63,83,0.5822497000,2.304075
467,-131.4705967284,-8.2810287476,0.0800000000,123,111,147,0.5807944000,2.070986
468,-91.5886142876,-8.1007966995,0.0800000000,70,61,85,0.5799529000,2.672718
469,-15.8214499344,-8.6122941971,0.0900000000,66,51,71,0.5792500000,2.065389
470,-76.8587561377,-8.4441156387,0.0900000000,62,52,70,0.5785570000,2.409805
471,-85.9907413756,-7.9905738831,0.0900000000,67,53,77,0.5777947000,2.421055
472,-13.6217061961,-8.2017784119,0.0800000000,90,77,104,0.5767651000,2.696404
473,-120.2493587390,-8.9648418427,0.0800000000,67,52,98,0.5757949000,2.703084
474,-93.5248655780,-8.3594217300,0.0700000000,84,78,123,0.5745772000,2.526147
475,-7.1167090367,-8.5022945404,0.0800000000,80,63,119,0.5733991000,2.726379
476,-37.4569717066,-8.7921953201,0.0800000000,64,56,74,0.5726665000,2.421207
477,-59.8123685403,-9.2433328629,0.0800000000,54,45,69,0.5719834000,2.521936
478,-111.6846134119,-9.1509485245,0.0800000000,85,74,105,0.5709439000,2.697672
479,-88.3340007876,-8.4613571167,0.0800000000,117,97,133,0.5696272000,2.521690
480,-60.4819986172,-7.8651113510,0.0800000000,119,100,145,0.5681917000,2.418006
481,-97.5730613172,-8.5059700012,0.0800000000,65,54,70,0.5674987000,2.412708
482,-7.2754729198,-8.6732854843,0.0900000000,85,71,110,0.5664097000,2.403064
483,-115.5895335391,-8.6243438721,0.0900000000,50,40,66,0.5657563000,2.565601
484,-76.1090476560,-8.4324579239,0.0900000000,85,72,96,0.5648059000,2.354622
485,-68.2447804848,-8.3664703369,0.0900000000,78,64,91,0.5639050000,2.282912
486,-117.2906209512,-7.9360699654,0.0900000000,81,68,110,0.5628160000,2.650545
487,-83.3849020220,-8.0933723450,0.0900000000,81,72,99,0.5618359000,2.530859
488,-85.3081965627,-8.2286443710,0.0900000000,74,60,94,0.5609053000,2.181522
489,-97.9013642598,-8.1535310745,0.0900000000,102,91,132,0.5595985000,2.116793
490,-119.6214137825,-8.6498994827,0.0900000000,88,76,105,0.5585590000,2.710799
491,-42.1941945384,-8.9996004105,0.0900000000,80,67,95,0.5576185000,2.758430
492,-21.2757764187,-9.0597305298,0.1000000000,72,59,91,0.5567176000,2.483609
493,-77.2620252386,-9.0104589462,0.1000000000,66,54,70,0.5560246000,1.906712
494,-77.0216090991,-8.2324848175,0.1000000000,81,71,104,0.5549950000,2.545696
495,-74.2482581392,-7.8181943893,0.1000000000,88,71,123,0.5537773000,2.486060
496,7.5178888777,-7.8555479050,0.1100000000,64,52,80,0.5529853000,2.560677
497,-16.3397507371,-8.0089330673,0.1200000000,78,63,104,0.5519557000,2.590926
498,-124.9518026019,-7.4925966263,0.1200000000,91,75,111,0.5508568000,2.680656
499,-82.9583581973,-8.2847318649,0.1200000000,94,80,113,0.5497381000,2.048162
500,-62.8575057330,-8.4652566910,0.1200000000,83,68,123,0.5485204000,2.562660
501,-104.8812196011,-8.5023298264,0.1200000000,56,50,67,0.5478571000,2.455978
502,-110.7970259185,-7.3815798759,0.1200000000,73,64,112,0.5467483000,2.285699
503,-104.9704784493,-8.2504272461,0.1200000000,101,86,118,0.5455801000,2.250428
504,-97.5672183121,-8.5174579620,0.1200000000,98,85,120,0.5443921000,2.511954
505,-49.0828928383,-8.4544935226,0.1300000000,66,55,96,0.5434417000,2.465253
506,-79.8192176007,-8.3332233429,0.1300000000,81,72,93,0.5425210000,2.497405
507,-71.5408760359,-8.1010341644,0.1300000000,87,72,95,0.5415805000,1.945441
508,-55.6694483863,-7.5547533035,0.1300000000,62,50,79,0.5407984000,2.374849
509,-81.8985299448,-8.2395362854,0.1300000000,94,79,114,0.5396698000,2.418664
510,-89.3929274509,-7.5855045319,0.1300000000,67,61,80,0.5388778000,2.337092
511,-24.5097825482,-7.3330545425,0.1300000000,80,69,93,0.5379571000,2.322193
512,-267.7042566460,-7.7602014542,0.1300000000,118,101,151,0.5364622000,2.102146
513,-7.5077956469,-7.2596912384,0.1300000000,109,95,122,0.5352544000,2.410892
514,-118.8349433350,-6.8515462875,0.1300000000,79,68,99,0.5342743000,2.715783
515,-73.5395288627,-6.6698951721,0.1300000000,75,69,89,0.5333932000,2.226475
516,-27.6250219614,-6.9595384598,0.1400000000,95,81,114,0.5322646000,2.178711
517,-48.4042028959,-7.6512036324,0.1400000000,74,59,90,0.5313736000,2.309148
518,-120.5281556738,-7.2552070618,0.1400000000,65,57,79,0.5305915000,2.114751
519,-101.6830381582,-7.7486934662,0.1400000000,91,70,110,0.5295025000,2.598997
520,-60.3943340211,-7.5265173912,0.1300000000,63,53,73,0.5287798000,2.109830
521,-42.0780636703,-7.5259513855,0.1300000000,80,66,89,0.5278987000,2.508172
522,-46.0588895103,-7.3197097778,0.1300000000,98,84,123,0.5266810000,2.074657
523,-57.1266115973,-7.6013607979,0.1300000000,75,62,92,0.5257702000,2.305801
524,8.5719000300,-8.0990438461,0.1400000000,101,87,131,0.5244733000,2.333814
525,-135.0776447233,-7.6484470367,0.1400000000,111,95,141,0.5230774000,2.192495
526,-62.0563494295,-7.7919721603,0.1400000000,89,80,118,0.5219092000,2.712673
527,-93.7854740682,-7.3908376694,0.1400000000,102,80,127,0.5206519000,2.268856
528,-97.2742820324,-6.7342119217,0.1400000000,73,66,93,0.5197312000,2.710274
529,-83.2556008488,-6.5508618355,0.1400000000,91,76,108,0.5186620000,2.518285
530,-144.9039184887,-6.5137181282,0.1300000000,119,105,139,0.5172859000,2.374191
531,-11.5194485319,-7.3717241287,0.1400000000,77,70,91,0.5163850000,2.438045
532,-70.2458633683,-7.9201517105,0.1400000000,99,81,126,0.5151376000,2.268979
533,-54.8285840404,-7.3610181808,0.1400000000,111,92,142,0.5137318000,2.271280
534,-89.9406074946,-8.3532180786,0.1400000000,91,79,113,0.5126131000,2.496495
535,25.8591650276,-6.9586825371,0.1500000000,65,57,82,0.5118013000,2.499490
536,-77.5249517793,-7.5948553085,0.1500000000,69,59,82,0.5109895000,2.871064
537,-56.0807961891,-7.1024494171,0.1500000000,91,81,104,0.5099599000,2.419352
538,-28.9363511375,-7.1789860725,0.1400000000,100,87,137,0.5086036000,2.018821
539,-76.2748583277,-7.6391129494,0.1400000000,76,64,95,0.5076631000,2.345099
540,-91.9497259684,-6.8809342384,0.1400000000,86,78,105,0.5066236000,2.773739
541,19.3452660516,-6.6839876175,0.1500000000,77,68,86,0.5057722000,2.315018
542,-73.2190588285,-7.6143207550,0.1500000000,70,64,98,0.5048020000,2.140620
543,-306.7126649626,-7.8911585808,0.1500000000,106,93,141,0.5034061000,2.213923
544,-23.0440737115,-7.4971837997,0.1500000000,92,79,115,0.5022676000,2.389916
545,-142.2155258134,-8.3501310349,0.1500000000,76,66,98,0.5012974000,2.145690
546,-69.3040405879,-7.8860940933,0.1500000000,171,149,199,0.4993273000,2.514500
547,-72.7470011101,-8.0122003555,0.1500000000,75,65,85,0.4984858000,2.552113
548,-11.3961965488,-7.6129865646,0.1600000000,85,66,113,0.4973671000,2.082169
549,-85.2401284515,-7.6519107819,0.1600000000,55,47,70,0.4966741000,2.646254
550,-106.9816186135,-7.4869666100,0.1600000000,76,63,92,0.4957633000,2.358091
551,-55.0357231465,-7.4446330070,0.1600000000,120,114,140,0.4943773000,1.997658
552,-21.5025628023,-7.4346332550,0.1600000000,73,64,98,0.4934071000,2.097806
553,-9.6626391285,-7.2781362534,0.1700000000,77,66,92,0.4924963000,2.417344
554,-71.3149421165,-8.0203704834,0.1700000000,82,66,106,0.4914469000,2.250725
555,-87.7928900142,-6.2324223518,0.1600000000,52,43,58,0.4908727000,2.050837
556,-51.1905066433,-7.1113905907,0.1600000000,66,55,73,0.4901500000,2.268192
557,2.4579980321,-6.6534528732,0.1700000000,82,72,97,0.4891897000,2.341889
558,-54.0527228247,-7.3791775703,0.1700000000,142,121,169,0.4875166000,2.160244
559,-73.7384517302,-7.1305723190,0.1700000000,94,83,136,0.4861702000,2.387121
560,-45.2715504994,-7.9073185921,0.1700000000,110,98,134,0.4848436000,2.631377
561,-81.9525338086,-8.1555995941,0.1700000000,57,46,65,0.4842001000,2.708532
562,-87.8829955494,-7.9728970528,0.1600000000,82,72,105,0.4831606000,2.319838
563,-53.9401926184,-8.2295351028,0.1700000000,79,64,102,0.4821508000,2.361263
564,-94.6535121921,-8.2144336700,0.1700000000,87,74,108,0.4810816000,2.409042
565,19.2952897046,-8.2543649673,0.1800000000,91,78,101,0.4800817000,2.137862
566,-89.3517540456,-7.6226658821,0.1800000000,96,85,119,0.4789036000,2.440790
567,-91.0435275344,-8.2539319992,0.1800000000,77,65,94,0.4779730000,2.048914
568,-72.5918007764,-8.3219432831,0.1800000000,86,72,104,0.4769434000,1.964140
569,-73.6410374046,-8.1441421509,0.1700000000,98,80,117,0.4757851000,2.129681
570,-49.1925143345,-8.4723691940,0.1700000000,114,97,138,0.4744189000,2.291566
571,-87.7344514979,-8.0533771515,0.1700000000,90,75,102,0.4734091000,2.239203
572,-160.7556656235,-7.5172486305,0.1700000000,101,89,118,0.4722409000,2.393065
573,-50.2842510543,-8.2175741196,0.1700000000,74,63,86,0.4713895000,2.033550
574,-78.7118430835,-8.4337978363,0.1700000000,79,67,93,0.4704688000,2.117790
575,-44.9932456044,-8.3181400299,0.1600000000,56,45,66,0.4698154000,2.078488
576,-77.5861452254,-7.9603352547,0.1600000000,71,60,81,0.4690135000,2.540833
577,-68.2936142615,-8.0566825867,0.1600000000,61,53,68,0.4683403000,2.243906
578,-45.4882251543,-8.8573865891,0.1600000000,76,66,93,0.4674196000,2.543055
579,-62.0797735872,-8.8062572479,0.1600000000,75,62,104,0.4663900000,2.833652
580,-36.2713148202,-8.5924291611,0.1600000000,107,91,122,0.4651822000,2.080521
581,-83.0180096015,-9.3139104843,0.1600000000,78,65,113,0.4640635000,2.345103
582,8.2142408874,-8.4979038239,0.1600000000,81,69,102,0.4630537000,2.481790
583,-71.6014090667,-9.4631166458,0.1600000000,101,82,114,0.4619251000,2.069867
584,-34.5993847758,-8.8147163391,0.1600000000,75,63,92,0.4610143000,2.418252
585,-91.9343870612,-9.1108407974,0.1600000000,64,54,71,0.4603114000,2.642436
586,-87.0649742880,-9.9690666199,0.1600000000,104,84,124,0.4590838000,2.203585
587,-67.7320209310,-8.7909097672,0.1600000000,82,70,104,0.4580542000,2.108661
588,-48.5091862417,-9.3180580139,0.1600000000,145,126,183,0.4562425000,2.169432
589,-117.8702529202,-8.6758670807,0.1600000000,104,85,134,0.4549159000,2.013673
590,-56.3189489241,-9.2076349258,0.1600000000,86,74,103,0.4538962000,2.601542
591,-69.3140151868,-8.0637798309,0.1600000000,132,108,147,0.4524409000,2.231632
592,-10.4628890576,-9.2476625443,0.1600000000,100,83,121,0.4512430000,2.074312
593,-113.6080403958,-8.7268104553,0.1600000000,87,73,105,0.4502035000,2.053865
594,-66.3413310309,-8.5560054779,0.1600000000,91,78,126,0.4489561000,1.909341
595,-145.7339340473,-8.2854490280,0.1600000000,109,91,132,0.4476493000,2.207506
596,-51.1278995097,-8.8620386124,0.1500000000,81,72,108,0.4465801000,2.333156
597,-109.1056460678,-8.1302385330,0.1400000000,210,174,229,0.4443130000,2.317612
598,-73.7322370192,-8.6271486282,0.1400000000,111,93,139,0.4429369000,2.259448
599,-34.8198812179,-7.9123258591,0.1400000000,72,64,81,0.4421350000,2.338253
600,-63.8813537887,-8.7158784866,0.1400000000,66,53,75,0.4413925000,2.298889
601,-48.3047459238,-8.5233983994,0.1400000000,74,61,87,0.4405312000,2.016996
602,-13.2119069533,-8.6625595093,0.1400000000,77,69,89,0.4396501000,2.585195
603,-70.8986666908,-8.5702447891,0.1400000000,90,72,113,0.4385314000,2.016218
604,-54.6315158838,-8.6175842285,0.1400000000,95,83,113,0.4374127000,1.975721
605,-11.3288605551,-8.9534254074,0.1300000000,78,68,89,0.4365316000,1.996933
606,8.6590626171,-8.0965518951,0.1300000000,116,101,133,0.4352149000,2.023362
607,-39.8380269419,-8.8552055359,0.1300000000,188,161,225,0.4329874000,2.137021
608,-59.0330561773,-8.6479463577,0.1300000000,208,173,235,0.4306609000,2.316812
609,-50.5202375886,-8.2870712280,0.1300000000,106,91,129,0.4293838000,2.327556
610,-45.2572523695,-8.2776269913,0.1300000000,104,88,125,0.4281463000,1.907753
611,-83.2263237499,-8.2262306213,0.1300000000,77,67,87,0.4272850000,2.297914
612,18.0132417847,-8.2145805359,0.1400000000,85,65,101,0.4262851000,1.796926
613,-60.6201647626,-7.6047449112,0.1400000000,72,64,84,0.4254535000,2.026040
614,-21.8056884372,-8.6689796448,0.1500000000,81,64,115,0.4243150000,2.443171
615,-76.3005310060,-8.1885089874,0.1500000000,101,81,119,0.4231369000,2.645254
616,-32.0753660771,-7.8659849167,0.1400000000,123,110,142,0.4217311000,1.903226
617,2.7975115811,-7.2434988022,0.1400000000,105,87,113,0.4206124000,1.967727
618,-59.2804789236,-7.7925920486,0.1400000000,79,62,90,0.4197214000,2.653889
619,-73.2903909763,-7.9131197929,0.1400000000,87,72,103,0.4187017000,1.936774
620,-75.6578946126,-7.9207019806,0.1400000000,103,87,122,0.4174939000,2.033319
621,-42.2458380594,-7.3715724945,0.1400000000,86,79,97,0.4165336000,2.010066
622,-59.7508432612,-7.1267251968,0.1400000000,96,76,129,0.4152565000,2.419869
623,-42.3568453534,-7.8341445923,0.1400000000,153,130,188,0.4133953000,2.334609
624,-52.9588301598,-7.4951252937,0.1300000000,162,143,178,0.4116331000,2.316606
625,-30.6985323657,-7.5155515671,0.1300000000,119,95,147,0.4101778000,2.427752
626,-117.7373346389,-6.9028997421,0.1300000000,101,83,126,0.4089304000,2.243680
627,-108.1826752050,-7.5298848152,0.1300000000,146,122,168,0.4072672000,2.483319
628,-53.2970671148,-6.2553200722,0.1300000000,79,63,95,0.4063267000,2.208423
629,30.0323376056,-8.2921113968,0.1400000000,80,70,95,0.4053862000,2.168643
630,-44.4847186239,-7.5936965942,0.1400000000,114,99,132,0.4040794000,2.176357
631,-118.4516175427,-7.5385069847,0.1300000000,96,74,105,0.4030399000,2.434165
632,-108.7583758084,-7.6436161995,0.1300000000,89,77,103,0.4020202000,1.943781
633,-58.8283346226,-7.7312479019,0.1300000000,104,86,117,0.4008619000,2.042094
634,-42.0734369696,-8.0936203003,0.1300000000,113,91,137,0.3995056000,2.387232
635,3.7511001093,-7.9883894920,0.1300000000,88,76,123,0.3982879000,2.293650
636,-52.7315256215,-8.1716470718,0.1300000000,108,92,134,0.3969613000,2.495462
637,-38.4198008863,-6.4904975891,0.1300000000,131,110,174,0.3952387000,1.991947
638,-186.8964790381,-7.6409549713,0.1300000000,402,351,453,0.3907540000,2.106445
639,-24.5272441226,-6.6530075073,0.1300000000,123,104,145,0.3893185000,2.155747
640,-21.3607401705,-7.0697088242,0.1400000000,79,68,90,0.3884275000,2.634768
641,17.8439793053,-7.8406581879,0.1400000000,93,78,124,0.3871999000,2.013506
642,-80.6245223275,-7.3030028343,0.1400000000,84,66,97,0.3862396000,2.392860
643,-42.6956135730,-7.3136444092,0.1400000000,112,95,126,0.3849922000,2.120487
644,-43.5007065718,-6.5409231186,0.1400000000,92,75,100,0.3840022000,2.210223
645,-43.9552003126,-7.3534803391,0.1400000000,143,125,172,0.3822994000,2.021225
646,-43.5862186030,-8.3168535233,0.1400000000,83,73,92,0.3813886000,2.160152
647,-69.0461054453,-7.4792623520,0.1400000000,138,122,167,0.3797353000,2.032001
648,-70.6862623442,-6.9255580902,0.1300000000,81,70,88,0.3788641000,2.212303
649,-163.4799708406,-7.0135641098,0.1300000000,189,163,217,0.3767158000,2.301119
650,-15.3955304800,-6.7368087769,0.1300000000,93,77,99,0.3757357000,2.079361
651,-37.2725269035,-6.6539931297,0.1300000000,101,81,120,0.3745477000,2.295786
652,-26.7573811698,-6.7239665985,0.1200000000,126,107,156,0.3730033000,1.865452
653,26.8787946972,-6.0606832504,0.1200000000,166,137,192,0.3711025000,1.916417
654,-26.1198553271,-6.2405376434,0.1200000000,90,80,105,0.3700630000,2.148350
655,-55.3661830079,-6.9452753067,0.1200000000,68,61,84,0.3692314000,2.276608
656,-83.0628896793,-6.8233270645,0.1200000000,140,119,155,0.3676969000,2.255286
657,-45.2716481682,-6.3748922348,0.1100000000,98,75,116,0.3665485000,1.995249
658,-41.8273063012,-6.0236263275,0.1100000000,94,79,118,0.3653803000,2.069674
659,-18.3214364396,-5.7545237541,0.1100000000,81,64,85,0.3645388000,2.330359
660,-99.5254635363,-6.8048586845,0.1100000000,190,163,216,0.3624004000,2.249133
661,-35.8282271047,-6.1188526154,0.1200000000,120,92,129,0.3611233000,1.974384
662,-281.5647310478,-5.4910254478,0.1200000000,889,760,1000,0.3512233000,2.212093
663,-74.8370795807,-4.9258823395,0.1100000000,113,101,145,0.3497878000,2.068402
664,13.2818582430,-5.1724162102,0.1200000000,71,64,95,0.3488473000,1.949820
665,-39.7698200197,-5.1890258789,0.1200000000,357,300,409,0.3447982000,2.104585
666,-54.3713112381,-5.4880733490,0.1200000000,92,78,120,0.3436102000,2.417081
667,-10.5212439632,-4.4558949471,0.1200000000,80,68,92,0.3426994000,2.156776
668,-214.5718556600,-4.3140845299,0.1200000000,487,415,577,0.3369871000,2.100184
669,-56.1545383544,-3.6776857376,0.1200000000,163,146,198,0.3350269000,2.170922
670,-355.2153453904,-3.0944044590,0.1200000000,876,758,1000,0.3251269000,2.030768
671,-38.5914718924,-2.8239333630,0.1200000000,217,186,236,0.3227905000,2.291488
672,-289.3462320893,-3.6167950630,0.1200000000,760,630,863,0.3142468000,2.148399
673,-11.8875252632,-3.9830014706,0.1200000000,98,84,106,0.3131974000,2.075092
674,-32.6756824775,-1.9836964607,0.1200000000,138,116,151,0.3117025000,2.027457
675,-56.5370064432,-2.5386948586,0.1200000000,129,105,151,0.3102076000,2.170231
676,23.1677435230,-2.6040482521,0.1300000000,240,212,264,0.3075940000,2.100467
677,-220.6002999685,-2.8148293495,0.1300000000,898,772,1000,0.2976940000,2.134198
678,-251.0587960572,-2.0792696476,0.1300000000,883,761,1000,0.2877940000,2.145420
679,-19.5489373403,-0.4751449823,0.1300000000,94,85,100,0.2868040000,2.365779
680,-56.8581399631,-0.4476739466,0.1300000000,159,137,173,0.2850913000,2.316653
681,-52.0894817855,-0.4200960398,0.1300000000,82,66,95,0.2841508000,2.281172
682,-65.0214902909,-0.7594158053,0.1200000000,101,81,121,0.2829529000,2.328117
683,-195.4489247063,1.0856608152,0.1200000000,862,728,1000,0.2730529000,2.039750
684,30.8911821907,1.7059419155,0.1300000000,126,109,152,0.2715481000,1.905458
685,-63.1195473936,2.2590119839,0.1300000000,136,122,159,0.2699740000,2.376061
686,-19.7537346171,2.3708686829,0.1300000000,107,84,131,0.2686771000,1.821338
687,-34.2374076817,1.5467851162,0.1300000000,160,130,175,0.2669446000,1.826779
688,-278.8225631149,3.1009869576,0.1300000000,788,668,1000,0.2570446000,2.073747
689,47.9106576321,2.7476410866,0.1400000000,98,84,133,0.2557279000,2.058165
690,-76.9971380486,3.3161525726,0.1400000000,139,111,165,0.2540944000,1.843737
691,-19.0642623099,2.5946173668,0.1400000000,170,146,214,0.2519758000,2.010382
692,-27.0995852397,2.4301199913,0.1300000000,113,96,139,0.2505997000,2.590075
693,-41.5965742701,2.4674310684,0.1300000000,83,66,90,0.2497087000,2.231731
694,-32.8457170952,2.8371269703,0.1300000000,182,158,203,0.2476990000,2.411900
695,-129.2912873223,2.8933224678,0.1300000000,682,570,1000,0.2377990000,2.064959
696,-267.6206305668,3.1127610207,0.1300000000,752,638,1000,0.2278990000,2.159448
697,142.7409334318,4.5769724846,0.1400000000,394,334,550,0.2224540000,2.294904
698,-238.1192753574,5.2010908127,0.1400000000,791,674,1000,0.2125540000,2.170319
699,-10.5576398714,4.6080770493,0.1400000000,117,102,136,0.2112076000,2.438938
700,-150.4413571852,6.3796515465,0.1400000000,797,687,1000,0.2013076000,2.165641
701,-349.1968438698,5.1134963036,0.1400000000,596,497,688,0.1944964000,2.312673
702,-265.0502177058,6.9818325043,0.1400000000,827,722,1000,0.1845964000,2.125260
703,-229.4193045018,5.9652581215,0.1400000000,588,511,712,0.1775476000,2.138474
704,-318.0895628414,5.5862469673,0.1400000000,787,690,1000,0.1676476000,2.157092
705,-220.8426188644,4.0952053070,0.1400000000,802,669,1000,0.1577476000,2.179261
706,-152.9741754647,5.7190418243,0.1400000000,689,578,1000,0.1478476000,2.059767
707,-352.2983091442,6.1378316879,0.1400000000,865,709,1000,0.1379476000,2.020059
708,-199.2710835598,6.1691513062,0.1400000000,332,271,386,0.1341262000,2.141918
709,-377.6966931977,6.8270473480,0.1400000000,847,727,1000,0.1242262000,2.161853
710,-278.2819379457,5.2851972580,0.1400000000,836,717,1000,0.1143262000,1.990823
711,-391.6191368058,6.2732524872,0.1400000000,674,574,794,0.1064656000,1.948091
712,-343.5529415021,6.4157581329,0.1300000000,805,677,1000,0.0965656000,2.003269
713,-265.8037673749,7.8197069168,0.1300000000,810,681,1000,0.0866656000,2.071103
714,-389.6122659473,8.8124570847,0.1200000000,812,674,1000,0.0767656000,2.044056
715,-379.0371972901,8.2206096649,0.1200000000,786,675,1000,0.0668656000,2.103738
716,-390.5505850513,8.1199932098,0.1200000000,667,581,896,0.0579952000,2.024966
717,-321.7231736201,8.1623373032,0.1200000000,762,655,1000,0.0480952000,2.015002
718,-337.8309864500,9.6003894806,0.1200000000,766,656,1000,0.0381952000,2.024084
719,-333.2847661807,10.4990377426,0.1200000000,747,637,1000,0.0282952000,1.899911
720,-289.7513941383,10.7369613647,0.1200000000,746,629,1000,0.0183952000,1.943522
721,-285.1817735941,11.2930412292,0.1200000000,735,637,1000,0.0100000000,1.955590
722,-275.1673503605,11.2332868576,0.1200000000,724,625,1000,0.0100000000,1.874177
723,-254.4031745312,10.9347152710,0.1200000000,753,629,1000,0.0100000000,1.779097
724,-241.3834092352,11.9182043076,0.1200000000,741,646,1000,0.0100000000,1.776037
725,-462.1577109533,12.8804292679,0.1200000000,706,614,883,0.0100000000,1.711945
726,-259.0050141224,13.3515510559,0.1200000000,739,633,1000,0.0100000000,1.704946
727,-257.2764827069,11.7831830978,0.1200000000,370,309,464,0.0100000000,1.629807
728,-270.7593331155,11.6137666702,0.1200000000,807,684,1000,0.0100000000,1.694345
729,-217.2679206612,13.7619934082,0.1100000000,764,646,1000,0.0100000000,1.570798
730,-282.2543264735,14.5560150146,0.1100000000,820,685,1000,0.0100000000,1.583399
731,-262.9028316725,12.0973501205,0.1100000000,778,646,1000,0.0100000000,1.563304
732,-277.8079170504,12.3202247620,0.1100000000,774,655,1000,0.0100000000,1.572621
733,-247.6140062901,13.2774448395,0.1100000000,825,690,1000,0.0100000000,1.556724
734,-250.6596349992,13.9528369904,0.1100000000,788,665,1000,0.0100000000,1.502125
735,-269.5802497821,15.1117706299,0.1000000000,787,685,1000,0.0100000000,1.487064
736,-241.1200653038,14.5622777939,0.1000000000,757,646,1000,0.0100000000,1.490412
737,-134.9817923932,14.3029193878,0.1000000000,308,266,390,0.0100000000,1.548411
738,-252.5550267495,14.9918642044,0.1000000000,768,640,1000,0.0100000000,1.531091
739,-242.9549923164,15.8780479431,0.1000000000,786,673,1000,0.0100000000,1.516415
740,-281.5064027589,15.6777153015,0.0900000000,789,681,1000,0.0100000000,1.507604
741,-261.0627068962,14.7168178558,0.0800000000,805,669,1000,0.0100000000,1.522440
742,-274.8079173681,15.8572921753,0.0800000000,842,714,1000,0.0100000000,1.452034
743,-297.2421280970,15.0039968491,0.0800000000,824,708,1000,0.0100000000,1.507917
744,-247.9001332648,15.1333971024,0.0800000000,762,638,1000,0.0100000000,1.470607
745,-326.3740875720,14.9928035736,0.0800000000,843,705,1000,0.0100000000,1.469853
746,-210.7109289320,15.7172927856,0.0800000000,795,660,1000,0.0100000000,1.425258
747,-43.1255340269,14.6083202362,0.0800000000,569,496,676,0.0100000000,1.380574
748,-233.7353982397,13.5248966217,0.0800000000,828,697,1000,0.0100000000,1.389422
749,-282.8923919646,12.5880031586,0.0800000000,757,656,1000,0.0100000000,1.337918
750,283.7678960860,12.3599271774,0.0900000000,208,183,281,0.0100000000,1.409272
751,-222.8554454392,12.7486696243,0.0900000000,780,663,1000,0.0100000000,1.329391
752,-293.0724141022,13.1051120758,0.0900000000,783,661,1000,0.0100000000,1.298325
753,13.5089498464,12.9209766388,0.0800000000,140,120,186,0.0100000000,1.271506
754,-261.4239487531,12.2968969345,0.0800000000,845,717,1000,0.0100000000,1.250849
755,229.4123675925,12.7016811371,0.0900000000,295,238,417,0.0100000000,1.155829
756,-226.2501079402,11.7364940643,0.0900000000,771,675,1000,0.0100000000,1.211849
757,-230.2079390151,11.8494100571,0.0900000000,777,661,1000,0.0100000000,1.245424
758,-215.2583840507,12.2204999924,0.0900000000,767,657,1000,0.0100000000,1.233978
759,-240.9532491258,14.2198410034,0.0900000000,759,653,1000,0.0100000000,1.225716
760,-243.1933104179,12.9506349564,0.0900000000,849,717,1000,0.0100000000,1.210360
761,280.7684986190,13.0279159546,0.0900000000,218,179,352,0.0100000000,1.120081
762,-224.2315176410,11.9078741074,0.0900000000,803,683,1000,0.0100000000,1.215089
763,-273.6553254710,11.2830190659,0.0900000000,766,654,1000,0.0100000000,1.170927
764,-238.3932878350,11.7635984421,0.0800000000,732,623,1000,0.0100000000,1.154907
765,-255.5548293077,12.9163227081,0.0700000000,755,651,1000,0.0100000000,1.150467
766,-272.2797090362,13.0595417023,0.0700000000,813,687,1000,0.0100000000,1.134587
767,294.4558080081,11.7324523926,0.0800000000,187,160,315,0.0100000000,1.110565
768,-255.7985788187,12.3996133804,0.0800000000,782,659,1000,0.0100000000,1.150458
769,-268.5065089722,11.0380458832,0.0800000000,731,616,1000,0.0100000000,1.127829
770,-249.0266673516,12.6086883545,0.0800000000,791,667,1000,0.0100000000,1.091610
771,-222.2224650417,15.1274452209,0.0800000000,796,676,1000,0.0100000000,1.075483
772,-265.4250992311,14.9762763977,0.0800000000,739,647,1000,0.0100000000,1.090671
773,-252.8546108739,16.3422183990,0.0800000000,780,652,1000,0.0100000000,1.121778
774,110.0249252607,18.1692314148,0.0900000000,534,460,782,0.0100000000,1.091888
775,4.6874350179,16.7054519653,0.1000000000,703,617,978,0.0100000000,1.010688
776,141.0158088667,19.2186851501,0.1000000000,450,383,623,0.0100000000,0.971257
777,-235.7246121992,20.3285179138,0.1000000000,774,653,1000,0.0100000000,0.990682
778,113.2613118568,22.2157707214,0.1100000000,482,410,668,0.0100000000,0.975349
779,89.5587771205,22.5384845734,0.1200000000,483,413,692,0.0100000000,0.973636
780,231.5810838387,23.5583553314,0.1300000000,246,199,328,0.0100000000,0.950733
781,-278.0361010509,25.1975154877,0.1300000000,768,649,1000,0.0100000000,1.005221
782,101.3438728839,26.3256931305,0.1400000000,484,408,685,0.0100000000,0.923669
783,125.5229510605,26.7211074829,0.1500000000,449,378,649,0.0100000000,0.996846
784,-252.6707317103,28.4967765808,0.1400000000,718,635,1000,0.0100000000,0.897850
785,-225.4893065979,31.6884822845,0.1400000000,758,648,1000,0.0100000000,0.914854
786,-244.3734988150,31.2046184540,0.1400000000,748,645,1000,0.0100000000,0.846199
787,302.3010622809,33.0273475647,0.1500000000,145,126,220,0.0100000000,0.825561
788,-249.3039555719,33.0463333130,0.1500000000,706,626,1000,0.0100000000,0.871418
789,231.1781112460,33.4671592712,0.1500000000,206,176,321,0.0100000000,0.921703
790,-204.0337822319,35.6743698120,0.1500000000,747,644,1000,0.0100000000,0.841834
791,-163.0792294915,37.6919174194,0.1500000000,699,586,1000,0.0100000000,0.817303
792,-174.2575620124,38.4153938293,0.1500000000,720,638,1000,0.0100000000,0.797543
793,252.7969154678,41.5379562378,0.1600000000,282,237,552,0.0100000000,0.815084
794,118.2398199053,41.1210060120,0.1700000000,422,355,605,0.0100000000,0.792268
795,-349.6599416756,41.8550186157,0.1700000000,111,84,112,0.0100000000,0.740762
796,283.1225746877,43.4612350464,0.1800000000,154,134,205,0.0100000000,0.822326
797,230.5946338918,44.3146591187,0.1800000000,239,206,350,0.0100000000,0.828459
798,-96.5183481400,44.2175140381,0.1800000000,292,264,395,0.0100000000,0.848400
799,-114.7467602138,48.1277198792,0.1800000000,762,666,1000,0.0100000000,0.779406
800,218.8555590891,48.5649223328,0.1900000000,269,227,366,0.0100000000,0.757581
